Component: Arm Compiler for Embedded 6.23 Tool: armlink [5f102400]

==============================================================================

Section Cross References

    main.o(.text.main) refers to eeprom_lpc40xx.o(.text.eeprom_inicializar) for eeprom_inicializar
    main.o(.text.main) refers to motor.o(.text.SCORBOT_inicializar) for SCORBOT_inicializar
    main.o(.text.main) refers to uart_lpc40xx.o(.text.uart_inicializar) for uart_inicializar
    main.o(.text.main) refers to scorbot_er_iii.o(.text.SCORBOT_HOME) for SCORBOT_HOME
    main.o(.text.main) refers to scorbot_er_iii.o(.text.esperar_recibir_movimientos) for esperar_recibir_movimientos
    main.o(.text.main) refers to motor.o(.data.ptr_motores) for ptr_motores
    main.o(.text.main) refers to scorbot_er_iii.o(.text.mover_base) for mover_base
    main.o(.text.main) refers to scorbot_er_iii.o(.text.mover_hombro) for mover_hombro
    main.o(.text.main) refers to scorbot_er_iii.o(.text.mover_codo) for mover_codo
    main.o(.text.main) refers to scorbot_er_iii.o(.text.inclinar_pinza) for inclinar_pinza
    main.o(.text.main) refers to scorbot_er_iii.o(.text.rotar_pinza) for rotar_pinza
    main.o(.text.main) refers to scorbot_er_iii.o(.text.abrir_cerrar_pinza) for abrir_cerrar_pinza
    main.o(.text.main) refers to scorbot_er_iii.o(.text.devolver_grados_reales) for devolver_grados_reales
    main.o(.ARM.exidx.text.main) refers to main.o(.text.main) for [Anonymous Symbol]
    main.o(.text.GPIO_IRQHandler) refers to motor.o(.data.ptr_motores) for ptr_motores
    main.o(.text.GPIO_IRQHandler) refers to motor.o(.text.actualizarPID) for actualizarPID
    main.o(.text.GPIO_IRQHandler) refers to main.o(.text.gpio_leer_pin) for gpio_leer_pin
    main.o(.text.GPIO_IRQHandler) refers to motor.o(.bss.diferencial) for diferencial
    main.o(.text.GPIO_IRQHandler) refers to uart_lpc40xx.o(.text.uart_transmitir_int16) for uart_transmitir_int16
    main.o(.ARM.exidx.text.GPIO_IRQHandler) refers to main.o(.text.GPIO_IRQHandler) for [Anonymous Symbol]
    main.o(.ARM.exidx.text.gpio_leer_pin) refers to main.o(.text.gpio_leer_pin) for [Anonymous Symbol]
    motor.o(.text.pwm_inicializar) refers to system_lpc407x_8x_177x_8x.o(.data.PeripheralClock) for PeripheralClock
    motor.o(.text.pwm_inicializar) refers to dflt_clz.o(x$fpl$dfltu) for __aeabi_ui2d
    motor.o(.text.pwm_inicializar) refers to dmul.o(x$fpl$dmul) for __aeabi_dmul
    motor.o(.text.pwm_inicializar) refers to daddsub_clz.o(x$fpl$dadd) for __aeabi_dadd
    motor.o(.text.pwm_inicializar) refers to dfixu.o(x$fpl$dfixu) for __aeabi_d2uiz
    motor.o(.ARM.exidx.text.pwm_inicializar) refers to motor.o(.text.pwm_inicializar) for [Anonymous Symbol]
    motor.o(.text.motor_inicializar) refers to iocon_lpc40xx.o(.text.iocon_configurar_pin) for iocon_configurar_pin
    motor.o(.ARM.exidx.text.motor_inicializar) refers to motor.o(.text.motor_inicializar) for [Anonymous Symbol]
    motor.o(.text.encoder_inicializar) refers to motor.o(.text.__NVIC_ClearPendingIRQ) for __NVIC_ClearPendingIRQ
    motor.o(.text.encoder_inicializar) refers to motor.o(.text.__NVIC_EnableIRQ) for __NVIC_EnableIRQ
    motor.o(.text.encoder_inicializar) refers to motor.o(.text.__NVIC_SetPriority) for __NVIC_SetPriority
    motor.o(.ARM.exidx.text.encoder_inicializar) refers to motor.o(.text.encoder_inicializar) for [Anonymous Symbol]
    motor.o(.ARM.exidx.text.__NVIC_ClearPendingIRQ) refers to motor.o(.text.__NVIC_ClearPendingIRQ) for [Anonymous Symbol]
    motor.o(.ARM.exidx.text.__NVIC_EnableIRQ) refers to motor.o(.text.__NVIC_EnableIRQ) for [Anonymous Symbol]
    motor.o(.ARM.exidx.text.__NVIC_SetPriority) refers to motor.o(.text.__NVIC_SetPriority) for [Anonymous Symbol]
    motor.o(.ARM.exidx.text.microswitch_inicializar) refers to motor.o(.text.microswitch_inicializar) for [Anonymous Symbol]
    motor.o(.text.rele_inicializar) refers to gpio_lpc40xx.o(.text.gpio_ajustar_dir) for gpio_ajustar_dir
    motor.o(.text.rele_inicializar) refers to motor.o(.text.gpio_pin_a_0) for gpio_pin_a_0
    motor.o(.ARM.exidx.text.rele_inicializar) refers to motor.o(.text.rele_inicializar) for [Anonymous Symbol]
    motor.o(.ARM.exidx.text.gpio_pin_a_0) refers to motor.o(.text.gpio_pin_a_0) for [Anonymous Symbol]
    motor.o(.text.rele_ON) refers to motor.o(.text.gpio_pin_a_1) for gpio_pin_a_1
    motor.o(.ARM.exidx.text.rele_ON) refers to motor.o(.text.rele_ON) for [Anonymous Symbol]
    motor.o(.ARM.exidx.text.gpio_pin_a_1) refers to motor.o(.text.gpio_pin_a_1) for [Anonymous Symbol]
    motor.o(.text.rele_OFF) refers to motor.o(.text.gpio_pin_a_0) for gpio_pin_a_0
    motor.o(.ARM.exidx.text.rele_OFF) refers to motor.o(.text.rele_OFF) for [Anonymous Symbol]
    motor.o(.text.PID_inicializar) refers to timer_lpc40xx.o(.text.timer_poner_contador_a_0) for timer_poner_contador_a_0
    motor.o(.ARM.exidx.text.PID_inicializar) refers to motor.o(.text.PID_inicializar) for [Anonymous Symbol]
[...]
    ../fplib/usenofp.s                       0x00000000   Number         0  usenofp.o ABSOLUTE
    ../mathlib/fpclassify.c                  0x00000000   Number         0  fpclassify.o ABSOLUTE
    EEPROM_lpc40xx.c                         0x00000000   Number         0  eeprom_lpc40xx.o ABSOLUTE
    RTE/Device/LPC4088FET208/startup_LPC407x_8x_177x_8x.s 0x00000000   Number         0  startup_lpc407x_8x_177x_8x.o ABSOLUTE
    SCORBOT_ER_III.c                         0x00000000   Number         0  scorbot_er_iii.o ABSOLUTE
    dc.s                                     0x00000000   Number         0  dc.o ABSOLUTE
    error.c                                  0x00000000   Number         0  error.o ABSOLUTE
    fuente_12x24.c                           0x00000000   Number         0  fuente_12x24.o ABSOLUTE
    fuente_16x32.c                           0x00000000   Number         0  fuente_16x32.o ABSOLUTE
    fuente_8x16.c                            0x00000000   Number         0  fuente_8x16.o ABSOLUTE
    glcd.c                                   0x00000000   Number         0  glcd.o ABSOLUTE
    gpio_lpc40xx.c                           0x00000000   Number         0  gpio_lpc40xx.o ABSOLUTE
    i2c_lpc40xx.c                            0x00000000   Number         0  i2c_lpc40xx.o ABSOLUTE
    iocon_lpc40xx.c                          0x00000000   Number         0  iocon_lpc40xx.o ABSOLUTE
    joystick.c                               0x00000000   Number         0  joystick.o ABSOLUTE
    joystick_analogico.c                     0x00000000   Number         0  joystick_analogico.o ABSOLUTE
    lcd_hd44780_lpc40xx.c                    0x00000000   Number         0  lcd_hd44780_lpc40xx.o ABSOLUTE
    lcd_i2c_lpc40xx.c                        0x00000000   Number         0  lcd_i2c_lpc40xx.o ABSOLUTE
    main.c                                   0x00000000   Number         0  main.o ABSOLUTE
    menu_I2C.c                               0x00000000   Number         0  menu_i2c.o ABSOLUTE
    motor.c                                  0x00000000   Number         0  motor.o ABSOLUTE
    sdram.c                                  0x00000000   Number         0  sdram.o ABSOLUTE
    system_LPC407x_8x_177x_8x.c              0x00000000   Number         0  system_lpc407x_8x_177x_8x.o ABSOLUTE
    timer_lpc40xx.c                          0x00000000   Number         0  timer_lpc40xx.o ABSOLUTE
    uart_lpc40xx.c                           0x00000000   Number         0  uart_lpc40xx.o ABSOLUTE
    RESET                                    0x00000000   Section      228  startup_lpc407x_8x_177x_8x.o(RESET)
    !!!main                                  0x000000e4   Section        8  __main.o(!!!main)
    !!!scatter                               0x000000ec   Section       92  __scatter.o(!!!scatter)
    !!dczerorl2                              0x00000148   Section       90  __dczerorl2.o(!!dczerorl2)
    !!handler_null                           0x000001a4   Section        2  __scatter.o(!!handler_null)
    !!handler_zi                             0x000001a8   Section       28  __scatter_zi.o(!!handler_zi)
    .ARM.Collect$$_printf_percent$$00000000  0x000001c4   Section        0  _printf_percent.o(.ARM.Collect$$_printf_percent$$00000000)
    .ARM.Collect$$_printf_percent$$0000000A  0x000001c4   Section        6  _printf_u.o(.ARM.Collect$$_printf_percent$$0000000A)
    .ARM.Collect$$_printf_percent$$00000014  0x000001ca   Section        6  _printf_s.o(.ARM.Collect$$_printf_percent$$00000014)
    .ARM.Collect$$_printf_percent$$00000017  0x000001d0   Section        4  _printf_percent_end.o(.ARM.Collect$$_printf_percent$$00000017)
    .ARM.Collect$$libinit$$00000000          0x000001d4   Section        2  libinit.o(.ARM.Collect$$libinit$$00000000)
    .ARM.Collect$$libinit$$00000001          0x000001d6   Section        4  libinit2.o(.ARM.Collect$$libinit$$00000001)
    .ARM.Collect$$libinit$$00000004          0x000001da   Section        0  libinit2.o(.ARM.Collect$$libinit$$00000004)
    .ARM.Collect$$libinit$$00000006          0x000001da   Section        0  libinit2.o(.ARM.Collect$$libinit$$00000006)
    .ARM.Collect$$libinit$$0000000C          0x000001da   Section        0  libinit2.o(.ARM.Collect$$libinit$$0000000C)
    .ARM.Collect$$libinit$$0000000E          0x000001da   Section        0  libinit2.o(.ARM.Collect$$libinit$$0000000E)
    .ARM.Collect$$libinit$$00000010          0x000001da   Section        0  libinit2.o(.ARM.Collect$$libinit$$00000010)
    .ARM.Collect$$libinit$$00000013          0x000001da   Section        0  libinit2.o(.ARM.Collect$$libinit$$00000013)
    .ARM.Collect$$libinit$$00000015          0x000001da   Section        0  libinit2.o(.ARM.Collect$$libinit$$00000015)
    .ARM.Collect$$libinit$$00000017          0x000001da   Section        0  libinit2.o(.ARM.Collect$$libinit$$00000017)
    .ARM.Collect$$libinit$$00000019          0x000001da   Section        0  libinit2.o(.ARM.Collect$$libinit$$00000019)
    .ARM.Collect$$libinit$$0000001B          0x000001da   Section        0  libinit2.o(.ARM.Collect$$libinit$$0000001B)
    .ARM.Collect$$libinit$$0000001D          0x000001da   Section        0  libinit2.o(.ARM.Collect$$libinit$$0000001D)
    .ARM.Collect$$libinit$$0000001F          0x000001da   Section        0  libinit2.o(.ARM.Collect$$libinit$$0000001F)
    .ARM.Collect$$libinit$$00000021          0x000001da   Section        0  libinit2.o(.ARM.Collect$$libinit$$00000021)
    .ARM.Collect$$libinit$$00000023          0x000001da   Section        0  libinit2.o(.ARM.Collect$$libinit$$00000023)
    .ARM.Collect$$libinit$$00000025          0x000001da   Section        0  libinit2.o(.ARM.Collect$$libinit$$00000025)
    .ARM.Collect$$libinit$$00000027          0x000001da   Section        0  libinit2.o(.ARM.Collect$$libinit$$00000027)
    .ARM.Collect$$libinit$$0000002E          0x000001da   Section        0  libinit2.o(.ARM.Collect$$libinit$$0000002E)
    .ARM.Collect$$libinit$$00000030          0x000001da   Section        0  libinit2.o(.ARM.Collect$$libinit$$00000030)
    .ARM.Collect$$libinit$$00000032          0x000001da   Section        0  libinit2.o(.ARM.Collect$$libinit$$00000032)
    .ARM.Collect$$libinit$$00000034          0x000001da   Section        0  libinit2.o(.ARM.Collect$$libinit$$00000034)
    .ARM.Collect$$libinit$$00000035          0x000001da   Section        2  libinit2.o(.ARM.Collect$$libinit$$00000035)
    .ARM.Collect$$libshutdown$$00000000      0x000001dc   Section        2  libshutdown.o(.ARM.Collect$$libshutdown$$00000000)
    .ARM.Collect$$libshutdown$$00000002      0x000001de   Section        0  libshutdown2.o(.ARM.Collect$$libshutdown$$00000002)
    .ARM.Collect$$libshutdown$$00000004      0x000001de   Section        0  libshutdown2.o(.ARM.Collect$$libshutdown$$00000004)
    .ARM.Collect$$libshutdown$$00000007      0x000001de   Section        0  libshutdown2.o(.ARM.Collect$$libshutdown$$00000007)
    .ARM.Collect$$libshutdown$$0000000A      0x000001de   Section        0  libshutdown2.o(.ARM.Collect$$libshutdown$$0000000A)
    .ARM.Collect$$libshutdown$$0000000C      0x000001de   Section        0  libshutdown2.o(.ARM.Collect$$libshutdown$$0000000C)
    .ARM.Collect$$libshutdown$$0000000F      0x000001de   Section        0  libshutdown2.o(.ARM.Collect$$libshutdown$$0000000F)
    .ARM.Collect$$libshutdown$$00000010      0x000001de   Section        2  libshutdown2.o(.ARM.Collect$$libshutdown$$00000010)
    .ARM.Collect$$rtentry$$00000000          0x000001e0   Section        0  __rtentry.o(.ARM.Collect$$rtentry$$00000000)
    .ARM.Collect$$rtentry$$00000002          0x000001e0   Section        0  __rtentry2.o(.ARM.Collect$$rtentry$$00000002)
    .ARM.Collect$$rtentry$$00000004          0x000001e0   Section        6  __rtentry4.o(.ARM.Collect$$rtentry$$00000004)
    .ARM.Collect$$rtentry$$00000009          0x000001e6   Section        0  __rtentry2.o(.ARM.Collect$$rtentry$$00000009)
    .ARM.Collect$$rtentry$$0000000A          0x000001e6   Section        4  __rtentry2.o(.ARM.Collect$$rtentry$$0000000A)
    .ARM.Collect$$rtentry$$0000000C          0x000001ea   Section        0  __rtentry2.o(.ARM.Collect$$rtentry$$0000000C)
    .ARM.Collect$$rtentry$$0000000D          0x000001ea   Section        8  __rtentry2.o(.ARM.Collect$$rtentry$$0000000D)
    .ARM.Collect$$rtexit$$00000000           0x000001f2   Section        2  rtexit.o(.ARM.Collect$$rtexit$$00000000)
    .ARM.Collect$$rtexit$$00000002           0x000001f4   Section        0  rtexit2.o(.ARM.Collect$$rtexit$$00000002)
    .ARM.Collect$$rtexit$$00000003           0x000001f4   Section        4  rtexit2.o(.ARM.Collect$$rtexit$$00000003)
    .ARM.Collect$$rtexit$$00000004           0x000001f8   Section        6  rtexit2.o(.ARM.Collect$$rtexit$$00000004)
    $v0                                      0x00000200   Number         0  startup_lpc407x_8x_177x_8x.o(.text)
    .text                                    0x00000200   Section       60  startup_lpc407x_8x_177x_8x.o(.text)
    .text                                    0x0000023c   Section        0  __2printf.o(.text)
    .text                                    0x00000254   Section        0  _printf_str.o(.text)
    .text                                    0x000002a6   Section        0  heapauxi.o(.text)
    .text                                    0x000002ac   Section        0  _printf_char.o(.text)
    .text                                    0x000002d8   Section        0  _printf_char_file.o(.text)
    .ARM.__at_0x02FC                         0x000002fc   Section        4  startup_lpc407x_8x_177x_8x.o(.ARM.__at_0x02FC)
    .text                                    0x00000300   Section        0  _printf_dec.o(.text)
    .text                                    0x00000378   Section        0  __printf_flags_ss_wp.o(.text)
    .text                                    0x00000500   Section        0  _printf_intcommon.o(.text)
    .text                                    0x000005b2   Section        2  use_no_semi_2.o(.text)
    _printf_input_char                       0x000005b5   Thumb Code    10  _printf_char_common.o(.text)
    .text                                    0x000005b4   Section        0  _printf_char_common.o(.text)
    .text                                    0x000005e4   Section      122  rt_memmove_w.o(.text)
    .text                                    0x0000065e   Section        2  use_no_semi.o(.text)
    .text                                    0x00000660   Section       74  sys_stackheap_outer.o(.text)
    .text                                    0x000006aa   Section        0  exit.o(.text)
    .text                                    0x000006bc   Section      100  rt_memcpy_w.o(.text)
    .text                                    0x00000720   Section        8  libspace.o(.text)
    [Anonymous Symbol]                       0x00000728   Section        0  main.o(.text.GPIO_IRQHandler)
    [Anonymous Symbol]                       0x000009ec   Section        0  error.o(.text.HardFault_Handler)
    [Anonymous Symbol]                       0x00000a20   Section        0  motor.o(.text.PID_inicializar)
    [Anonymous Symbol]                       0x00000a94   Section        0  scorbot_er_iii.o(.text.SCORBOT_HOME)
    [Anonymous Symbol]                       0x00000ca4   Section        0  motor.o(.text.SCORBOT_inicializar)
    [Anonymous Symbol]                       0x00000e0c   Section        0  system_lpc407x_8x_177x_8x.o(.text.SystemCoreClockUpdate)
    [Anonymous Symbol]                       0x0000133c   Section        0  system_lpc407x_8x_177x_8x.o(.text.SystemInit)
    __NVIC_ClearPendingIRQ                   0x00001479   Thumb Code    48  motor.o(.text.__NVIC_ClearPendingIRQ)
    [Anonymous Symbol]                       0x00001478   Section        0  motor.o(.text.__NVIC_ClearPendingIRQ)
    __NVIC_EnableIRQ                         0x000014a9   Thumb Code    48  motor.o(.text.__NVIC_EnableIRQ)
    [Anonymous Symbol]                       0x000014a8   Section        0  motor.o(.text.__NVIC_EnableIRQ)
    __NVIC_SetPriority                       0x000014d9   Thumb Code    66  motor.o(.text.__NVIC_SetPriority)
    [Anonymous Symbol]                       0x000014d8   Section        0  motor.o(.text.__NVIC_SetPriority)
    [Anonymous Symbol]                       0x0000151c   Section        0  glcd.o(.text._sys_exit)
    [Anonymous Symbol]                       0x00001538   Section        0  scorbot_er_iii.o(.text.abrir_cerrar_pinza)
    [Anonymous Symbol]                       0x00001560   Section        0  motor.o(.text.actualizarPID)
    [Anonymous Symbol]                       0x00001680   Section        0  scorbot_er_iii.o(.text.base_HOME)
    [Anonymous Symbol]                       0x000016ec   Section        0  motor.o(.text.calculatePID)
    [Anonymous Symbol]                       0x000017ec   Section        0  scorbot_er_iii.o(.text.codo_HOME)
    [Anonymous Symbol]                       0x00001830   Section        0  motor.o(.text.convertir_grados_pulsos)
    [Anonymous Symbol]                       0x00001868   Section        0  scorbot_er_iii.o(.text.convertir_pulsos_grados)
    [Anonymous Symbol]                       0x000018a4   Section        0  motor.o(.text.determinar_estado_encoder)
    [Anonymous Symbol]                       0x00001918   Section        0  scorbot_er_iii.o(.text.devolver_grados_reales)
    [Anonymous Symbol]                       0x00001998   Section        0  eeprom_lpc40xx.o(.text.eeprom_escribir_16bit)
    [Anonymous Symbol]                       0x000019f8   Section        0  eeprom_lpc40xx.o(.text.eeprom_esperar_programa)
    [Anonymous Symbol]                       0x00001a20   Section        0  eeprom_lpc40xx.o(.text.eeprom_esperar_rw)
    [Anonymous Symbol]                       0x00001a48   Section        0  eeprom_lpc40xx.o(.text.eeprom_inicializar)
    [Anonymous Symbol]                       0x00001a70   Section        0  eeprom_lpc40xx.o(.text.eeprom_leer_16bit)
    [Anonymous Symbol]                       0x00001ac0   Section        0  motor.o(.text.encoder_inicializar)
    [Anonymous Symbol]                       0x00001b24   Section        0  scorbot_er_iii.o(.text.esperar_recibir_movimientos)
    [Anonymous Symbol]                       0x00001b6c   Section        0  glcd.o(.text.ferror)
    [Anonymous Symbol]                       0x00001b7c   Section        0  system_lpc407x_8x_177x_8x.o(.text.fpu_init)
    [Anonymous Symbol]                       0x00001c00   Section        0  glcd.o(.text.fputc)
    [Anonymous Symbol]                       0x00001da8   Section        0  glcd.o(.text.glcd_caracter)
    [Anonymous Symbol]                       0x00001e94   Section        0  gpio_lpc40xx.o(.text.gpio_ajustar_dir)
    gpio_leer_pin                            0x00001f41   Thumb Code    24  main.o(.text.gpio_leer_pin)
    [Anonymous Symbol]                       0x00001f40   Section        0  main.o(.text.gpio_leer_pin)
    gpio_leer_pin                            0x00001f59   Thumb Code    24  motor.o(.text.gpio_leer_pin)
    [Anonymous Symbol]                       0x00001f58   Section        0  motor.o(.text.gpio_leer_pin)
    gpio_leer_pin                            0x00001f71   Thumb Code    24  scorbot_er_iii.o(.text.gpio_leer_pin)
    [Anonymous Symbol]                       0x00001f70   Section        0  scorbot_er_iii.o(.text.gpio_leer_pin)
    gpio_pin_a_0                             0x00001f89   Thumb Code    16  motor.o(.text.gpio_pin_a_0)
    [Anonymous Symbol]                       0x00001f88   Section        0  motor.o(.text.gpio_pin_a_0)
    gpio_pin_a_1                             0x00001f99   Thumb Code    16  motor.o(.text.gpio_pin_a_1)
    [Anonymous Symbol]                       0x00001f98   Section        0  motor.o(.text.gpio_pin_a_1)
    [Anonymous Symbol]                       0x00001fa8   Section        0  motor.o(.text.guardar_posicion)
    [Anonymous Symbol]                       0x00001fd4   Section        0  scorbot_er_iii.o(.text.hombro_HOME)
    [Anonymous Symbol]                       0x0000209c   Section        0  scorbot_er_iii.o(.text.inclinacion_HOME)
    [Anonymous Symbol]                       0x00002108   Section        0  scorbot_er_iii.o(.text.inclinar_pinza)
    [Anonymous Symbol]                       0x00002144   Section        0  iocon_lpc40xx.o(.text.iocon_configurar_pin)
    [Anonymous Symbol]                       0x000022cc   Section        0  main.o(.text.main)
    [Anonymous Symbol]                       0x0000236c   Section        0  motor.o(.text.microswitch_inicializar)
    [Anonymous Symbol]                       0x00002374   Section        0  motor.o(.text.motor_ajustar_posicion_absoluta)
    [Anonymous Symbol]                       0x000023a8   Section        0  motor.o(.text.motor_ajustar_posicion_absoluta_diferencial)
    [Anonymous Symbol]                       0x000023e4   Section        0  motor.o(.text.motor_ajustar_posicion_relativa)
    [Anonymous Symbol]                       0x00002490   Section        0  motor.o(.text.motor_ajustar_posicion_relativa_diferencial)
    [Anonymous Symbol]                       0x00002828   Section        0  motor.o(.text.motor_ajustar_velocidad)
    [Anonymous Symbol]                       0x00002aa4   Section        0  motor.o(.text.motor_inicializar)
    [Anonymous Symbol]                       0x00002b64   Section        0  scorbot_er_iii.o(.text.mover_base)
    [Anonymous Symbol]                       0x00002ba0   Section        0  scorbot_er_iii.o(.text.mover_codo)
    [Anonymous Symbol]                       0x00002be8   Section        0  scorbot_er_iii.o(.text.mover_hombro)
    [Anonymous Symbol]                       0x00002c24   Section        0  error.o(.text.parar_con_error)
    [Anonymous Symbol]                       0x00002cb8   Section        0  motor.o(.text.pwm_inicializar)
    [Anonymous Symbol]                       0x00002ea8   Section        0  motor.o(.text.rele_ON)
    [Anonymous Symbol]                       0x00002ebc   Section        0  motor.o(.text.rele_inicializar)
    [Anonymous Symbol]                       0x00002ee4   Section        0  scorbot_er_iii.o(.text.rotacion_HOME)
    [Anonymous Symbol]                       0x00002f4c   Section        0  scorbot_er_iii.o(.text.rotar_pinza)
    [Anonymous Symbol]                       0x00002f94   Section        0  timer_lpc40xx.o(.text.timer_inicializar)
    [Anonymous Symbol]                       0x00003038   Section        0  timer_lpc40xx.o(.text.timer_iniciar_conteo_us)
    [Anonymous Symbol]                       0x000030d0   Section        0  timer_lpc40xx.o(.text.timer_leer)
    [Anonymous Symbol]                       0x00003130   Section        0  timer_lpc40xx.o(.text.timer_poner_contador_a_0)
    [Anonymous Symbol]                       0x000031b8   Section        0  timer_lpc40xx.o(.text.timer_retardo_ms)
    uart_calcular_baudrate                   0x00003269   Thumb Code   672  uart_lpc40xx.o(.text.uart_calcular_baudrate)
    [Anonymous Symbol]                       0x00003268   Section        0  uart_lpc40xx.o(.text.uart_calcular_baudrate)
    [Anonymous Symbol]                       0x00003510   Section        0  uart_lpc40xx.o(.text.uart_esperar_recibir_dato)
    [Anonymous Symbol]                       0x0000359c   Section        0  uart_lpc40xx.o(.text.uart_inicializar)
    [Anonymous Symbol]                       0x000038b4   Section        0  uart_lpc40xx.o(.text.uart_recibir_int16)
    [Anonymous Symbol]                       0x000038e0   Section        0  uart_lpc40xx.o(.text.uart_transmitir_dato)
    [Anonymous Symbol]                       0x00003978   Section        0  uart_lpc40xx.o(.text.uart_transmitir_int16)
    i._is_digit                              0x000039aa   Section        0  __printf_wp.o(i._is_digit)
    $v0                                      0x000039b8   Number         0  d2f.o(x$fpl$d2f)
    x$fpl$d2f                                0x000039b8   Section       98  d2f.o(x$fpl$d2f)
    $v0                                      0x00003a1c   Number         0  daddsub_clz.o(x$fpl$dadd)
    x$fpl$dadd                               0x00003a1c   Section      336  daddsub_clz.o(x$fpl$dadd)
    _dadd1                                   0x00003a2d   Thumb Code     0  daddsub_clz.o(x$fpl$dadd)
    $v0                                      0x00003b6c   Number         0  dcmpi.o(x$fpl$dcmpinf)
    x$fpl$dcmpinf                            0x00003b6c   Section       24  dcmpi.o(x$fpl$dcmpinf)
    $v0                                      0x00003b84   Number         0  deqf.o(x$fpl$deqf)
    x$fpl$deqf                               0x00003b84   Section      120  deqf.o(x$fpl$deqf)
    $v0                                      0x00003bfc   Number         0  dfixu.o(x$fpl$dfixu)
    x$fpl$dfixu                              0x00003bfc   Section       90  dfixu.o(x$fpl$dfixu)
    $v0                                      0x00003c56   Number         0  dflt_clz.o(x$fpl$dfltu)
    x$fpl$dfltu                              0x00003c56   Section       38  dflt_clz.o(x$fpl$dfltu)
    $v0                                      0x00003c7c   Number         0  dgeqf.o(x$fpl$dgeqf)
    x$fpl$dgeqf                              0x00003c7c   Section      120  dgeqf.o(x$fpl$dgeqf)
    $v0                                      0x00003cf4   Number         0  dleqf.o(x$fpl$dleqf)
    x$fpl$dleqf                              0x00003cf4   Section      120  dleqf.o(x$fpl$dleqf)
    $v0                                      0x00003d6c   Number         0  dmul.o(x$fpl$dmul)
    x$fpl$dmul                               0x00003d6c   Section      340  dmul.o(x$fpl$dmul)
    $v0                                      0x00003ec0   Number         0  dnaninf.o(x$fpl$dnaninf)
    x$fpl$dnaninf                            0x00003ec0   Section      156  dnaninf.o(x$fpl$dnaninf)
    $v0                                      0x00003f5c   Number         0  dretinf.o(x$fpl$dretinf)
    x$fpl$dretinf                            0x00003f5c   Section       12  dretinf.o(x$fpl$dretinf)
    $v0                                      0x00003f68   Number         0  daddsub_clz.o(x$fpl$dsub)
    x$fpl$dsub                               0x00003f68   Section      476  daddsub_clz.o(x$fpl$dsub)
    _dsub1                                   0x00003f79   Thumb Code     0  daddsub_clz.o(x$fpl$dsub)
    $v0                                      0x00004144   Number         0  f2d.o(x$fpl$f2d)
    x$fpl$f2d                                0x00004144   Section       86  f2d.o(x$fpl$f2d)
    $v0                                      0x0000419a   Number         0  dcmp.o(x$fpl$fcmp)
    x$fpl$fcmp                               0x0000419a   Section       84  dcmp.o(x$fpl$fcmp)
    $v0                                      0x000041ee   Number         0  fnaninf.o(x$fpl$fnaninf)
    x$fpl$fnaninf                            0x000041ee   Section      140  fnaninf.o(x$fpl$fnaninf)
    $v0                                      0x0000427a   Number         0  fpinit.o(x$fpl$fpinit)
    x$fpl$fpinit                             0x0000427a   Section       26  fpinit.o(x$fpl$fpinit)
    $v0                                      0x00004294   Number         0  fretinf.o(x$fpl$fretinf)
    x$fpl$fretinf                            0x00004294   Section       10  fretinf.o(x$fpl$fretinf)
    maptable                                 0x0000429e   Data          17  __printf_flags_ss_wp.o(.constdata)
    .constdata                               0x0000429e   Section       17  __printf_flags_ss_wp.o(.constdata)
    x$fpl$usenofp                            0x0000429e   Section        0  usenofp.o(x$fpl$usenofp)
    [Anonymous Symbol]                       0x0000b2ec   Section        0  uart_lpc40xx.o(.rodata.str1.1)
    .L.str.3                                 0x0000b2fa   Data          33  uart_lpc40xx.o(.rodata.str1.1)
    .L.str.1                                 0x0000b339   Data          40  uart_lpc40xx.o(.rodata.str1.1)
    .L.str.4                                 0x0000b361   Data          48  uart_lpc40xx.o(.rodata.str1.1)
    .L.str.2                                 0x0000b391   Data          49  uart_lpc40xx.o(.rodata.str1.1)
    .L__FUNCTION__.uart_hay_dato_disponible  0x0000b3cb   Data          25  uart_lpc40xx.o(.rodata.str1.1)
    .L__FUNCTION__.uart_leer_dato            0x0000b3e4   Data          15  uart_lpc40xx.o(.rodata.str1.1)
    .L.str                                   0x0000b3ed   Data          15  uart_lpc40xx.o(.rodata.str1.1)
    .L__FUNCTION__.uart_transmitir_cadena    0x0000b40d   Data          23  uart_lpc40xx.o(.rodata.str1.1)
    .L.str.5                                 0x0000b424   Data          14  uart_lpc40xx.o(.rodata.str1.1)
    .L__FUNCTION__.uart_esperar_recibir_dato 0x0000b424   Data          26  uart_lpc40xx.o(.rodata.str1.1)
    .L__FUNCTION__.uart_recibir_cadena       0x0000b432   Data          20  uart_lpc40xx.o(.rodata.str1.1)
    .L__FUNCTION__.uart_transmitir_dato      0x0000b43e   Data          21  uart_lpc40xx.o(.rodata.str1.1)
    .L.str.6                                 0x0000b446   Data          30  uart_lpc40xx.o(.rodata.str1.1)
    .L__FUNCTION__.uart_inicializar          0x0000b453   Data          17  uart_lpc40xx.o(.rodata.str1.1)
    .L.str                                   0x0000b464   Data          16  timer_lpc40xx.o(.rodata.str1.1)
    [Anonymous Symbol]                       0x0000b464   Section        0  timer_lpc40xx.o(.rodata.str1.1)
    .L.str.1                                 0x0000b474   Data          22  timer_lpc40xx.o(.rodata.str1.1)
    .L.str.2                                 0x0000b48a   Data          15  gpio_lpc40xx.o(.rodata.str1.1)
    .L__FUNCTION__.timer_iniciar_ciclos_ms   0x0000b48a   Data          24  timer_lpc40xx.o(.rodata.str1.1)
    [Anonymous Symbol]                       0x0000b48a   Section        0  gpio_lpc40xx.o(.rodata.str1.1)
    .L.str.1                                 0x0000b499   Data          18  gpio_lpc40xx.o(.rodata.str1.1)
    .L.str.2                                 0x0000b4a2   Data          26  timer_lpc40xx.o(.rodata.str1.1)
    .L.str                                   0x0000b4ab   Data          15  gpio_lpc40xx.o(.rodata.str1.1)
    .L__FUNCTION__.gpio_ajustar_dir          0x0000b4ba   Data          17  gpio_lpc40xx.o(.rodata.str1.1)
    .L__FUNCTION__.timer_iniciar_ciclos_us   0x0000b4bc   Data          24  timer_lpc40xx.o(.rodata.str1.1)
    .L.str.5                                 0x0000b4cb   Data          37  iocon_lpc40xx.o(.rodata.str1.1)
    .L__FUNCTION__.gpio_obtener_dir          0x0000b4cb   Data          17  gpio_lpc40xx.o(.rodata.str1.1)
    [Anonymous Symbol]                       0x0000b4cb   Section        0  iocon_lpc40xx.o(.rodata.str1.1)
    .L__FUNCTION__.timer_esperar_fin_ciclo   0x0000b4d4   Data          24  timer_lpc40xx.o(.rodata.str1.1)
    .L.str.3                                 0x0000b4f0   Data          57  iocon_lpc40xx.o(.rodata.str1.1)
    .L.str                                   0x0000b529   Data          16  iocon_lpc40xx.o(.rodata.str1.1)
    .L__FUNCTION__.iocon_configurar_pin      0x0000b539   Data          21  iocon_lpc40xx.o(.rodata.str1.1)
    .L.str.1                                 0x0000b54e   Data          19  glcd.o(.rodata.str1.1)
    [Anonymous Symbol]                       0x0000b54e   Section        0  glcd.o(.rodata.str1.1)
    .L.str                                   0x0000b561   Data           7  glcd.o(.rodata.str1.1)
    .L__FUNCTION__.glcd_texto                0x0000b568   Data          11  glcd.o(.rodata.str1.1)
    tabla_fuentes                            0x0000b568   Data          12  glcd.o(.rodata.tabla_fuentes)
    [Anonymous Symbol]                       0x0000b568   Section        0  glcd.o(.rodata.tabla_fuentes)
    tabla_funciones_pines                    0x0000b574   Data        3072  iocon_lpc40xx.o(.rodata.tabla_funciones_pines)
    [Anonymous Symbol]                       0x0000b574   Section        0  iocon_lpc40xx.o(.rodata.tabla_funciones_pines)
    color_texto_actual                       0x10000010   Data           2  glcd.o(.data.color_texto_actual)
    [Anonymous Symbol]                       0x10000010   Section        0  glcd.o(.data.color_texto_actual)
    desplazamiento_activado                  0x10000012   Data           1  glcd.o(.data.desplazamiento_activado)
    [Anonymous Symbol]                       0x10000012   Section        0  glcd.o(.data.desplazamiento_activado)
    fuente_actual                            0x10000014   Data           4  glcd.o(.data.fuente_actual)
    [Anonymous Symbol]                       0x10000014   Section        0  glcd.o(.data.fuente_actual)
    .bss                                     0x10000438   Section       96  libspace.o(.bss)
    color_fondo_texto_actual                 0x1000049c   Data           2  glcd.o(.bss.color_fondo_texto_actual)
    [Anonymous Symbol]                       0x1000049c   Section        0  glcd.o(.bss.color_fondo_texto_actual)
    x_texto_actual                           0x100004a0   Data           4  glcd.o(.bss.x_texto_actual)
    [Anonymous Symbol]                       0x100004a0   Section        0  glcd.o(.bss.x_texto_actual)
    y_texto_actual                           0x100004a4   Data           4  glcd.o(.bss.y_texto_actual)
    [Anonymous Symbol]                       0x100004a4   Section        0  glcd.o(.bss.y_texto_actual)
    Heap_Mem                                 0x100004a8   Data           0  startup_lpc407x_8x_177x_8x.o(HEAP)
    Stack_Mem                                0x100004a8   Data        1024  startup_lpc407x_8x_177x_8x.o(STACK)
    HEAP                                     0x100004a8   Section        0  startup_lpc407x_8x_177x_8x.o(HEAP)
    STACK                                    0x100004a8   Section     1024  startup_lpc407x_8x_177x_8x.o(STACK)
    __initial_sp                             0x100008a8   Data           0  startup_lpc407x_8x_177x_8x.o(STACK)

    Global Symbols

    Symbol Name                              Value     Ov Type        Size  Object(Section)

    BuildAttributes$$THM_ISAv4$E$P$D$K$B$S$7EM$VFPi3$EXTD16$VFPS$VFMA$PE$A:L22UL41UL21$X:L11$S22US41US21$IEEE1$IW$~IW$USESV6$~STKCKD$USESV7$~SHL$OTIME$ROPI$IEEEJ$EBA8$UX$STANDARDLIB$REQ8$PRES8$EABIv2 0x00000000   Number         0  anon$$obj.o ABSOLUTE
    __Vectors                                0x00000000   Data           4  startup_lpc407x_8x_177x_8x.o(RESET)
    _printf_flags                            0x00000000   Number         0  printf_stubs.o ABSOLUTE
    _printf_return_value                     0x00000000   Number         0  printf_stubs.o ABSOLUTE
    _printf_sizespec                         0x00000000   Number         0  printf_stubs.o ABSOLUTE
    _printf_widthprec                        0x00000000   Number         0  printf_stubs.o ABSOLUTE
    __ARM_exceptions_init                     - Undefined Weak Reference
    __alloca_initialize                       - Undefined Weak Reference
    __arm_preinit_                            - Undefined Weak Reference
    __arm_relocate_pie_                       - Undefined Weak Reference
    __cpp_initialize__aeabi_                  - Undefined Weak Reference
    __cxa_finalize                            - Undefined Weak Reference
    __sigvec_lookup                           - Undefined Weak Reference
    _atexit_init                              - Undefined Weak Reference
    _call_atexit_fns                          - Undefined Weak Reference
    _clock_init                               - Undefined Weak Reference
    _fp_trap_init                             - Undefined Weak Reference
    _fp_trap_shutdown                         - Undefined Weak Reference
    _get_lc_collate                           - Undefined Weak Reference
    _get_lc_monetary                          - Undefined Weak Reference
    _get_lc_time                              - Undefined Weak Reference
    _getenv_init                              - Undefined Weak Reference
    _handle_redirection                       - Undefined Weak Reference
    _init_alloc                               - Undefined Weak Reference
    _init_user_alloc                          - Undefined Weak Reference
    _initio                                   - Undefined Weak Reference
    _printf_mbtowc                            - Undefined Weak Reference
    _printf_wc                                - Undefined Weak Reference
    _rand_init                                - Undefined Weak Reference
    _signal_finish                            - Undefined Weak Reference
    _signal_init                              - Undefined Weak Reference
    _terminate_alloc                          - Undefined Weak Reference
    _terminate_user_alloc                     - Undefined Weak Reference
    _terminateio                              - Undefined Weak Reference
    __main                                   0x000000e5   Thumb Code     8  __main.o(!!!main)
    __scatterload                            0x000000ed   Thumb Code     0  __scatter.o(!!!scatter)
    __scatterload_rt2                        0x000000ed   Thumb Code    84  __scatter.o(!!!scatter)
    __scatterload_rt2_thumb_only             0x000000ed   Thumb Code     0  __scatter.o(!!!scatter)
    __scatterload_loop                       0x000000f7   Thumb Code     0  __scatter.o(!!!scatter)
    __decompress                             0x00000149   Thumb Code    90  __dczerorl2.o(!!dczerorl2)
    __decompress1                            0x00000149   Thumb Code     0  __dczerorl2.o(!!dczerorl2)
    __scatterload_null                       0x000001a5   Thumb Code     2  __scatter.o(!!handler_null)
    __scatterload_zeroinit                   0x000001a9   Thumb Code    28  __scatter_zi.o(!!handler_zi)
    _printf_percent                          0x000001c5   Thumb Code     0  _printf_percent.o(.ARM.Collect$$_printf_percent$$00000000)
    _printf_u                                0x000001c5   Thumb Code     0  _printf_u.o(.ARM.Collect$$_printf_percent$$0000000A)
    _printf_s                                0x000001cb   Thumb Code     0  _printf_s.o(.ARM.Collect$$_printf_percent$$00000014)
    _printf_percent_end                      0x000001d1   Thumb Code     0  _printf_percent_end.o(.ARM.Collect$$_printf_percent$$00000017)
    __rt_lib_init                            0x000001d5   Thumb Code     0  libinit.o(.ARM.Collect$$libinit$$00000000)
    __rt_lib_init_fp_1                       0x000001d7   Thumb Code     0  libinit2.o(.ARM.Collect$$libinit$$00000001)
    __rt_lib_init_alloca_1                   0x000001db   Thumb Code     0  libinit2.o(.ARM.Collect$$libinit$$00000030)
    __rt_lib_init_argv_1                     0x000001db   Thumb Code     0  libinit2.o(.ARM.Collect$$libinit$$0000002E)
    __rt_lib_init_atexit_1                   0x000001db   Thumb Code     0  libinit2.o(.ARM.Collect$$libinit$$0000001D)
    __rt_lib_init_clock_1                    0x000001db   Thumb Code     0  libinit2.o(.ARM.Collect$$libinit$$00000023)
    __rt_lib_init_cpp_1                      0x000001db   Thumb Code     0  libinit2.o(.ARM.Collect$$libinit$$00000034)
    __rt_lib_init_exceptions_1               0x000001db   Thumb Code     0  libinit2.o(.ARM.Collect$$libinit$$00000032)
    __rt_lib_init_fp_trap_1                  0x000001db   Thumb Code     0  libinit2.o(.ARM.Collect$$libinit$$00000021)
    __rt_lib_init_getenv_1                   0x000001db   Thumb Code     0  libinit2.o(.ARM.Collect$$libinit$$00000025)
    __rt_lib_init_heap_1                     0x000001db   Thumb Code     0  libinit2.o(.ARM.Collect$$libinit$$0000000C)
    __rt_lib_init_lc_collate_1               0x000001db   Thumb Code     0  libinit2.o(.ARM.Collect$$libinit$$00000013)
    __rt_lib_init_lc_ctype_1                 0x000001db   Thumb Code     0  libinit2.o(.ARM.Collect$$libinit$$00000015)
    __rt_lib_init_lc_monetary_1              0x000001db   Thumb Code     0  libinit2.o(.ARM.Collect$$libinit$$00000017)
    __rt_lib_init_lc_numeric_1               0x000001db   Thumb Code     0  libinit2.o(.ARM.Collect$$libinit$$00000019)
    __rt_lib_init_lc_time_1                  0x000001db   Thumb Code     0  libinit2.o(.ARM.Collect$$libinit$$0000001B)
    __rt_lib_init_preinit_1                  0x000001db   Thumb Code     0  libinit2.o(.ARM.Collect$$libinit$$00000006)
    __rt_lib_init_rand_1                     0x000001db   Thumb Code     0  libinit2.o(.ARM.Collect$$libinit$$00000010)
    __rt_lib_init_relocate_pie_1             0x000001db   Thumb Code     0  libinit2.o(.ARM.Collect$$libinit$$00000004)
    __rt_lib_init_return                     0x000001db   Thumb Code     0  libinit2.o(.ARM.Collect$$libinit$$00000035)
    __rt_lib_init_signal_1                   0x000001db   Thumb Code     0  libinit2.o(.ARM.Collect$$libinit$$0000001F)
    __rt_lib_init_stdio_1                    0x000001db   Thumb Code     0  libinit2.o(.ARM.Collect$$libinit$$00000027)
    __rt_lib_init_user_alloc_1               0x000001db   Thumb Code     0  libinit2.o(.ARM.Collect$$libinit$$0000000E)
    __rt_lib_shutdown                        0x000001dd   Thumb Code     0  libshutdown.o(.ARM.Collect$$libshutdown$$00000000)
    __rt_lib_shutdown_cpp_1                  0x000001df   Thumb Code     0  libshutdown2.o(.ARM.Collect$$libshutdown$$00000002)
    __rt_lib_shutdown_fp_trap_1              0x000001df   Thumb Code     0  libshutdown2.o(.ARM.Collect$$libshutdown$$00000007)
    __rt_lib_shutdown_heap_1                 0x000001df   Thumb Code     0  libshutdown2.o(.ARM.Collect$$libshutdown$$0000000F)
    __rt_lib_shutdown_return                 0x000001df   Thumb Code     0  libshutdown2.o(.ARM.Collect$$libshutdown$$00000010)
    __rt_lib_shutdown_signal_1               0x000001df   Thumb Code     0  libshutdown2.o(.ARM.Collect$$libshutdown$$0000000A)
    __rt_lib_shutdown_stdio_1                0x000001df   Thumb Code     0  libshutdown2.o(.ARM.Collect$$libshutdown$$00000004)
    __rt_lib_shutdown_user_alloc_1           0x000001df   Thumb Code     0  libshutdown2.o(.ARM.Collect$$libshutdown$$0000000C)
    __rt_entry                               0x000001e1   Thumb Code     0  __rtentry.o(.ARM.Collect$$rtentry$$00000000)
    __rt_entry_presh_1                       0x000001e1   Thumb Code     0  __rtentry2.o(.ARM.Collect$$rtentry$$00000002)
    __rt_entry_sh                            0x000001e1   Thumb Code     0  __rtentry4.o(.ARM.Collect$$rtentry$$00000004)
    __rt_entry_li                            0x000001e7   Thumb Code     0  __rtentry2.o(.ARM.Collect$$rtentry$$0000000A)
    __rt_entry_postsh_1                      0x000001e7   Thumb Code     0  __rtentry2.o(.ARM.Collect$$rtentry$$00000009)
    __rt_entry_main                          0x000001eb   Thumb Code     0  __rtentry2.o(.ARM.Collect$$rtentry$$0000000D)
    __rt_entry_postli_1                      0x000001eb   Thumb Code     0  __rtentry2.o(.ARM.Collect$$rtentry$$0000000C)
    __rt_exit                                0x000001f3   Thumb Code     0  rtexit.o(.ARM.Collect$$rtexit$$00000000)
    __rt_exit_ls                             0x000001f5   Thumb Code     0  rtexit2.o(.ARM.Collect$$rtexit$$00000003)
    __rt_exit_prels_1                        0x000001f5   Thumb Code     0  rtexit2.o(.ARM.Collect$$rtexit$$00000002)
    __rt_exit_exit                           0x000001f9   Thumb Code     0  rtexit2.o(.ARM.Collect$$rtexit$$00000004)
    Reset_Handler                            0x00000201   Thumb Code     8  startup_lpc407x_8x_177x_8x.o(.text)
    NMI_Handler                              0x00000209   Thumb Code     2  startup_lpc407x_8x_177x_8x.o(.text)
    MemManage_Handler                        0x0000020d   Thumb Code     2  startup_lpc407x_8x_177x_8x.o(.text)
    BusFault_Handler                         0x0000020f   Thumb Code     2  startup_lpc407x_8x_177x_8x.o(.text)
    UsageFault_Handler                       0x00000211   Thumb Code     2  startup_lpc407x_8x_177x_8x.o(.text)
    SVC_Handler                              0x00000213   Thumb Code     2  startup_lpc407x_8x_177x_8x.o(.text)
    DebugMon_Handler                         0x00000215   Thumb Code     2  startup_lpc407x_8x_177x_8x.o(.text)
    PendSV_Handler                           0x00000217   Thumb Code     2  startup_lpc407x_8x_177x_8x.o(.text)
    SysTick_Handler                          0x00000219   Thumb Code     2  startup_lpc407x_8x_177x_8x.o(.text)
    ADC_IRQHandler                           0x0000021b   Thumb Code     0  startup_lpc407x_8x_177x_8x.o(.text)
    BOD_IRQHandler                           0x0000021b   Thumb Code     0  startup_lpc407x_8x_177x_8x.o(.text)
    CANActivity_IRQHandler                   0x0000021b   Thumb Code     0  startup_lpc407x_8x_177x_8x.o(.text)
    CAN_IRQHandler                           0x0000021b   Thumb Code     0  startup_lpc407x_8x_177x_8x.o(.text)
    DMA_IRQHandler                           0x0000021b   Thumb Code     0  startup_lpc407x_8x_177x_8x.o(.text)
    EEPROM_IRQHandler                        0x0000021b   Thumb Code     0  startup_lpc407x_8x_177x_8x.o(.text)
    EINT0_IRQHandler                         0x0000021b   Thumb Code     0  startup_lpc407x_8x_177x_8x.o(.text)
    EINT1_IRQHandler                         0x0000021b   Thumb Code     0  startup_lpc407x_8x_177x_8x.o(.text)
    EINT2_IRQHandler                         0x0000021b   Thumb Code     0  startup_lpc407x_8x_177x_8x.o(.text)
    EINT3_IRQHandler                         0x0000021b   Thumb Code     0  startup_lpc407x_8x_177x_8x.o(.text)
    ENET_IRQHandler                          0x0000021b   Thumb Code     0  startup_lpc407x_8x_177x_8x.o(.text)
    I2C0_IRQHandler                          0x0000021b   Thumb Code     0  startup_lpc407x_8x_177x_8x.o(.text)
    I2C1_IRQHandler                          0x0000021b   Thumb Code     0  startup_lpc407x_8x_177x_8x.o(.text)
    I2C2_IRQHandler                          0x0000021b   Thumb Code     0  startup_lpc407x_8x_177x_8x.o(.text)
    I2S_IRQHandler                           0x0000021b   Thumb Code     0  startup_lpc407x_8x_177x_8x.o(.text)
    LCD_IRQHandler                           0x0000021b   Thumb Code     0  startup_lpc407x_8x_177x_8x.o(.text)
    MCI_IRQHandler                           0x0000021b   Thumb Code     0  startup_lpc407x_8x_177x_8x.o(.text)
    MCPWM_IRQHandler                         0x0000021b   Thumb Code     0  startup_lpc407x_8x_177x_8x.o(.text)
    PLL0_IRQHandler                          0x0000021b   Thumb Code     0  startup_lpc407x_8x_177x_8x.o(.text)
    PLL1_IRQHandler                          0x0000021b   Thumb Code     0  startup_lpc407x_8x_177x_8x.o(.text)
    PWM0_IRQHandler                          0x0000021b   Thumb Code     0  startup_lpc407x_8x_177x_8x.o(.text)
    PWM1_IRQHandler                          0x0000021b   Thumb Code     0  startup_lpc407x_8x_177x_8x.o(.text)
    QEI_IRQHandler                           0x0000021b   Thumb Code     0  startup_lpc407x_8x_177x_8x.o(.text)
    RTC_IRQHandler                           0x0000021b   Thumb Code     0  startup_lpc407x_8x_177x_8x.o(.text)
    SSP0_IRQHandler                          0x0000021b   Thumb Code     0  startup_lpc407x_8x_177x_8x.o(.text)
    SSP1_IRQHandler                          0x0000021b   Thumb Code     0  startup_lpc407x_8x_177x_8x.o(.text)
    SSP2_IRQHandler                          0x0000021b   Thumb Code     0  startup_lpc407x_8x_177x_8x.o(.text)
    TIMER0_IRQHandler                        0x0000021b   Thumb Code     0  startup_lpc407x_8x_177x_8x.o(.text)
    TIMER1_IRQHandler                        0x0000021b   Thumb Code     0  startup_lpc407x_8x_177x_8x.o(.text)
    TIMER2_IRQHandler                        0x0000021b   Thumb Code     0  startup_lpc407x_8x_177x_8x.o(.text)
    TIMER3_IRQHandler                        0x0000021b   Thumb Code     0  startup_lpc407x_8x_177x_8x.o(.text)
    UART0_IRQHandler                         0x0000021b   Thumb Code     0  startup_lpc407x_8x_177x_8x.o(.text)
    UART1_IRQHandler                         0x0000021b   Thumb Code     0  startup_lpc407x_8x_177x_8x.o(.text)
    UART2_IRQHandler                         0x0000021b   Thumb Code     0  startup_lpc407x_8x_177x_8x.o(.text)
    UART3_IRQHandler                         0x0000021b   Thumb Code     0  startup_lpc407x_8x_177x_8x.o(.text)
    UART4_IRQHandler                         0x0000021b   Thumb Code     0  startup_lpc407x_8x_177x_8x.o(.text)
    USBActivity_IRQHandler                   0x0000021b   Thumb Code     0  startup_lpc407x_8x_177x_8x.o(.text)
    USB_IRQHandler                           0x0000021b   Thumb Code     0  startup_lpc407x_8x_177x_8x.o(.text)
    WDT_IRQHandler                           0x0000021b   Thumb Code     0  startup_lpc407x_8x_177x_8x.o(.text)
    __user_initial_stackheap                 0x0000021d   Thumb Code     0  startup_lpc407x_8x_177x_8x.o(.text)
    __2printf                                0x0000023d   Thumb Code    20  __2printf.o(.text)
    _printf_str                              0x00000255   Thumb Code    82  _printf_str.o(.text)
    __use_two_region_memory                  0x000002a7   Thumb Code     2  heapauxi.o(.text)
    __rt_heap_escrow$2region                 0x000002a9   Thumb Code     2  heapauxi.o(.text)
    __rt_heap_expand$2region                 0x000002ab   Thumb Code     2  heapauxi.o(.text)
    _printf_cs_common                        0x000002ad   Thumb Code    20  _printf_char.o(.text)
    _printf_char                             0x000002c1   Thumb Code    16  _printf_char.o(.text)
    _printf_string                           0x000002d1   Thumb Code     8  _printf_char.o(.text)
    _printf_char_file                        0x000002d9   Thumb Code    32  _printf_char_file.o(.text)
    _printf_int_dec                          0x00000301   Thumb Code   104  _printf_dec.o(.text)
    __printf                                 0x00000379   Thumb Code   388  __printf_flags_ss_wp.o(.text)
    _printf_int_common                       0x00000501   Thumb Code   178  _printf_intcommon.o(.text)
    __use_no_semihosting                     0x000005b3   Thumb Code     2  use_no_semi_2.o(.text)
    _printf_char_common                      0x000005bf   Thumb Code    32  _printf_char_common.o(.text)
    __aeabi_memmove4                         0x000005e5   Thumb Code     0  rt_memmove_w.o(.text)
    __aeabi_memmove8                         0x000005e5   Thumb Code     0  rt_memmove_w.o(.text)
    __rt_memmove_w                           0x000005e5   Thumb Code   122  rt_memmove_w.o(.text)
    __memmove_aligned                        0x0000060b   Thumb Code     0  rt_memmove_w.o(.text)
    __memmove_lastfew_aligned                0x00000643   Thumb Code     0  rt_memmove_w.o(.text)
    __I$use$semihosting                      0x0000065f   Thumb Code     0  use_no_semi.o(.text)
    __use_no_semihosting_swi                 0x0000065f   Thumb Code     2  use_no_semi.o(.text)
    __user_setup_stackheap                   0x00000661   Thumb Code    74  sys_stackheap_outer.o(.text)
    exit                                     0x000006ab   Thumb Code    18  exit.o(.text)
    __aeabi_memcpy4                          0x000006bd   Thumb Code     0  rt_memcpy_w.o(.text)
    __aeabi_memcpy8                          0x000006bd   Thumb Code     0  rt_memcpy_w.o(.text)
    __rt_memcpy_w                            0x000006bd   Thumb Code   100  rt_memcpy_w.o(.text)
    _memcpy_lastbytes_aligned                0x00000705   Thumb Code     0  rt_memcpy_w.o(.text)
    __user_libspace                          0x00000721   Thumb Code     8  libspace.o(.text)
    __user_perproc_libspace                  0x00000721   Thumb Code     0  libspace.o(.text)
    __user_perthread_libspace                0x00000721   Thumb Code     0  libspace.o(.text)
    GPIO_IRQHandler                          0x00000729   Thumb Code   708  main.o(.text.GPIO_IRQHandler)
    HardFault_Handler                        0x000009ed   Thumb Code    52  error.o(.text.HardFault_Handler)
    PID_inicializar                          0x00000a21   Thumb Code   116  motor.o(.text.PID_inicializar)
    SCORBOT_HOME                             0x00000a95   Thumb Code   528  scorbot_er_iii.o(.text.SCORBOT_HOME)
    SCORBOT_inicializar                      0x00000ca5   Thumb Code   358  motor.o(.text.SCORBOT_inicializar)
    SystemCoreClockUpdate                    0x00000e0d   Thumb Code  1326  system_lpc407x_8x_177x_8x.o(.text.SystemCoreClockUpdate)
    SystemInit                               0x0000133d   Thumb Code   316  system_lpc407x_8x_177x_8x.o(.text.SystemInit)
    _sys_exit                                0x0000151d   Thumb Code    26  glcd.o(.text._sys_exit)
    abrir_cerrar_pinza                       0x00001539   Thumb Code    38  scorbot_er_iii.o(.text.abrir_cerrar_pinza)
    actualizarPID                            0x00001561   Thumb Code   264  motor.o(.text.actualizarPID)
    base_HOME                                0x00001681   Thumb Code   106  scorbot_er_iii.o(.text.base_HOME)
    calculatePID                             0x000016ed   Thumb Code   252  motor.o(.text.calculatePID)
    codo_HOME                                0x000017ed   Thumb Code    68  scorbot_er_iii.o(.text.codo_HOME)
    convertir_grados_pulsos                  0x00001831   Thumb Code    56  motor.o(.text.convertir_grados_pulsos)
    convertir_pulsos_grados                  0x00001869   Thumb Code    58  scorbot_er_iii.o(.text.convertir_pulsos_grados)
    determinar_estado_encoder                0x000018a5   Thumb Code   114  motor.o(.text.determinar_estado_encoder)
    devolver_grados_reales                   0x00001919   Thumb Code   126  scorbot_er_iii.o(.text.devolver_grados_reales)
    eeprom_escribir_16bit                    0x00001999   Thumb Code    94  eeprom_lpc40xx.o(.text.eeprom_escribir_16bit)
    eeprom_esperar_programa                  0x000019f9   Thumb Code    38  eeprom_lpc40xx.o(.text.eeprom_esperar_programa)
    eeprom_esperar_rw                        0x00001a21   Thumb Code    38  eeprom_lpc40xx.o(.text.eeprom_esperar_rw)
    eeprom_inicializar                       0x00001a49   Thumb Code    40  eeprom_lpc40xx.o(.text.eeprom_inicializar)
    eeprom_leer_16bit                        0x00001a71   Thumb Code    78  eeprom_lpc40xx.o(.text.eeprom_leer_16bit)
    encoder_inicializar                      0x00001ac1   Thumb Code    98  motor.o(.text.encoder_inicializar)
    esperar_recibir_movimientos              0x00001b25   Thumb Code    72  scorbot_er_iii.o(.text.esperar_recibir_movimientos)
    ferror                                   0x00001b6d   Thumb Code    16  glcd.o(.text.ferror)
    fpu_init                                 0x00001b7d   Thumb Code   132  system_lpc407x_8x_177x_8x.o(.text.fpu_init)
    fputc                                    0x00001c01   Thumb Code   424  glcd.o(.text.fputc)
    glcd_caracter                            0x00001da9   Thumb Code   220  glcd.o(.text.glcd_caracter)
    gpio_ajustar_dir                         0x00001e95   Thumb Code   148  gpio_lpc40xx.o(.text.gpio_ajustar_dir)
    guardar_posicion                         0x00001fa9   Thumb Code    42  motor.o(.text.guardar_posicion)
    hombro_HOME                              0x00001fd5   Thumb Code   198  scorbot_er_iii.o(.text.hombro_HOME)
    inclinacion_HOME                         0x0000209d   Thumb Code   106  scorbot_er_iii.o(.text.inclinacion_HOME)
    inclinar_pinza                           0x00002109   Thumb Code    60  scorbot_er_iii.o(.text.inclinar_pinza)
    iocon_configurar_pin                     0x00002145   Thumb Code   264  iocon_lpc40xx.o(.text.iocon_configurar_pin)
    main                                     0x000022cd   Thumb Code   160  main.o(.text.main)
    microswitch_inicializar                  0x0000236d   Thumb Code     8  motor.o(.text.microswitch_inicializar)
    motor_ajustar_posicion_absoluta          0x00002375   Thumb Code    52  motor.o(.text.motor_ajustar_posicion_absoluta)
    motor_ajustar_posicion_absoluta_diferencial 0x000023a9   Thumb Code    58  motor.o(.text.motor_ajustar_posicion_absoluta_diferencial)
    motor_ajustar_posicion_relativa          0x000023e5   Thumb Code   164  motor.o(.text.motor_ajustar_posicion_relativa)
    motor_ajustar_posicion_relativa_diferencial 0x00002491   Thumb Code   896  motor.o(.text.motor_ajustar_posicion_relativa_diferencial)
    motor_ajustar_velocidad                  0x00002829   Thumb Code   636  motor.o(.text.motor_ajustar_velocidad)
    motor_inicializar                        0x00002aa5   Thumb Code   190  motor.o(.text.motor_inicializar)
    mover_base                               0x00002b65   Thumb Code    58  scorbot_er_iii.o(.text.mover_base)
    mover_codo                               0x00002ba1   Thumb Code    70  scorbot_er_iii.o(.text.mover_codo)
    mover_hombro                             0x00002be9   Thumb Code    58  scorbot_er_iii.o(.text.mover_hombro)
    parar_con_error                          0x00002c25   Thumb Code    92  error.o(.text.parar_con_error)
    pwm_inicializar                          0x00002cb9   Thumb Code   480  motor.o(.text.pwm_inicializar)
    rele_ON                                  0x00002ea9   Thumb Code    20  motor.o(.text.rele_ON)
    rele_inicializar                         0x00002ebd   Thumb Code    38  motor.o(.text.rele_inicializar)
    rotacion_HOME                            0x00002ee5   Thumb Code   104  scorbot_er_iii.o(.text.rotacion_HOME)
    rotar_pinza                              0x00002f4d   Thumb Code    70  scorbot_er_iii.o(.text.rotar_pinza)
    timer_inicializar                        0x00002f95   Thumb Code   144  timer_lpc40xx.o(.text.timer_inicializar)
    timer_iniciar_conteo_us                  0x00003039   Thumb Code   128  timer_lpc40xx.o(.text.timer_iniciar_conteo_us)
    timer_leer                               0x000030d1   Thumb Code    84  timer_lpc40xx.o(.text.timer_leer)
    timer_poner_contador_a_0                 0x00003131   Thumb Code   108  timer_lpc40xx.o(.text.timer_poner_contador_a_0)
    timer_retardo_ms                         0x000031b9   Thumb Code   156  timer_lpc40xx.o(.text.timer_retardo_ms)
    uart_esperar_recibir_dato                0x00003511   Thumb Code   140  uart_lpc40xx.o(.text.uart_esperar_recibir_dato)
    uart_inicializar                         0x0000359d   Thumb Code   790  uart_lpc40xx.o(.text.uart_inicializar)
    uart_recibir_int16                       0x000038b5   Thumb Code    44  uart_lpc40xx.o(.text.uart_recibir_int16)
    uart_transmitir_dato                     0x000038e1   Thumb Code   150  uart_lpc40xx.o(.text.uart_transmitir_dato)
    uart_transmitir_int16                    0x00003979   Thumb Code    50  uart_lpc40xx.o(.text.uart_transmitir_int16)
    _is_digit                                0x000039ab   Thumb Code    14  __printf_wp.o(i._is_digit)
    __aeabi_d2f                              0x000039b9   Thumb Code     0  d2f.o(x$fpl$d2f)
    _d2f                                     0x000039b9   Thumb Code    98  d2f.o(x$fpl$d2f)
    __aeabi_dadd                             0x00003a1d   Thumb Code     0  daddsub_clz.o(x$fpl$dadd)
    _dadd                                    0x00003a1d   Thumb Code   332  daddsub_clz.o(x$fpl$dadd)
    __fpl_dcmp_Inf                           0x00003b6d   Thumb Code    24  dcmpi.o(x$fpl$dcmpinf)
    __aeabi_cdcmpeq                          0x00003b85   Thumb Code     0  deqf.o(x$fpl$deqf)
    _dcmpeq                                  0x00003b85   Thumb Code   120  deqf.o(x$fpl$deqf)
    __aeabi_d2uiz                            0x00003bfd   Thumb Code     0  dfixu.o(x$fpl$dfixu)
    _dfixu                                   0x00003bfd   Thumb Code    90  dfixu.o(x$fpl$dfixu)
    __aeabi_ui2d                             0x00003c57   Thumb Code     0  dflt_clz.o(x$fpl$dfltu)
    _dfltu                                   0x00003c57   Thumb Code    38  dflt_clz.o(x$fpl$dfltu)
    __aeabi_cdcmpge                          0x00003c7d   Thumb Code     0  dgeqf.o(x$fpl$dgeqf)
    _dcmpge                                  0x00003c7d   Thumb Code   120  dgeqf.o(x$fpl$dgeqf)
    __aeabi_cdcmple                          0x00003cf5   Thumb Code     0  dleqf.o(x$fpl$dleqf)
    _dcmple                                  0x00003cf5   Thumb Code   120  dleqf.o(x$fpl$dleqf)
    __fpl_dcmple_InfNaN                      0x00003d57   Thumb Code     0  dleqf.o(x$fpl$dleqf)
    __aeabi_dmul                             0x00003d6d   Thumb Code     0  dmul.o(x$fpl$dmul)
    _dmul                                    0x00003d6d   Thumb Code   332  dmul.o(x$fpl$dmul)
    __fpl_dnaninf                            0x00003ec1   Thumb Code   156  dnaninf.o(x$fpl$dnaninf)
    __fpl_dretinf                            0x00003f5d   Thumb Code    12  dretinf.o(x$fpl$dretinf)
    __aeabi_dsub                             0x00003f69   Thumb Code     0  daddsub_clz.o(x$fpl$dsub)
    _dsub                                    0x00003f69   Thumb Code   472  daddsub_clz.o(x$fpl$dsub)
    __aeabi_f2d                              0x00004145   Thumb Code     0  f2d.o(x$fpl$f2d)
    _f2d                                     0x00004145   Thumb Code    86  f2d.o(x$fpl$f2d)
    __aeabi_dcmpeq                           0x0000419b   Thumb Code     0  dcmp.o(x$fpl$fcmp)
    _deq                                     0x0000419b   Thumb Code    14  dcmp.o(x$fpl$fcmp)
    _dneq                                    0x000041a9   Thumb Code    14  dcmp.o(x$fpl$fcmp)
    __aeabi_dcmpgt                           0x000041b7   Thumb Code     0  dcmp.o(x$fpl$fcmp)
    _dgr                                     0x000041b7   Thumb Code    14  dcmp.o(x$fpl$fcmp)
    __aeabi_dcmpge                           0x000041c5   Thumb Code     0  dcmp.o(x$fpl$fcmp)
    _dgeq                                    0x000041c5   Thumb Code    14  dcmp.o(x$fpl$fcmp)
    __aeabi_dcmple                           0x000041d3   Thumb Code     0  dcmp.o(x$fpl$fcmp)
    _dleq                                    0x000041d3   Thumb Code    14  dcmp.o(x$fpl$fcmp)
    __aeabi_dcmplt                           0x000041e1   Thumb Code     0  dcmp.o(x$fpl$fcmp)
    _dls                                     0x000041e1   Thumb Code    14  dcmp.o(x$fpl$fcmp)
    __fpl_fnaninf                            0x000041ef   Thumb Code   140  fnaninf.o(x$fpl$fnaninf)
    _fp_init                                 0x0000427b   Thumb Code    26  fpinit.o(x$fpl$fpinit)
    __fplib_config_fpu_vfp                   0x00004293   Thumb Code     0  fpinit.o(x$fpl$fpinit)
    __fplib_config_pureend_doubles           0x00004293   Thumb Code     0  fpinit.o(x$fpl$fpinit)
    __fpl_fretinf                            0x00004295   Thumb Code    10  fretinf.o(x$fpl$fretinf)
    __I$use$fp                               0x0000429e   Number         0  usenofp.o(x$fpl$usenofp)
    fuente_12x24                             0x000042b0   Data          20  fuente_12x24.o(.rodata.fuente_12x24)
    fuente_12x24_datos                       0x000042c4   Data       10752  fuente_12x24.o(.rodata.fuente_12x24_datos)
    fuente_16x32                             0x00006cc4   Data          20  fuente_16x32.o(.rodata.fuente_16x32)
    fuente_16x32_datos                       0x00006cd8   Data       14336  fuente_16x32.o(.rodata.fuente_16x32_datos)
    fuente_8x16                              0x0000a4d8   Data          20  fuente_8x16.o(.rodata.fuente_8x16)
    fuente_8x16_datos                        0x0000a4ec   Data        3584  fuente_8x16.o(.rodata.fuente_8x16_datos)
    Region$$Table$$Base                      0x0000c174   Number         0  anon$$obj.o(Region$$Table)
    Region$$Table$$Limit                     0x0000c194   Number         0  anon$$obj.o(Region$$Table)
    EMCClock                                 0x10000000   Data           4  system_lpc407x_8x_177x_8x.o(.data.EMCClock)
    PeripheralClock                          0x10000004   Data           4  system_lpc407x_8x_177x_8x.o(.data.PeripheralClock)
    SystemCoreClock                          0x10000008   Data           4  system_lpc407x_8x_177x_8x.o(.data.SystemCoreClock)
    USBClock                                 0x1000000c   Data           4  system_lpc407x_8x_177x_8x.o(.data.USBClock)
    motor1                                   0x10000018   Data         172  motor.o(.data.motor1)
    motor2                                   0x100000c4   Data         172  motor.o(.data.motor2)
    motor3                                   0x10000170   Data         172  motor.o(.data.motor3)
    motor4                                   0x1000021c   Data         172  motor.o(.data.motor4)
    motor5                                   0x100002c8   Data         172  motor.o(.data.motor5)
    motor6                                   0x10000374   Data         172  motor.o(.data.motor6)
    ptr_motores                              0x10000420   Data          24  motor.o(.data.ptr_motores)
    __libspace_start                         0x10000438   Data          96  libspace.o(.bss)
    __stdout                                 0x10000498   Data           4  glcd.o(.bss.__stdout)
    __temporary_stack_top$libspace           0x10000498   Data           0  libspace.o(.bss)
    diferencial                              0x1000049e   Data           1  motor.o(.bss.diferencial)



==============================================================================

Memory Map of the image

  Image Entry point : 0x000000e5

  Load Region LR_IROM1 (Base: 0x00000000, Size: 0x0000c5d0, Max: 0x00080000, ABSOLUTE, COMPRESSED[0x0000c2f0])

    Execution Region ER_IROM1 (Exec base: 0x00000000, Load base: 0x00000000, Size: 0x0000c194, Max: 0x00080000, ABSOLUTE)

    Exec Addr    Load Addr    Size         Type   Attr      Idx    E Section Name        Object

    0x00000000   0x00000000   0x000000e4   Data   RO          315    RESET               startup_lpc407x_8x_177x_8x.o
    0x000000e4   0x000000e4   0x00000008   Code   RO          456  * !!!main             c_w.l(__main.o)
    0x000000ec   0x000000ec   0x0000005c   Code   RO          911    !!!scatter          c_w.l(__scatter.o)
    0x00000148   0x00000148   0x0000005a   Code   RO          909    !!dczerorl2         c_w.l(__dczerorl2.o)
    0x000001a2   0x000001a2   0x00000002   PAD
    0x000001a4   0x000001a4   0x00000002   Code   RO          912    !!handler_null      c_w.l(__scatter.o)
    0x000001a6   0x000001a6   0x00000002   PAD
    0x000001a8   0x000001a8   0x0000001c   Code   RO          915    !!handler_zi        c_w.l(__scatter_zi.o)
    0x000001c4   0x000001c4   0x00000000   Code   RO          453    .ARM.Collect$$_printf_percent$$00000000  c_w.l(_printf_percent.o)
    0x000001c4   0x000001c4   0x00000006   Code   RO          452    .ARM.Collect$$_printf_percent$$0000000A  c_w.l(_printf_u.o)
    0x000001ca   0x000001ca   0x00000006   Code   RO          451    .ARM.Collect$$_printf_percent$$00000014  c_w.l(_printf_s.o)
    0x000001d0   0x000001d0   0x00000004   Code   RO          554    .ARM.Collect$$_printf_percent$$00000017  c_w.l(_printf_percent_end.o)
    0x000001d4   0x000001d4   0x00000002   Code   RO          704    .ARM.Collect$$libinit$$00000000  c_w.l(libinit.o)
    0x000001d6   0x000001d6   0x00000004   Code   RO          731    .ARM.Collect$$libinit$$00000001  c_w.l(libinit2.o)
    0x000001da   0x000001da   0x00000000   Code   RO          734    .ARM.Collect$$libinit$$00000004  c_w.l(libinit2.o)
    0x000001da   0x000001da   0x00000000   Code   RO          736    .ARM.Collect$$libinit$$00000006  c_w.l(libinit2.o)
    0x000001da   0x000001da   0x00000000   Code   RO          739    .ARM.Collect$$libinit$$0000000C  c_w.l(libinit2.o)
    0x000001da   0x000001da   0x00000000   Code   RO          741    .ARM.Collect$$libinit$$0000000E  c_w.l(libinit2.o)
    0x000001da   0x000001da   0x00000000   Code   RO          743    .ARM.Collect$$libinit$$00000010  c_w.l(libinit2.o)
    0x000001da   0x000001da   0x00000000   Code   RO          746    .ARM.Collect$$libinit$$00000013  c_w.l(libinit2.o)
    0x000001da   0x000001da   0x00000000   Code   RO          748    .ARM.Collect$$libinit$$00000015  c_w.l(libinit2.o)
    0x000001da   0x000001da   0x00000000   Code   RO          750    .ARM.Collect$$libinit$$00000017  c_w.l(libinit2.o)
    0x000001da   0x000001da   0x00000000   Code   RO          752    .ARM.Collect$$libinit$$00000019  c_w.l(libinit2.o)
    0x000001da   0x000001da   0x00000000   Code   RO          754    .ARM.Collect$$libinit$$0000001B  c_w.l(libinit2.o)
    0x000001da   0x000001da   0x00000000   Code   RO          756    .ARM.Collect$$libinit$$0000001D  c_w.l(libinit2.o)
    0x000001da   0x000001da   0x00000000   Code   RO          758    .ARM.Collect$$libinit$$0000001F  c_w.l(libinit2.o)
    0x000001da   0x000001da   0x00000000   Code   RO          760    .ARM.Collect$$libinit$$00000021  c_w.l(libinit2.o)
    0x000001da   0x000001da   0x00000000   Code   RO          762    .ARM.Collect$$libinit$$00000023  c_w.l(libinit2.o)
    0x000001da   0x000001da   0x00000000   Code   RO          764    .ARM.Collect$$libinit$$00000025  c_w.l(libinit2.o)
    0x000001da   0x000001da   0x00000000   Code   RO          766    .ARM.Collect$$libinit$$00000027  c_w.l(libinit2.o)
    0x000001da   0x000001da   0x00000000   Code   RO          770    .ARM.Collect$$libinit$$0000002E  c_w.l(libinit2.o)
    0x000001da   0x000001da   0x00000000   Code   RO          772    .ARM.Collect$$libinit$$00000030  c_w.l(libinit2.o)
    0x000001da   0x000001da   0x00000000   Code   RO          774    .ARM.Collect$$libinit$$00000032  c_w.l(libinit2.o)
    0x000001da   0x000001da   0x00000000   Code   RO          776    .ARM.Collect$$libinit$$00000034  c_w.l(libinit2.o)
    0x000001da   0x000001da   0x00000002   Code   RO          777    .ARM.Collect$$libinit$$00000035  c_w.l(libinit2.o)
    0x000001dc   0x000001dc   0x00000002   Code   RO          845    .ARM.Collect$$libshutdown$$00000000  c_w.l(libshutdown.o)
    0x000001de   0x000001de   0x00000000   Code   RO          859    .ARM.Collect$$libshutdown$$00000002  c_w.l(libshutdown2.o)
    0x000001de   0x000001de   0x00000000   Code   RO          861    .ARM.Collect$$libshutdown$$00000004  c_w.l(libshutdown2.o)
    0x000001de   0x000001de   0x00000000   Code   RO          864    .ARM.Collect$$libshutdown$$00000007  c_w.l(libshutdown2.o)
    0x000001de   0x000001de   0x00000000   Code   RO          867    .ARM.Collect$$libshutdown$$0000000A  c_w.l(libshutdown2.o)
    0x000001de   0x000001de   0x00000000   Code   RO          869    .ARM.Collect$$libshutdown$$0000000C  c_w.l(libshutdown2.o)
    0x000001de   0x000001de   0x00000000   Code   RO          872    .ARM.Collect$$libshutdown$$0000000F  c_w.l(libshutdown2.o)
    0x000001de   0x000001de   0x00000002   Code   RO          873    .ARM.Collect$$libshutdown$$00000010  c_w.l(libshutdown2.o)
    0x000001e0   0x000001e0   0x00000000   Code   RO          547    .ARM.Collect$$rtentry$$00000000  c_w.l(__rtentry.o)
    0x000001e0   0x000001e0   0x00000000   Code   RO          609    .ARM.Collect$$rtentry$$00000002  c_w.l(__rtentry2.o)
    0x000001e0   0x000001e0   0x00000006   Code   RO          621    .ARM.Collect$$rtentry$$00000004  c_w.l(__rtentry4.o)
    0x000001e6   0x000001e6   0x00000000   Code   RO          611    .ARM.Collect$$rtentry$$00000009  c_w.l(__rtentry2.o)
    0x000001e6   0x000001e6   0x00000004   Code   RO          612    .ARM.Collect$$rtentry$$0000000A  c_w.l(__rtentry2.o)
    0x000001ea   0x000001ea   0x00000000   Code   RO          614    .ARM.Collect$$rtentry$$0000000C  c_w.l(__rtentry2.o)
    0x000001ea   0x000001ea   0x00000008   Code   RO          615    .ARM.Collect$$rtentry$$0000000D  c_w.l(__rtentry2.o)
    0x000001f2   0x000001f2   0x00000002   Code   RO          716    .ARM.Collect$$rtexit$$00000000  c_w.l(rtexit.o)
    0x000001f4   0x000001f4   0x00000000   Code   RO          779    .ARM.Collect$$rtexit$$00000002  c_w.l(rtexit2.o)
    0x000001f4   0x000001f4   0x00000004   Code   RO          780    .ARM.Collect$$rtexit$$00000003  c_w.l(rtexit2.o)
    0x000001f8   0x000001f8   0x00000006   Code   RO          781    .ARM.Collect$$rtexit$$00000004  c_w.l(rtexit2.o)
    0x000001fe   0x000001fe   0x00000002   PAD
    0x00000200   0x00000200   0x0000003c   Code   RO          317    .text               startup_lpc407x_8x_177x_8x.o
    0x0000023c   0x0000023c   0x00000018   Code   RO          421    .text               c_w.l(__2printf.o)
    0x00000254   0x00000254   0x00000052   Code   RO          427    .text               c_w.l(_printf_str.o)
    0x000002a6   0x000002a6   0x00000006   Code   RO          454    .text               c_w.l(heapauxi.o)
    0x000002ac   0x000002ac   0x0000002c   Code   RO          550    .text               c_w.l(_printf_char.o)
    0x000002d8   0x000002d8   0x00000024   Code   RO          552    .text               c_w.l(_printf_char_file.o)
    0x000002fc   0x000002fc   0x00000004   Code   RO          316    .ARM.__at_0x02FC    startup_lpc407x_8x_177x_8x.o
    0x00000300   0x00000300   0x00000078   Code   RO          429    .text               c_w.l(_printf_dec.o)
    0x00000378   0x00000378   0x00000188   Code   RO          448    .text               c_w.l(__printf_flags_ss_wp.o)
    0x00000500   0x00000500   0x000000b2   Code   RO          548    .text               c_w.l(_printf_intcommon.o)
    0x000005b2   0x000005b2   0x00000002   Code   RO          606    .text               c_w.l(use_no_semi_2.o)
    0x000005b4   0x000005b4   0x00000030   Code   RO          625    .text               c_w.l(_printf_char_common.o)
    0x000005e4   0x000005e4   0x0000007a   Code   RO          627    .text               c_w.l(rt_memmove_w.o)
    0x0000065e   0x0000065e   0x00000002   Code   RO          631    .text               c_w.l(use_no_semi.o)
    0x00000660   0x00000660   0x0000004a   Code   RO          633    .text               c_w.l(sys_stackheap_outer.o)
    0x000006aa   0x000006aa   0x00000012   Code   RO          695    .text               c_w.l(exit.o)
    0x000006bc   0x000006bc   0x00000064   Code   RO          697    .text               c_w.l(rt_memcpy_w.o)
    0x00000720   0x00000720   0x00000008   Code   RO          713    .text               c_w.l(libspace.o)
    0x00000728   0x00000728   0x000002c4   Code   RO            4    .text.GPIO_IRQHandler  main.o
    0x000009ec   0x000009ec   0x00000034   Code   RO          345    .text.HardFault_Handler  lpc40xx_base.lib(error.o)
    0x00000a20   0x00000a20   0x00000074   Code   RO           40    .text.PID_inicializar  motor.o
    0x00000a94   0x00000a94   0x00000210   Code   RO          269    .text.SCORBOT_HOME  scorbot_er_iii.o
    0x00000ca4   0x00000ca4   0x00000166   Code   RO           42    .text.SCORBOT_inicializar  motor.o
    0x00000e0a   0x00000e0a   0x00000002   PAD
    0x00000e0c   0x00000e0c   0x0000052e   Code   RO          326    .text.SystemCoreClockUpdate  system_lpc407x_8x_177x_8x.o
    0x0000133a   0x0000133a   0x00000002   PAD
    0x0000133c   0x0000133c   0x0000013c   Code   RO          330    .text.SystemInit    system_lpc407x_8x_177x_8x.o
    0x00001478   0x00001478   0x00000030   Code   RO           22    .text.__NVIC_ClearPendingIRQ  motor.o
    0x000014a8   0x000014a8   0x00000030   Code   RO           24    .text.__NVIC_EnableIRQ  motor.o
    0x000014d8   0x000014d8   0x00000042   Code   RO           26    .text.__NVIC_SetPriority  motor.o
    0x0000151a   0x0000151a   0x00000002   PAD
    0x0000151c   0x0000151c   0x0000001a   Code   RO          501    .text._sys_exit     lpc40xx_base.lib(glcd.o)
    0x00001536   0x00001536   0x00000002   PAD
    0x00001538   0x00001538   0x00000026   Code   RO          281    .text.abrir_cerrar_pinza  scorbot_er_iii.o
    0x0000155e   0x0000155e   0x00000002   PAD
    0x00001560   0x00001560   0x00000120   Code   RO           50    .text.actualizarPID  motor.o
    0x00001680   0x00001680   0x0000006a   Code   RO          285    .text.base_HOME     scorbot_er_iii.o
    0x000016ea   0x000016ea   0x00000002   PAD
    0x000016ec   0x000016ec   0x00000100   Code   RO           48    .text.calculatePID  motor.o
    0x000017ec   0x000017ec   0x00000044   Code   RO          291    .text.codo_HOME     scorbot_er_iii.o
    0x00001830   0x00001830   0x00000038   Code   RO           64    .text.convertir_grados_pulsos  motor.o
    0x00001868   0x00001868   0x0000003a   Code   RO          299    .text.convertir_pulsos_grados  scorbot_er_iii.o
    0x000018a2   0x000018a2   0x00000002   PAD
    0x000018a4   0x000018a4   0x00000072   Code   RO           44    .text.determinar_estado_encoder  motor.o
    0x00001916   0x00001916   0x00000002   PAD
    0x00001918   0x00001918   0x0000007e   Code   RO          301    .text.devolver_grados_reales  scorbot_er_iii.o
    0x00001996   0x00001996   0x00000002   PAD
    0x00001998   0x00001998   0x0000005e   Code   RO          252    .text.eeprom_escribir_16bit  eeprom_lpc40xx.o
    0x000019f6   0x000019f6   0x00000002   PAD
    0x000019f8   0x000019f8   0x00000026   Code   RO          256    .text.eeprom_esperar_programa  eeprom_lpc40xx.o
    0x00001a1e   0x00001a1e   0x00000002   PAD
    0x00001a20   0x00001a20   0x00000026   Code   RO          254    .text.eeprom_esperar_rw  eeprom_lpc40xx.o
    0x00001a46   0x00001a46   0x00000002   PAD
    0x00001a48   0x00001a48   0x00000028   Code   RO          250    .text.eeprom_inicializar  eeprom_lpc40xx.o
    0x00001a70   0x00001a70   0x0000004e   Code   RO          258    .text.eeprom_leer_16bit  eeprom_lpc40xx.o
    0x00001abe   0x00001abe   0x00000002   PAD
    0x00001ac0   0x00001ac0   0x00000062   Code   RO           20    .text.encoder_inicializar  motor.o
    0x00001b22   0x00001b22   0x00000002   PAD
    0x00001b24   0x00001b24   0x00000048   Code   RO          297    .text.esperar_recibir_movimientos  scorbot_er_iii.o
    0x00001b6c   0x00001b6c   0x00000010   Code   RO          499    .text.ferror        lpc40xx_base.lib(glcd.o)
    0x00001b7c   0x00001b7c   0x00000084   Code   RO          328    .text.fpu_init      system_lpc407x_8x_177x_8x.o
    0x00001c00   0x00001c00   0x000001a8   Code   RO          491    .text.fputc         lpc40xx_base.lib(glcd.o)
    0x00001da8   0x00001da8   0x000000ec   Code   RO          495    .text.glcd_caracter  lpc40xx_base.lib(glcd.o)
    0x00001e94   0x00001e94   0x000000ac   Code   RO          384    .text.gpio_ajustar_dir  lpc40xx_base.lib(gpio_lpc40xx.o)
    0x00001f40   0x00001f40   0x00000018   Code   RO            6    .text.gpio_leer_pin  main.o
    0x00001f58   0x00001f58   0x00000018   Code   RO           70    .text.gpio_leer_pin  motor.o
    0x00001f70   0x00001f70   0x00000018   Code   RO          287    .text.gpio_leer_pin  scorbot_er_iii.o
    0x00001f88   0x00001f88   0x00000010   Code   RO           32    .text.gpio_pin_a_0  motor.o
    0x00001f98   0x00001f98   0x00000010   Code   RO           36    .text.gpio_pin_a_1  motor.o
    0x00001fa8   0x00001fa8   0x0000002a   Code   RO           58    .text.guardar_posicion  motor.o
    0x00001fd2   0x00001fd2   0x00000002   PAD
    0x00001fd4   0x00001fd4   0x000000c6   Code   RO          289    .text.hombro_HOME   scorbot_er_iii.o
    0x0000209a   0x0000209a   0x00000002   PAD
    0x0000209c   0x0000209c   0x0000006a   Code   RO          293    .text.inclinacion_HOME  scorbot_er_iii.o
    0x00002106   0x00002106   0x00000002   PAD
    0x00002108   0x00002108   0x0000003c   Code   RO          277    .text.inclinar_pinza  scorbot_er_iii.o
    0x00002144   0x00002144   0x00000188   Code   RO          397    .text.iocon_configurar_pin  lpc40xx_base.lib(iocon_lpc40xx.o)
    0x000022cc   0x000022cc   0x000000a0   Code   RO            2    .text.main          main.o
    0x0000236c   0x0000236c   0x00000008   Code   RO           28    .text.microswitch_inicializar  motor.o
    0x00002374   0x00002374   0x00000034   Code   RO           56    .text.motor_ajustar_posicion_absoluta  motor.o
    0x000023a8   0x000023a8   0x0000003a   Code   RO           62    .text.motor_ajustar_posicion_absoluta_diferencial  motor.o
    0x000023e2   0x000023e2   0x00000002   PAD
    0x000023e4   0x000023e4   0x000000ac   Code   RO           54    .text.motor_ajustar_posicion_relativa  motor.o
    0x00002490   0x00002490   0x00000398   Code   RO           60    .text.motor_ajustar_posicion_relativa_diferencial  motor.o
    0x00002828   0x00002828   0x0000027c   Code   RO           46    .text.motor_ajustar_velocidad  motor.o
    0x00002aa4   0x00002aa4   0x000000be   Code   RO           18    .text.motor_inicializar  motor.o
    0x00002b62   0x00002b62   0x00000002   PAD
    0x00002b64   0x00002b64   0x0000003a   Code   RO          271    .text.mover_base    scorbot_er_iii.o
    0x00002b9e   0x00002b9e   0x00000002   PAD
    0x00002ba0   0x00002ba0   0x00000046   Code   RO          275    .text.mover_codo    scorbot_er_iii.o
    0x00002be6   0x00002be6   0x00000002   PAD
    0x00002be8   0x00002be8   0x0000003a   Code   RO          273    .text.mover_hombro  scorbot_er_iii.o
    0x00002c22   0x00002c22   0x00000002   PAD
    0x00002c24   0x00002c24   0x00000090   Code   RO          343    .text.parar_con_error  lpc40xx_base.lib(error.o)
    0x00002cb4   0x00002cb4   0x00000004   PAD
    0x00002cb8   0x00002cb8   0x000001f0   Code   RO           16    .text.pwm_inicializar  motor.o
    0x00002ea8   0x00002ea8   0x00000014   Code   RO           34    .text.rele_ON       motor.o
    0x00002ebc   0x00002ebc   0x00000026   Code   RO           30    .text.rele_inicializar  motor.o
    0x00002ee2   0x00002ee2   0x00000002   PAD
    0x00002ee4   0x00002ee4   0x00000068   Code   RO          295    .text.rotacion_HOME  scorbot_er_iii.o
    0x00002f4c   0x00002f4c   0x00000046   Code   RO          279    .text.rotar_pinza   scorbot_er_iii.o
    0x00002f92   0x00002f92   0x00000002   PAD
    0x00002f94   0x00002f94   0x000000a4   Code   RO          355    .text.timer_inicializar  lpc40xx_base.lib(timer_lpc40xx.o)
    0x00003038   0x00003038   0x00000098   Code   RO          369    .text.timer_iniciar_conteo_us  lpc40xx_base.lib(timer_lpc40xx.o)
    0x000030d0   0x000030d0   0x00000060   Code   RO          371    .text.timer_leer    lpc40xx_base.lib(timer_lpc40xx.o)
    0x00003130   0x00003130   0x00000088   Code   RO          373    .text.timer_poner_contador_a_0  lpc40xx_base.lib(timer_lpc40xx.o)
    0x000031b8   0x000031b8   0x000000b0   Code   RO          357    .text.timer_retardo_ms  lpc40xx_base.lib(timer_lpc40xx.o)
    0x00003268   0x00003268   0x000002a8   Code   RO           89    .text.uart_calcular_baudrate  uart_lpc40xx.o
    0x00003510   0x00003510   0x0000008c   Code   RO           99    .text.uart_esperar_recibir_dato  uart_lpc40xx.o
    0x0000359c   0x0000359c   0x00000316   Code   RO           87    .text.uart_inicializar  uart_lpc40xx.o
    0x000038b2   0x000038b2   0x00000002   PAD
    0x000038b4   0x000038b4   0x0000002c   Code   RO          101    .text.uart_recibir_int16  uart_lpc40xx.o
    0x000038e0   0x000038e0   0x00000096   Code   RO           91    .text.uart_transmitir_dato  uart_lpc40xx.o
    0x00003976   0x00003976   0x00000002   PAD
    0x00003978   0x00003978   0x00000032   Code   RO           93    .text.uart_transmitir_int16  uart_lpc40xx.o
    0x000039aa   0x000039aa   0x0000000e   Code   RO          441    i._is_digit         c_w.l(__printf_wp.o)
    0x000039b8   0x000039b8   0x00000062   Code   RO          458    x$fpl$d2f           fz_wm.l(d2f.o)
    0x00003a1a   0x00003a1a   0x00000002   PAD
    0x00003a1c   0x00003a1c   0x00000150   Code   RO          460    x$fpl$dadd          fz_wm.l(daddsub_clz.o)
    0x00003b6c   0x00003b6c   0x00000018   Code   RO          629    x$fpl$dcmpinf       fz_wm.l(dcmpi.o)
    0x00003b84   0x00003b84   0x00000078   Code   RO          555    x$fpl$deqf          fz_wm.l(deqf.o)
    0x00003bfc   0x00003bfc   0x0000005a   Code   RO          468    x$fpl$dfixu         fz_wm.l(dfixu.o)
    0x00003c56   0x00003c56   0x00000026   Code   RO          472    x$fpl$dfltu         fz_wm.l(dflt_clz.o)
    0x00003c7c   0x00003c7c   0x00000078   Code   RO          557    x$fpl$dgeqf         fz_wm.l(dgeqf.o)
    0x00003cf4   0x00003cf4   0x00000078   Code   RO          559    x$fpl$dleqf         fz_wm.l(dleqf.o)
    0x00003d6c   0x00003d6c   0x00000154   Code   RO          478    x$fpl$dmul          fz_wm.l(dmul.o)
    0x00003ec0   0x00003ec0   0x0000009c   Code   RO          561    x$fpl$dnaninf       fz_wm.l(dnaninf.o)
    0x00003f5c   0x00003f5c   0x0000000c   Code   RO          563    x$fpl$dretinf       fz_wm.l(dretinf.o)
    0x00003f68   0x00003f68   0x000001dc   Code   RO          462    x$fpl$dsub          fz_wm.l(daddsub_clz.o)
    0x00004144   0x00004144   0x00000056   Code   RO          480    x$fpl$f2d           fz_wm.l(f2d.o)
    0x0000419a   0x0000419a   0x00000054   Code   RO          466    x$fpl$fcmp          fz_wm.l(dcmp.o)
    0x000041ee   0x000041ee   0x0000008c   Code   RO          565    x$fpl$fnaninf       fz_wm.l(fnaninf.o)
    0x0000427a   0x0000427a   0x0000001a   Code   RO          826    x$fpl$fpinit        fz_wm.l(fpinit.o)
    0x00004294   0x00004294   0x0000000a   Code   RO          567    x$fpl$fretinf       fz_wm.l(fretinf.o)
    0x0000429e   0x0000429e   0x00000000   Code   RO          569    x$fpl$usenofp       fz_wm.l(usenofp.o)
    0x0000429e   0x0000429e   0x00000011   Data   RO          449    .constdata          c_w.l(__printf_flags_ss_wp.o)
    0x000042af   0x000042af   0x00000001   PAD
    0x000042b0   0x000042b0   0x00000014   Data   RO          593    .rodata.fuente_12x24  lpc40xx_base.lib(fuente_12x24.o)
    0x000042c4   0x000042c4   0x00002a00   Data   RO          594    .rodata.fuente_12x24_datos  lpc40xx_base.lib(fuente_12x24.o)
    0x00006cc4   0x00006cc4   0x00000014   Data   RO          600    .rodata.fuente_16x32  lpc40xx_base.lib(fuente_16x32.o)
    0x00006cd8   0x00006cd8   0x00003800   Data   RO          601    .rodata.fuente_16x32_datos  lpc40xx_base.lib(fuente_16x32.o)
    0x0000a4d8   0x0000a4d8   0x00000014   Data   RO          586    .rodata.fuente_8x16  lpc40xx_base.lib(fuente_8x16.o)
    0x0000a4ec   0x0000a4ec   0x00000e00   Data   RO          587    .rodata.fuente_8x16_datos  lpc40xx_base.lib(fuente_8x16.o)
    0x0000b2ec   0x0000b2ec   0x00000178   Data   RO          109    .rodata.str1.1      uart_lpc40xx.o
    0x0000b464   0x0000b464   0x00000026   Data   RO          375    .rodata.str1.1      lpc40xx_base.lib(timer_lpc40xx.o)
    0x0000b48a   0x0000b48a   0x00000041   Data   RO          388    .rodata.str1.1      lpc40xx_base.lib(gpio_lpc40xx.o)
    0x0000b4cb   0x0000b4cb   0x00000083   Data   RO          401    .rodata.str1.1      lpc40xx_base.lib(iocon_lpc40xx.o)
    0x0000b54e   0x0000b54e   0x0000001a   Data   RO          537    .rodata.str1.1      lpc40xx_base.lib(glcd.o)
    0x0000b568   0x0000b568   0x0000000c   Data   RO          529    .rodata.tabla_fuentes  lpc40xx_base.lib(glcd.o)
    0x0000b574   0x0000b574   0x00000c00   Data   RO          402    .rodata.tabla_funciones_pines  lpc40xx_base.lib(iocon_lpc40xx.o)
    0x0000c174   0x0000c174   0x00000020   Data   RO          908    Region$$Table       anon$$obj.o


    Execution Region RW_IRAM1 (Exec base: 0x10000000, Load base: 0x0000c198, Size: 0x000008a8, Max: 0x00010000, ABSOLUTE, COMPRESSED[0x00000158])

    Exec Addr    Load Addr    Size         Type   Attr      Idx    E Section Name        Object

    0x10000000   COMPRESSED   0x00000004   Data   RW          334    .data.EMCClock      system_lpc407x_8x_177x_8x.o
    0x10000004   COMPRESSED   0x00000004   Data   RW          333    .data.PeripheralClock  system_lpc407x_8x_177x_8x.o
    0x10000008   COMPRESSED   0x00000004   Data   RW          332    .data.SystemCoreClock  system_lpc407x_8x_177x_8x.o
    0x1000000c   COMPRESSED   0x00000004   Data   RW          335    .data.USBClock      system_lpc407x_8x_177x_8x.o
    0x10000010   COMPRESSED   0x00000002   Data   RW          535    .data.color_texto_actual  lpc40xx_base.lib(glcd.o)
    0x10000012   COMPRESSED   0x00000001   Data   RW          534    .data.desplazamiento_activado  lpc40xx_base.lib(glcd.o)
    0x10000013   COMPRESSED   0x00000001   PAD
    0x10000014   COMPRESSED   0x00000004   Data   RW          530    .data.fuente_actual  lpc40xx_base.lib(glcd.o)
    0x10000018   COMPRESSED   0x000000ac   Data   RW           72    .data.motor1        motor.o
    0x100000c4   COMPRESSED   0x000000ac   Data   RW           73    .data.motor2        motor.o
    0x10000170   COMPRESSED   0x000000ac   Data   RW           74    .data.motor3        motor.o
    0x1000021c   COMPRESSED   0x000000ac   Data   RW           75    .data.motor4        motor.o
    0x100002c8   COMPRESSED   0x000000ac   Data   RW           76    .data.motor5        motor.o
    0x10000374   COMPRESSED   0x000000ac   Data   RW           77    .data.motor6        motor.o
    0x10000420   COMPRESSED   0x00000018   Data   RW           78    .data.ptr_motores   motor.o
    0x10000438        -       0x00000060   Zero   RW          714    .bss                c_w.l(libspace.o)
    0x10000498        -       0x00000004   Zero   RW          531    .bss.__stdout       lpc40xx_base.lib(glcd.o)
    0x1000049c        -       0x00000002   Zero   RW          536    .bss.color_fondo_texto_actual  lpc40xx_base.lib(glcd.o)
    0x1000049e        -       0x00000001   Zero   RW           79    .bss.diferencial    motor.o
    0x1000049f   COMPRESSED   0x00000001   PAD
    0x100004a0        -       0x00000004   Zero   RW          532    .bss.x_texto_actual  lpc40xx_base.lib(glcd.o)
    0x100004a4        -       0x00000004   Zero   RW          533    .bss.y_texto_actual  lpc40xx_base.lib(glcd.o)
    0x100004a8        -       0x00000000   Zero   RW          314    HEAP                startup_lpc407x_8x_177x_8x.o
    0x100004a8        -       0x00000400   Zero   RW          313    STACK               startup_lpc407x_8x_177x_8x.o


    Execution Region RW_IRAM2 (Exec base: 0x20000000, Load base: 0x0000c2f0, Size: 0x00000000, Max: 0x00008000, ABSOLUTE)

    **** No section assigned to this execution region ****


==============================================================================

Image component sizes


      Code (inc. data)   RO Data    RW Data    ZI Data      Debug   Object Name

       288          0          0          0          0       1858   eeprom_lpc40xx.o
       892          0          0          0          0       3897   main.o
      4136         76          0       1056          1      13859   motor.o
      1744          0          0          0          0       7609   scorbot_er_iii.o
        64         26        228          0       1024       1132   startup_lpc407x_8x_177x_8x.o
      1774          0          0         16          0       4346   system_lpc407x_8x_177x_8x.o
      1854          8        376          0          0      12916   uart_lpc40xx.o

    ----------------------------------------------------------------------
     10802        110        636       1072       1026      45617   Object Totals
         0          0         32          0          0          0   (incl. Generated)
        50          0          0          0          1          0   (incl. Padding)

    ----------------------------------------------------------------------

      Code (inc. data)   RO Data    RW Data    ZI Data      Debug   Library Member Name

        24          4          0          0          0         84   __2printf.o
        90          0          0          0          0          0   __dczerorl2.o
         8          0          0          0          0         68   __main.o
       392          4         17          0          0         92   __printf_flags_ss_wp.o
        14          0          0          0          0         68   __printf_wp.o
         0          0          0          0          0          0   __rtentry.o
        12          0          0          0          0          0   __rtentry2.o
         6          0          0          0          0          0   __rtentry4.o
        94          8          0          0          0          0   __scatter.o
        28          0          0          0          0          0   __scatter_zi.o
        44          0          0          0          0        108   _printf_char.o
        48          6          0          0          0         96   _printf_char_common.o
        36          4          0          0          0         80   _printf_char_file.o
       120         16          0          0          0         92   _printf_dec.o
       178          0          0          0          0         88   _printf_intcommon.o
         0          0          0          0          0          0   _printf_percent.o
         4          0          0          0          0          0   _printf_percent_end.o
         6          0          0          0          0          0   _printf_s.o
        82          0          0          0          0         80   _printf_str.o
         6          0          0          0          0          0   _printf_u.o
        18          0          0          0          0         80   exit.o
         6          0          0          0          0        152   heapauxi.o
         2          0          0          0          0          0   libinit.o
         6          0          0          0          0          0   libinit2.o
         2          0          0          0          0          0   libshutdown.o
         2          0          0          0          0          0   libshutdown2.o
         8          4          0          0         96         68   libspace.o
       100          0          0          0          0         80   rt_memcpy_w.o
       122          0          0          0          0         80   rt_memmove_w.o
         2          0          0          0          0          0   rtexit.o
        10          0          0          0          0          0   rtexit2.o
        74          0          0          0          0         80   sys_stackheap_outer.o
         2          0          0          0          0         68   use_no_semi.o
         2          0          0          0          0         68   use_no_semi_2.o
        98          4          0          0          0        140   d2f.o
       812         16          0          0          0        392   daddsub_clz.o
        84          0          0          0          0        244   dcmp.o
        24          0          0          0          0        116   dcmpi.o
       120          4          0          0          0        140   deqf.o
        90          4          0          0          0        140   dfixu.o
        38          0          0          0          0        116   dflt_clz.o
       120          4          0          0          0        140   dgeqf.o
       120          4          0          0          0        140   dleqf.o
       340         12          0          0          0        152   dmul.o
       156          4          0          0          0        140   dnaninf.o
        12          0          0          0          0        116   dretinf.o
        86          4          0          0          0        132   f2d.o
       140          4          0          0          0        132   fnaninf.o
        26          0          0          0          0        116   fpinit.o
        10          0          0          0          0        116   fretinf.o
         0          0          0          0          0          0   usenofp.o
       196         52          0          0          0       1836   error.o
         0          0      10772          0          0        763   fuente_12x24.o
         0          0      14356          0          0        763   fuente_16x32.o
         0          0       3604          0          0        759   fuente_8x16.o
       702         22         38          7         14      19618   glcd.o
       172         24         65          0          0       1415   gpio_lpc40xx.o
       392        128       3203          0          0      10193   iocon_lpc40xx.o
       724        104         38          0          0       4823   timer_lpc40xx.o

    ----------------------------------------------------------------------
      6024        440      32094          8        110      44174   Library Totals
        14          4          1          1          0          0   (incl. Padding)

    ----------------------------------------------------------------------

      Code (inc. data)   RO Data    RW Data    ZI Data      Debug   Library Name

      1548         46         17          0         96       1532   c_w.l
      2276         60          0          0          0       2472   fz_wm.l
      2186        330      32076          7         14      40170   lpc40xx_base.lib

    ----------------------------------------------------------------------
      6024        440      32094          8        110      44174   Library Totals

    ----------------------------------------------------------------------

==============================================================================


      Code (inc. data)   RO Data    RW Data    ZI Data      Debug   

     16826        550      32730       1080       1136      87331   Grand Totals
     16826        550      32730        344       1136      87331   ELF Image Totals (compressed)
     16826        550      32730        344          0          0   ROM Totals

==============================================================================

    Total RO  Size (Code + RO Data)                49556 (  48.39kB)
    Total RW  Size (RW Data + ZI Data)              2216 (   2.16kB)
    Total ROM Size (Code + RO Data + RW Data)      49900 (  48.73kB)

==============================================================================

