<!doctype html public "-//w3c//dtd html 4.0 transitional//en">
<html><head>
<title>Static Call Graph - [.\Objects\PWM_Dual.axf]</title></head>
<body><HR>
<H1>Static Call Graph for image .\Objects\PWM_Dual.axf</H1><HR>
<BR><P>#&#060CALLGRAPH&#062# ARM Linker, 6230001: Last Updated: Mon Feb  2 14:23:42 2026
<BR><P>
<H3>Maximum Stack Usage =        304 bytes + Unknown(Functions without stacksize, Cycles, Untraceable Function Pointers)</H3><H3>
Call chain for Maximum Stack Depth:</H3>
__rt_entry_main &rArr; main &rArr; rotar_pinza &rArr; motor_ajustar_posicion_absoluta_diferencial &rArr; motor_ajustar_posicion_relativa_diferencial &rArr; calculatePID &rArr; timer_leer &rArr; parar_con_error &rArr; __2printf &rArr; _printf_char_file &rArr; _printf_char_common &rArr; __printf
<P>
<H3>
Functions with no stack information
</H3><UL>
 <LI><a href="#[58]">__user_initial_stackheap</a>
</UL>
</UL>
<P>
<H3>
Mutually Recursive functions
</H3> <LI><a href="#[1]">NMI_Handler</a>&nbsp;&nbsp;&nbsp;&rArr;&nbsp;&nbsp;&nbsp;<a href="#[1]">NMI_Handler</a><BR>
 <LI><a href="#[3]">MemManage_Handler</a>&nbsp;&nbsp;&nbsp;&rArr;&nbsp;&nbsp;&nbsp;<a href="#[3]">MemManage_Handler</a><BR>
 <LI><a href="#[4]">BusFault_Handler</a>&nbsp;&nbsp;&nbsp;&rArr;&nbsp;&nbsp;&nbsp;<a href="#[4]">BusFault_Handler</a><BR>
 <LI><a href="#[5]">UsageFault_Handler</a>&nbsp;&nbsp;&nbsp;&rArr;&nbsp;&nbsp;&nbsp;<a href="#[5]">UsageFault_Handler</a><BR>
 <LI><a href="#[6]">SVC_Handler</a>&nbsp;&nbsp;&nbsp;&rArr;&nbsp;&nbsp;&nbsp;<a href="#[6]">SVC_Handler</a><BR>
 <LI><a href="#[7]">DebugMon_Handler</a>&nbsp;&nbsp;&nbsp;&rArr;&nbsp;&nbsp;&nbsp;<a href="#[7]">DebugMon_Handler</a><BR>
 <LI><a href="#[8]">PendSV_Handler</a>&nbsp;&nbsp;&nbsp;&rArr;&nbsp;&nbsp;&nbsp;<a href="#[8]">PendSV_Handler</a><BR>
 <LI><a href="#[9]">SysTick_Handler</a>&nbsp;&nbsp;&nbsp;&rArr;&nbsp;&nbsp;&nbsp;<a href="#[9]">SysTick_Handler</a><BR>
 <LI><a href="#[1f]">ADC_IRQHandler</a>&nbsp;&nbsp;&nbsp;&rArr;&nbsp;&nbsp;&nbsp;<a href="#[1f]">ADC_IRQHandler</a><BR>
</UL>
<P>
<H3>
Function Pointers
</H3><UL>
 <LI><a href="#[1f]">ADC_IRQHandler</a> from startup_lpc407x_8x_177x_8x.o(.text) referenced from startup_lpc407x_8x_177x_8x.o(RESET)
 <LI><a href="#[20]">BOD_IRQHandler</a> from startup_lpc407x_8x_177x_8x.o(.text) referenced from startup_lpc407x_8x_177x_8x.o(RESET)
 <LI><a href="#[4]">BusFault_Handler</a> from startup_lpc407x_8x_177x_8x.o(.text) referenced from startup_lpc407x_8x_177x_8x.o(RESET)
 <LI><a href="#[2b]">CANActivity_IRQHandler</a> from startup_lpc407x_8x_177x_8x.o(.text) referenced from startup_lpc407x_8x_177x_8x.o(RESET)
 <LI><a href="#[22]">CAN_IRQHandler</a> from startup_lpc407x_8x_177x_8x.o(.text) referenced from startup_lpc407x_8x_177x_8x.o(RESET)
 <LI><a href="#[23]">DMA_IRQHandler</a> from startup_lpc407x_8x_177x_8x.o(.text) referenced from startup_lpc407x_8x_177x_8x.o(RESET)
 <LI><a href="#[7]">DebugMon_Handler</a> from startup_lpc407x_8x_177x_8x.o(.text) referenced from startup_lpc407x_8x_177x_8x.o(RESET)
 <LI><a href="#[31]">EEPROM_IRQHandler</a> from startup_lpc407x_8x_177x_8x.o(.text) referenced from startup_lpc407x_8x_177x_8x.o(RESET)
 <LI><a href="#[1b]">EINT0_IRQHandler</a> from startup_lpc407x_8x_177x_8x.o(.text) referenced from startup_lpc407x_8x_177x_8x.o(RESET)
 <LI><a href="#[1c]">EINT1_IRQHandler</a> from startup_lpc407x_8x_177x_8x.o(.text) referenced from startup_lpc407x_8x_177x_8x.o(RESET)
 <LI><a href="#[1d]">EINT2_IRQHandler</a> from startup_lpc407x_8x_177x_8x.o(.text) referenced from startup_lpc407x_8x_177x_8x.o(RESET)
 <LI><a href="#[1e]">EINT3_IRQHandler</a> from startup_lpc407x_8x_177x_8x.o(.text) referenced from startup_lpc407x_8x_177x_8x.o(RESET)
 <LI><a href="#[25]">ENET_IRQHandler</a> from startup_lpc407x_8x_177x_8x.o(.text) referenced from startup_lpc407x_8x_177x_8x.o(RESET)
 <LI><a href="#[2f]">GPIO_IRQHandler</a> from main.o(.text.GPIO_IRQHandler) referenced from startup_lpc407x_8x_177x_8x.o(RESET)
 <LI><a href="#[2]">HardFault_Handler</a> from error.o(.text.HardFault_Handler) referenced from startup_lpc407x_8x_177x_8x.o(RESET)
 <LI><a href="#[14]">I2C0_IRQHandler</a> from startup_lpc407x_8x_177x_8x.o(.text) referenced from startup_lpc407x_8x_177x_8x.o(RESET)
 <LI><a href="#[15]">I2C1_IRQHandler</a> from startup_lpc407x_8x_177x_8x.o(.text) referenced from startup_lpc407x_8x_177x_8x.o(RESET)
 <LI><a href="#[16]">I2C2_IRQHandler</a> from startup_lpc407x_8x_177x_8x.o(.text) referenced from startup_lpc407x_8x_177x_8x.o(RESET)
 <LI><a href="#[24]">I2S_IRQHandler</a> from startup_lpc407x_8x_177x_8x.o(.text) referenced from startup_lpc407x_8x_177x_8x.o(RESET)
 <LI><a href="#[2e]">LCD_IRQHandler</a> from startup_lpc407x_8x_177x_8x.o(.text) referenced from startup_lpc407x_8x_177x_8x.o(RESET)
 <LI><a href="#[26]">MCI_IRQHandler</a> from startup_lpc407x_8x_177x_8x.o(.text) referenced from startup_lpc407x_8x_177x_8x.o(RESET)
 <LI><a href="#[27]">MCPWM_IRQHandler</a> from startup_lpc407x_8x_177x_8x.o(.text) referenced from startup_lpc407x_8x_177x_8x.o(RESET)
 <LI><a href="#[3]">MemManage_Handler</a> from startup_lpc407x_8x_177x_8x.o(.text) referenced from startup_lpc407x_8x_177x_8x.o(RESET)
 <LI><a href="#[1]">NMI_Handler</a> from startup_lpc407x_8x_177x_8x.o(.text) referenced from startup_lpc407x_8x_177x_8x.o(RESET)
 <LI><a href="#[19]">PLL0_IRQHandler</a> from startup_lpc407x_8x_177x_8x.o(.text) referenced from startup_lpc407x_8x_177x_8x.o(RESET)
 <LI><a href="#[29]">PLL1_IRQHandler</a> from startup_lpc407x_8x_177x_8x.o(.text) referenced from startup_lpc407x_8x_177x_8x.o(RESET)
 <LI><a href="#[30]">PWM0_IRQHandler</a> from startup_lpc407x_8x_177x_8x.o(.text) referenced from startup_lpc407x_8x_177x_8x.o(RESET)
 <LI><a href="#[13]">PWM1_IRQHandler</a> from startup_lpc407x_8x_177x_8x.o(.text) referenced from startup_lpc407x_8x_177x_8x.o(RESET)
 <LI><a href="#[8]">PendSV_Handler</a> from startup_lpc407x_8x_177x_8x.o(.text) referenced from startup_lpc407x_8x_177x_8x.o(RESET)
 <LI><a href="#[28]">QEI_IRQHandler</a> from startup_lpc407x_8x_177x_8x.o(.text) referenced from startup_lpc407x_8x_177x_8x.o(RESET)
 <LI><a href="#[1a]">RTC_IRQHandler</a> from startup_lpc407x_8x_177x_8x.o(.text) referenced from startup_lpc407x_8x_177x_8x.o(RESET)
 <LI><a href="#[0]">Reset_Handler</a> from startup_lpc407x_8x_177x_8x.o(.text) referenced from startup_lpc407x_8x_177x_8x.o(RESET)
 <LI><a href="#[17]">SSP0_IRQHandler</a> from startup_lpc407x_8x_177x_8x.o(.text) referenced from startup_lpc407x_8x_177x_8x.o(RESET)
 <LI><a href="#[18]">SSP1_IRQHandler</a> from startup_lpc407x_8x_177x_8x.o(.text) referenced from startup_lpc407x_8x_177x_8x.o(RESET)
 <LI><a href="#[2d]">SSP2_IRQHandler</a> from startup_lpc407x_8x_177x_8x.o(.text) referenced from startup_lpc407x_8x_177x_8x.o(RESET)
 <LI><a href="#[6]">SVC_Handler</a> from startup_lpc407x_8x_177x_8x.o(.text) referenced from startup_lpc407x_8x_177x_8x.o(RESET)
 <LI><a href="#[9]">SysTick_Handler</a> from startup_lpc407x_8x_177x_8x.o(.text) referenced from startup_lpc407x_8x_177x_8x.o(RESET)
 <LI><a href="#[32]">SystemInit</a> from system_lpc407x_8x_177x_8x.o(.text.SystemInit) referenced from startup_lpc407x_8x_177x_8x.o(.text)
 <LI><a href="#[b]">TIMER0_IRQHandler</a> from startup_lpc407x_8x_177x_8x.o(.text) referenced from startup_lpc407x_8x_177x_8x.o(RESET)
 <LI><a href="#[c]">TIMER1_IRQHandler</a> from startup_lpc407x_8x_177x_8x.o(.text) referenced from startup_lpc407x_8x_177x_8x.o(RESET)
 <LI><a href="#[d]">TIMER2_IRQHandler</a> from startup_lpc407x_8x_177x_8x.o(.text) referenced from startup_lpc407x_8x_177x_8x.o(RESET)
 <LI><a href="#[e]">TIMER3_IRQHandler</a> from startup_lpc407x_8x_177x_8x.o(.text) referenced from startup_lpc407x_8x_177x_8x.o(RESET)
 <LI><a href="#[f]">UART0_IRQHandler</a> from startup_lpc407x_8x_177x_8x.o(.text) referenced from startup_lpc407x_8x_177x_8x.o(RESET)
 <LI><a href="#[10]">UART1_IRQHandler</a> from startup_lpc407x_8x_177x_8x.o(.text) referenced from startup_lpc407x_8x_177x_8x.o(RESET)
 <LI><a href="#[11]">UART2_IRQHandler</a> from startup_lpc407x_8x_177x_8x.o(.text) referenced from startup_lpc407x_8x_177x_8x.o(RESET)
 <LI><a href="#[12]">UART3_IRQHandler</a> from startup_lpc407x_8x_177x_8x.o(.text) referenced from startup_lpc407x_8x_177x_8x.o(RESET)
 <LI><a href="#[2c]">UART4_IRQHandler</a> from startup_lpc407x_8x_177x_8x.o(.text) referenced from startup_lpc407x_8x_177x_8x.o(RESET)
 <LI><a href="#[2a]">USBActivity_IRQHandler</a> from startup_lpc407x_8x_177x_8x.o(.text) referenced from startup_lpc407x_8x_177x_8x.o(RESET)
 <LI><a href="#[21]">USB_IRQHandler</a> from startup_lpc407x_8x_177x_8x.o(.text) referenced from startup_lpc407x_8x_177x_8x.o(RESET)
 <LI><a href="#[5]">UsageFault_Handler</a> from startup_lpc407x_8x_177x_8x.o(.text) referenced from startup_lpc407x_8x_177x_8x.o(RESET)
 <LI><a href="#[a]">WDT_IRQHandler</a> from startup_lpc407x_8x_177x_8x.o(.text) referenced from startup_lpc407x_8x_177x_8x.o(RESET)
 <LI><a href="#[33]">__main</a> from __main.o(!!!main) referenced from startup_lpc407x_8x_177x_8x.o(.text)
 <LI><a href="#[35]">_printf_input_char</a> from _printf_char_common.o(.text) referenced from _printf_char_common.o(.text)
 <LI><a href="#[34]">fputc</a> from glcd.o(.text.fputc) referenced from _printf_char_file.o(.text)
</UL>
<P>
<H3>
Global Symbols
</H3>
<P><STRONG><a name="[33]"></a>__main</STRONG> (Thumb, 8 bytes, Stack size 0 bytes, __main.o(!!!main))
<BR><BR>[Calls]<UL><LI><a href="#[37]">&gt;&gt;</a>&nbsp;&nbsp;&nbsp;__rt_entry
<LI><a href="#[36]">&gt;&gt;</a>&nbsp;&nbsp;&nbsp;__scatterload
</UL>
<BR>[Address Reference Count : 1]<UL><LI> startup_lpc407x_8x_177x_8x.o(.text)
</UL>
<P><STRONG><a name="[36]"></a>__scatterload</STRONG> (Thumb, 0 bytes, Stack size unknown bytes, __scatter.o(!!!scatter))
<BR><BR>[Called By]<UL><LI><a href="#[33]">&gt;&gt;</a>&nbsp;&nbsp;&nbsp;__main
</UL>

<P><STRONG><a name="[38]"></a>__scatterload_rt2</STRONG> (Thumb, 84 bytes, Stack size unknown bytes, __scatter.o(!!!scatter), UNUSED)
<BR><BR>[Calls]<UL><LI><a href="#[37]">&gt;&gt;</a>&nbsp;&nbsp;&nbsp;__rt_entry
</UL>

<P><STRONG><a name="[b8]"></a>__scatterload_rt2_thumb_only</STRONG> (Thumb, 0 bytes, Stack size unknown bytes, __scatter.o(!!!scatter), UNUSED)

<P><STRONG><a name="[b9]"></a>__scatterload_loop</STRONG> (Thumb, 0 bytes, Stack size unknown bytes, __scatter.o(!!!scatter), UNUSED)

<P><STRONG><a name="[ba]"></a>__decompress</STRONG> (Thumb, 90 bytes, Stack size unknown bytes, __dczerorl2.o(!!dczerorl2), UNUSED)

<P><STRONG><a name="[bb]"></a>__decompress1</STRONG> (Thumb, 0 bytes, Stack size unknown bytes, __dczerorl2.o(!!dczerorl2), UNUSED)

<P><STRONG><a name="[bc]"></a>__scatterload_null</STRONG> (Thumb, 2 bytes, Stack size unknown bytes, __scatter.o(!!handler_null), UNUSED)

<P><STRONG><a name="[bd]"></a>__scatterload_zeroinit</STRONG> (Thumb, 28 bytes, Stack size unknown bytes, __scatter_zi.o(!!handler_zi), UNUSED)

<P><STRONG><a name="[54]"></a>_printf_percent</STRONG> (Thumb, 0 bytes, Stack size unknown bytes, _printf_percent.o(.ARM.Collect$$_printf_percent$$00000000))
<BR><BR>[Called By]<UL><LI><a href="#[52]">&gt;&gt;</a>&nbsp;&nbsp;&nbsp;__printf
</UL>

<P><STRONG><a name="[39]"></a>_printf_u</STRONG> (Thumb, 0 bytes, Stack size unknown bytes, _printf_u.o(.ARM.Collect$$_printf_percent$$0000000A))
<BR><BR>[Stack]<UL><LI>Max Depth = 56 + Unknown Stack Size
<LI>Call Chain = _printf_u &rArr; _printf_int_dec &rArr; _printf_int_common
</UL>
<BR>[Calls]<UL><LI><a href="#[3a]">&gt;&gt;</a>&nbsp;&nbsp;&nbsp;_printf_int_dec
</UL>

<P><STRONG><a name="[3b]"></a>_printf_s</STRONG> (Thumb, 0 bytes, Stack size unknown bytes, _printf_s.o(.ARM.Collect$$_printf_percent$$00000014))
<BR><BR>[Stack]<UL><LI>Max Depth = 24 + Unknown Stack Size
<LI>Call Chain = _printf_s &rArr; _printf_string &rArr; _printf_cs_common &rArr; _printf_str
</UL>
<BR>[Calls]<UL><LI><a href="#[3c]">&gt;&gt;</a>&nbsp;&nbsp;&nbsp;_printf_string
</UL>

<P><STRONG><a name="[be]"></a>_printf_percent_end</STRONG> (Thumb, 0 bytes, Stack size unknown bytes, _printf_percent_end.o(.ARM.Collect$$_printf_percent$$00000017))

<P><STRONG><a name="[42]"></a>__rt_lib_init</STRONG> (Thumb, 0 bytes, Stack size unknown bytes, libinit.o(.ARM.Collect$$libinit$$00000000))
<BR><BR>[Called By]<UL><LI><a href="#[41]">&gt;&gt;</a>&nbsp;&nbsp;&nbsp;__rt_entry_li
</UL>

<P><STRONG><a name="[3d]"></a>__rt_lib_init_fp_1</STRONG> (Thumb, 0 bytes, Stack size unknown bytes, libinit2.o(.ARM.Collect$$libinit$$00000001))
<BR><BR>[Calls]<UL><LI><a href="#[3e]">&gt;&gt;</a>&nbsp;&nbsp;&nbsp;_fp_init
</UL>

<P><STRONG><a name="[bf]"></a>__rt_lib_init_alloca_1</STRONG> (Thumb, 0 bytes, Stack size unknown bytes, libinit2.o(.ARM.Collect$$libinit$$00000030))

<P><STRONG><a name="[c0]"></a>__rt_lib_init_argv_1</STRONG> (Thumb, 0 bytes, Stack size unknown bytes, libinit2.o(.ARM.Collect$$libinit$$0000002E))

<P><STRONG><a name="[c1]"></a>__rt_lib_init_atexit_1</STRONG> (Thumb, 0 bytes, Stack size unknown bytes, libinit2.o(.ARM.Collect$$libinit$$0000001D))

<P><STRONG><a name="[c2]"></a>__rt_lib_init_clock_1</STRONG> (Thumb, 0 bytes, Stack size unknown bytes, libinit2.o(.ARM.Collect$$libinit$$00000023))

<P><STRONG><a name="[c3]"></a>__rt_lib_init_cpp_1</STRONG> (Thumb, 0 bytes, Stack size unknown bytes, libinit2.o(.ARM.Collect$$libinit$$00000034))

<P><STRONG><a name="[c4]"></a>__rt_lib_init_exceptions_1</STRONG> (Thumb, 0 bytes, Stack size unknown bytes, libinit2.o(.ARM.Collect$$libinit$$00000032))

<P><STRONG><a name="[c5]"></a>__rt_lib_init_fp_trap_1</STRONG> (Thumb, 0 bytes, Stack size unknown bytes, libinit2.o(.ARM.Collect$$libinit$$00000021))

<P><STRONG><a name="[c6]"></a>__rt_lib_init_getenv_1</STRONG> (Thumb, 0 bytes, Stack size unknown bytes, libinit2.o(.ARM.Collect$$libinit$$00000025))

<P><STRONG><a name="[c7]"></a>__rt_lib_init_heap_1</STRONG> (Thumb, 0 bytes, Stack size unknown bytes, libinit2.o(.ARM.Collect$$libinit$$0000000C))

<P><STRONG><a name="[c8]"></a>__rt_lib_init_lc_collate_1</STRONG> (Thumb, 0 bytes, Stack size unknown bytes, libinit2.o(.ARM.Collect$$libinit$$00000013))

<P><STRONG><a name="[c9]"></a>__rt_lib_init_lc_ctype_1</STRONG> (Thumb, 0 bytes, Stack size unknown bytes, libinit2.o(.ARM.Collect$$libinit$$00000015))

<P><STRONG><a name="[ca]"></a>__rt_lib_init_lc_monetary_1</STRONG> (Thumb, 0 bytes, Stack size unknown bytes, libinit2.o(.ARM.Collect$$libinit$$00000017))

<P><STRONG><a name="[cb]"></a>__rt_lib_init_lc_numeric_1</STRONG> (Thumb, 0 bytes, Stack size unknown bytes, libinit2.o(.ARM.Collect$$libinit$$00000019))

<P><STRONG><a name="[cc]"></a>__rt_lib_init_lc_time_1</STRONG> (Thumb, 0 bytes, Stack size unknown bytes, libinit2.o(.ARM.Collect$$libinit$$0000001B))

<P><STRONG><a name="[cd]"></a>__rt_lib_init_preinit_1</STRONG> (Thumb, 0 bytes, Stack size unknown bytes, libinit2.o(.ARM.Collect$$libinit$$00000006))

<P><STRONG><a name="[ce]"></a>__rt_lib_init_rand_1</STRONG> (Thumb, 0 bytes, Stack size unknown bytes, libinit2.o(.ARM.Collect$$libinit$$00000010))

<P><STRONG><a name="[cf]"></a>__rt_lib_init_relocate_pie_1</STRONG> (Thumb, 0 bytes, Stack size unknown bytes, libinit2.o(.ARM.Collect$$libinit$$00000004))

<P><STRONG><a name="[d0]"></a>__rt_lib_init_return</STRONG> (Thumb, 0 bytes, Stack size unknown bytes, libinit2.o(.ARM.Collect$$libinit$$00000035))

<P><STRONG><a name="[d1]"></a>__rt_lib_init_signal_1</STRONG> (Thumb, 0 bytes, Stack size unknown bytes, libinit2.o(.ARM.Collect$$libinit$$0000001F))

<P><STRONG><a name="[d2]"></a>__rt_lib_init_stdio_1</STRONG> (Thumb, 0 bytes, Stack size unknown bytes, libinit2.o(.ARM.Collect$$libinit$$00000027))

<P><STRONG><a name="[d3]"></a>__rt_lib_init_user_alloc_1</STRONG> (Thumb, 0 bytes, Stack size unknown bytes, libinit2.o(.ARM.Collect$$libinit$$0000000E))

<P><STRONG><a name="[47]"></a>__rt_lib_shutdown</STRONG> (Thumb, 0 bytes, Stack size unknown bytes, libshutdown.o(.ARM.Collect$$libshutdown$$00000000))
<BR><BR>[Called By]<UL><LI><a href="#[46]">&gt;&gt;</a>&nbsp;&nbsp;&nbsp;__rt_exit_ls
</UL>

<P><STRONG><a name="[d4]"></a>__rt_lib_shutdown_cpp_1</STRONG> (Thumb, 0 bytes, Stack size unknown bytes, libshutdown2.o(.ARM.Collect$$libshutdown$$00000002))

<P><STRONG><a name="[d5]"></a>__rt_lib_shutdown_fp_trap_1</STRONG> (Thumb, 0 bytes, Stack size unknown bytes, libshutdown2.o(.ARM.Collect$$libshutdown$$00000007))

<P><STRONG><a name="[d6]"></a>__rt_lib_shutdown_heap_1</STRONG> (Thumb, 0 bytes, Stack size unknown bytes, libshutdown2.o(.ARM.Collect$$libshutdown$$0000000F))

<P><STRONG><a name="[d7]"></a>__rt_lib_shutdown_return</STRONG> (Thumb, 0 bytes, Stack size unknown bytes, libshutdown2.o(.ARM.Collect$$libshutdown$$00000010))

<P><STRONG><a name="[d8]"></a>__rt_lib_shutdown_signal_1</STRONG> (Thumb, 0 bytes, Stack size unknown bytes, libshutdown2.o(.ARM.Collect$$libshutdown$$0000000A))

<P><STRONG><a name="[d9]"></a>__rt_lib_shutdown_stdio_1</STRONG> (Thumb, 0 bytes, Stack size unknown bytes, libshutdown2.o(.ARM.Collect$$libshutdown$$00000004))

<P><STRONG><a name="[da]"></a>__rt_lib_shutdown_user_alloc_1</STRONG> (Thumb, 0 bytes, Stack size unknown bytes, libshutdown2.o(.ARM.Collect$$libshutdown$$0000000C))

<P><STRONG><a name="[37]"></a>__rt_entry</STRONG> (Thumb, 0 bytes, Stack size unknown bytes, __rtentry.o(.ARM.Collect$$rtentry$$00000000))
<BR><BR>[Called By]<UL><LI><a href="#[33]">&gt;&gt;</a>&nbsp;&nbsp;&nbsp;__main
<LI><a href="#[38]">&gt;&gt;</a>&nbsp;&nbsp;&nbsp;__scatterload_rt2
</UL>

<P><STRONG><a name="[db]"></a>__rt_entry_presh_1</STRONG> (Thumb, 0 bytes, Stack size unknown bytes, __rtentry2.o(.ARM.Collect$$rtentry$$00000002))

<P><STRONG><a name="[3f]"></a>__rt_entry_sh</STRONG> (Thumb, 0 bytes, Stack size unknown bytes, __rtentry4.o(.ARM.Collect$$rtentry$$00000004))
<BR><BR>[Stack]<UL><LI>Max Depth = 8 + Unknown Stack Size
<LI>Call Chain = __rt_entry_sh &rArr; __user_setup_stackheap
</UL>
<BR>[Calls]<UL><LI><a href="#[40]">&gt;&gt;</a>&nbsp;&nbsp;&nbsp;__user_setup_stackheap
</UL>

<P><STRONG><a name="[41]"></a>__rt_entry_li</STRONG> (Thumb, 0 bytes, Stack size unknown bytes, __rtentry2.o(.ARM.Collect$$rtentry$$0000000A))
<BR><BR>[Calls]<UL><LI><a href="#[42]">&gt;&gt;</a>&nbsp;&nbsp;&nbsp;__rt_lib_init
</UL>

<P><STRONG><a name="[dc]"></a>__rt_entry_postsh_1</STRONG> (Thumb, 0 bytes, Stack size unknown bytes, __rtentry2.o(.ARM.Collect$$rtentry$$00000009))

<P><STRONG><a name="[43]"></a>__rt_entry_main</STRONG> (Thumb, 0 bytes, Stack size unknown bytes, __rtentry2.o(.ARM.Collect$$rtentry$$0000000D))
<BR><BR>[Stack]<UL><LI>Max Depth = 304 + Unknown Stack Size
<LI>Call Chain = __rt_entry_main &rArr; main &rArr; rotar_pinza &rArr; motor_ajustar_posicion_absoluta_diferencial &rArr; motor_ajustar_posicion_relativa_diferencial &rArr; calculatePID &rArr; timer_leer &rArr; parar_con_error &rArr; __2printf &rArr; _printf_char_file &rArr; _printf_char_common &rArr; __printf
</UL>
<BR>[Calls]<UL><LI><a href="#[44]">&gt;&gt;</a>&nbsp;&nbsp;&nbsp;main
<LI><a href="#[45]">&gt;&gt;</a>&nbsp;&nbsp;&nbsp;exit
</UL>

<P><STRONG><a name="[dd]"></a>__rt_entry_postli_1</STRONG> (Thumb, 0 bytes, Stack size unknown bytes, __rtentry2.o(.ARM.Collect$$rtentry$$0000000C))

<P><STRONG><a name="[59]"></a>__rt_exit</STRONG> (Thumb, 0 bytes, Stack size unknown bytes, rtexit.o(.ARM.Collect$$rtexit$$00000000))
<BR><BR>[Called By]<UL><LI><a href="#[45]">&gt;&gt;</a>&nbsp;&nbsp;&nbsp;exit
</UL>

<P><STRONG><a name="[46]"></a>__rt_exit_ls</STRONG> (Thumb, 0 bytes, Stack size unknown bytes, rtexit2.o(.ARM.Collect$$rtexit$$00000003))
<BR><BR>[Calls]<UL><LI><a href="#[47]">&gt;&gt;</a>&nbsp;&nbsp;&nbsp;__rt_lib_shutdown
</UL>

<P><STRONG><a name="[de]"></a>__rt_exit_prels_1</STRONG> (Thumb, 0 bytes, Stack size unknown bytes, rtexit2.o(.ARM.Collect$$rtexit$$00000002))

<P><STRONG><a name="[48]"></a>__rt_exit_exit</STRONG> (Thumb, 0 bytes, Stack size unknown bytes, rtexit2.o(.ARM.Collect$$rtexit$$00000004))
<BR><BR>[Calls]<UL><LI><a href="#[49]">&gt;&gt;</a>&nbsp;&nbsp;&nbsp;_sys_exit
</UL>

<P><STRONG><a name="[0]"></a>Reset_Handler</STRONG> (Thumb, 8 bytes, Stack size 0 bytes, startup_lpc407x_8x_177x_8x.o(.text))
<BR>[Address Reference Count : 1]<UL><LI> startup_lpc407x_8x_177x_8x.o(RESET)
</UL>
<P><STRONG><a name="[1]"></a>NMI_Handler</STRONG> (Thumb, 2 bytes, Stack size 0 bytes, startup_lpc407x_8x_177x_8x.o(.text))
<BR><BR>[Calls]<UL><LI><a href="#[1]">&gt;&gt;</a>&nbsp;&nbsp;&nbsp;NMI_Handler
</UL>
<BR>[Called By]<UL><LI><a href="#[1]">&gt;&gt;</a>&nbsp;&nbsp;&nbsp;NMI_Handler
</UL>
<BR>[Address Reference Count : 1]<UL><LI> startup_lpc407x_8x_177x_8x.o(RESET)
</UL>
<P><STRONG><a name="[3]"></a>MemManage_Handler</STRONG> (Thumb, 2 bytes, Stack size 0 bytes, startup_lpc407x_8x_177x_8x.o(.text))
<BR><BR>[Calls]<UL><LI><a href="#[3]">&gt;&gt;</a>&nbsp;&nbsp;&nbsp;MemManage_Handler
</UL>
<BR>[Called By]<UL><LI><a href="#[3]">&gt;&gt;</a>&nbsp;&nbsp;&nbsp;MemManage_Handler
</UL>
<BR>[Address Reference Count : 1]<UL><LI> startup_lpc407x_8x_177x_8x.o(RESET)
</UL>
<P><STRONG><a name="[4]"></a>BusFault_Handler</STRONG> (Thumb, 2 bytes, Stack size 0 bytes, startup_lpc407x_8x_177x_8x.o(.text))
<BR><BR>[Calls]<UL><LI><a href="#[4]">&gt;&gt;</a>&nbsp;&nbsp;&nbsp;BusFault_Handler
</UL>
<BR>[Called By]<UL><LI><a href="#[4]">&gt;&gt;</a>&nbsp;&nbsp;&nbsp;BusFault_Handler
</UL>
<BR>[Address Reference Count : 1]<UL><LI> startup_lpc407x_8x_177x_8x.o(RESET)
</UL>
<P><STRONG><a name="[5]"></a>UsageFault_Handler</STRONG> (Thumb, 2 bytes, Stack size 0 bytes, startup_lpc407x_8x_177x_8x.o(.text))
<BR><BR>[Calls]<UL><LI><a href="#[5]">&gt;&gt;</a>&nbsp;&nbsp;&nbsp;UsageFault_Handler
</UL>
<BR>[Called By]<UL><LI><a href="#[5]">&gt;&gt;</a>&nbsp;&nbsp;&nbsp;UsageFault_Handler
</UL>
<BR>[Address Reference Count : 1]<UL><LI> startup_lpc407x_8x_177x_8x.o(RESET)
</UL>
<P><STRONG><a name="[6]"></a>SVC_Handler</STRONG> (Thumb, 2 bytes, Stack size 0 bytes, startup_lpc407x_8x_177x_8x.o(.text))
<BR><BR>[Calls]<UL><LI><a href="#[6]">&gt;&gt;</a>&nbsp;&nbsp;&nbsp;SVC_Handler
</UL>
<BR>[Called By]<UL><LI><a href="#[6]">&gt;&gt;</a>&nbsp;&nbsp;&nbsp;SVC_Handler
</UL>
<BR>[Address Reference Count : 1]<UL><LI> startup_lpc407x_8x_177x_8x.o(RESET)
</UL>
<P><STRONG><a name="[7]"></a>DebugMon_Handler</STRONG> (Thumb, 2 bytes, Stack size 0 bytes, startup_lpc407x_8x_177x_8x.o(.text))
<BR><BR>[Calls]<UL><LI><a href="#[7]">&gt;&gt;</a>&nbsp;&nbsp;&nbsp;DebugMon_Handler
</UL>
<BR>[Called By]<UL><LI><a href="#[7]">&gt;&gt;</a>&nbsp;&nbsp;&nbsp;DebugMon_Handler
</UL>
<BR>[Address Reference Count : 1]<UL><LI> startup_lpc407x_8x_177x_8x.o(RESET)
</UL>
<P><STRONG><a name="[8]"></a>PendSV_Handler</STRONG> (Thumb, 2 bytes, Stack size 0 bytes, startup_lpc407x_8x_177x_8x.o(.text))
<BR><BR>[Calls]<UL><LI><a href="#[8]">&gt;&gt;</a>&nbsp;&nbsp;&nbsp;PendSV_Handler
</UL>
<BR>[Called By]<UL><LI><a href="#[8]">&gt;&gt;</a>&nbsp;&nbsp;&nbsp;PendSV_Handler
</UL>
<BR>[Address Reference Count : 1]<UL><LI> startup_lpc407x_8x_177x_8x.o(RESET)
</UL>
<P><STRONG><a name="[9]"></a>SysTick_Handler</STRONG> (Thumb, 2 bytes, Stack size 0 bytes, startup_lpc407x_8x_177x_8x.o(.text))
<BR><BR>[Calls]<UL><LI><a href="#[9]">&gt;&gt;</a>&nbsp;&nbsp;&nbsp;SysTick_Handler
</UL>
<BR>[Called By]<UL><LI><a href="#[9]">&gt;&gt;</a>&nbsp;&nbsp;&nbsp;SysTick_Handler
</UL>
<BR>[Address Reference Count : 1]<UL><LI> startup_lpc407x_8x_177x_8x.o(RESET)
</UL>
<P><STRONG><a name="[1f]"></a>ADC_IRQHandler</STRONG> (Thumb, 0 bytes, Stack size 0 bytes, startup_lpc407x_8x_177x_8x.o(.text))
<BR><BR>[Calls]<UL><LI><a href="#[1f]">&gt;&gt;</a>&nbsp;&nbsp;&nbsp;ADC_IRQHandler
</UL>
<BR>[Called By]<UL><LI><a href="#[1f]">&gt;&gt;</a>&nbsp;&nbsp;&nbsp;ADC_IRQHandler
</UL>
<BR>[Address Reference Count : 1]<UL><LI> startup_lpc407x_8x_177x_8x.o(RESET)
</UL>
<P><STRONG><a name="[20]"></a>BOD_IRQHandler</STRONG> (Thumb, 0 bytes, Stack size 0 bytes, startup_lpc407x_8x_177x_8x.o(.text))
<BR>[Address Reference Count : 1]<UL><LI> startup_lpc407x_8x_177x_8x.o(RESET)
</UL>
<P><STRONG><a name="[2b]"></a>CANActivity_IRQHandler</STRONG> (Thumb, 0 bytes, Stack size 0 bytes, startup_lpc407x_8x_177x_8x.o(.text))
<BR>[Address Reference Count : 1]<UL><LI> startup_lpc407x_8x_177x_8x.o(RESET)
</UL>
<P><STRONG><a name="[22]"></a>CAN_IRQHandler</STRONG> (Thumb, 0 bytes, Stack size 0 bytes, startup_lpc407x_8x_177x_8x.o(.text))
<BR>[Address Reference Count : 1]<UL><LI> startup_lpc407x_8x_177x_8x.o(RESET)
</UL>
<P><STRONG><a name="[23]"></a>DMA_IRQHandler</STRONG> (Thumb, 0 bytes, Stack size 0 bytes, startup_lpc407x_8x_177x_8x.o(.text))
<BR>[Address Reference Count : 1]<UL><LI> startup_lpc407x_8x_177x_8x.o(RESET)
</UL>
<P><STRONG><a name="[31]"></a>EEPROM_IRQHandler</STRONG> (Thumb, 0 bytes, Stack size 0 bytes, startup_lpc407x_8x_177x_8x.o(.text))
<BR>[Address Reference Count : 1]<UL><LI> startup_lpc407x_8x_177x_8x.o(RESET)
</UL>
<P><STRONG><a name="[1b]"></a>EINT0_IRQHandler</STRONG> (Thumb, 0 bytes, Stack size 0 bytes, startup_lpc407x_8x_177x_8x.o(.text))
<BR>[Address Reference Count : 1]<UL><LI> startup_lpc407x_8x_177x_8x.o(RESET)
</UL>
<P><STRONG><a name="[1c]"></a>EINT1_IRQHandler</STRONG> (Thumb, 0 bytes, Stack size 0 bytes, startup_lpc407x_8x_177x_8x.o(.text))
<BR>[Address Reference Count : 1]<UL><LI> startup_lpc407x_8x_177x_8x.o(RESET)
</UL>
<P><STRONG><a name="[1d]"></a>EINT2_IRQHandler</STRONG> (Thumb, 0 bytes, Stack size 0 bytes, startup_lpc407x_8x_177x_8x.o(.text))
<BR>[Address Reference Count : 1]<UL><LI> startup_lpc407x_8x_177x_8x.o(RESET)
</UL>
<P><STRONG><a name="[1e]"></a>EINT3_IRQHandler</STRONG> (Thumb, 0 bytes, Stack size 0 bytes, startup_lpc407x_8x_177x_8x.o(.text))
<BR>[Address Reference Count : 1]<UL><LI> startup_lpc407x_8x_177x_8x.o(RESET)
</UL>
<P><STRONG><a name="[25]"></a>ENET_IRQHandler</STRONG> (Thumb, 0 bytes, Stack size 0 bytes, startup_lpc407x_8x_177x_8x.o(.text))
<BR>[Address Reference Count : 1]<UL><LI> startup_lpc407x_8x_177x_8x.o(RESET)
</UL>
<P><STRONG><a name="[14]"></a>I2C0_IRQHandler</STRONG> (Thumb, 0 bytes, Stack size 0 bytes, startup_lpc407x_8x_177x_8x.o(.text))
<BR>[Address Reference Count : 1]<UL><LI> startup_lpc407x_8x_177x_8x.o(RESET)
</UL>
<P><STRONG><a name="[15]"></a>I2C1_IRQHandler</STRONG> (Thumb, 0 bytes, Stack size 0 bytes, startup_lpc407x_8x_177x_8x.o(.text))
<BR>[Address Reference Count : 1]<UL><LI> startup_lpc407x_8x_177x_8x.o(RESET)
</UL>
<P><STRONG><a name="[16]"></a>I2C2_IRQHandler</STRONG> (Thumb, 0 bytes, Stack size 0 bytes, startup_lpc407x_8x_177x_8x.o(.text))
<BR>[Address Reference Count : 1]<UL><LI> startup_lpc407x_8x_177x_8x.o(RESET)
</UL>
<P><STRONG><a name="[24]"></a>I2S_IRQHandler</STRONG> (Thumb, 0 bytes, Stack size 0 bytes, startup_lpc407x_8x_177x_8x.o(.text))
<BR>[Address Reference Count : 1]<UL><LI> startup_lpc407x_8x_177x_8x.o(RESET)
</UL>
<P><STRONG><a name="[2e]"></a>LCD_IRQHandler</STRONG> (Thumb, 0 bytes, Stack size 0 bytes, startup_lpc407x_8x_177x_8x.o(.text))
<BR>[Address Reference Count : 1]<UL><LI> startup_lpc407x_8x_177x_8x.o(RESET)
</UL>
<P><STRONG><a name="[26]"></a>MCI_IRQHandler</STRONG> (Thumb, 0 bytes, Stack size 0 bytes, startup_lpc407x_8x_177x_8x.o(.text))
<BR>[Address Reference Count : 1]<UL><LI> startup_lpc407x_8x_177x_8x.o(RESET)
</UL>
<P><STRONG><a name="[27]"></a>MCPWM_IRQHandler</STRONG> (Thumb, 0 bytes, Stack size 0 bytes, startup_lpc407x_8x_177x_8x.o(.text))
<BR>[Address Reference Count : 1]<UL><LI> startup_lpc407x_8x_177x_8x.o(RESET)
</UL>
<P><STRONG><a name="[19]"></a>PLL0_IRQHandler</STRONG> (Thumb, 0 bytes, Stack size 0 bytes, startup_lpc407x_8x_177x_8x.o(.text))
<BR>[Address Reference Count : 1]<UL><LI> startup_lpc407x_8x_177x_8x.o(RESET)
</UL>
<P><STRONG><a name="[29]"></a>PLL1_IRQHandler</STRONG> (Thumb, 0 bytes, Stack size 0 bytes, startup_lpc407x_8x_177x_8x.o(.text))
<BR>[Address Reference Count : 1]<UL><LI> startup_lpc407x_8x_177x_8x.o(RESET)
</UL>
<P><STRONG><a name="[30]"></a>PWM0_IRQHandler</STRONG> (Thumb, 0 bytes, Stack size 0 bytes, startup_lpc407x_8x_177x_8x.o(.text))
<BR>[Address Reference Count : 1]<UL><LI> startup_lpc407x_8x_177x_8x.o(RESET)
</UL>
<P><STRONG><a name="[13]"></a>PWM1_IRQHandler</STRONG> (Thumb, 0 bytes, Stack size 0 bytes, startup_lpc407x_8x_177x_8x.o(.text))
<BR>[Address Reference Count : 1]<UL><LI> startup_lpc407x_8x_177x_8x.o(RESET)
</UL>
<P><STRONG><a name="[28]"></a>QEI_IRQHandler</STRONG> (Thumb, 0 bytes, Stack size 0 bytes, startup_lpc407x_8x_177x_8x.o(.text))
<BR>[Address Reference Count : 1]<UL><LI> startup_lpc407x_8x_177x_8x.o(RESET)
</UL>
<P><STRONG><a name="[1a]"></a>RTC_IRQHandler</STRONG> (Thumb, 0 bytes, Stack size 0 bytes, startup_lpc407x_8x_177x_8x.o(.text))
<BR>[Address Reference Count : 1]<UL><LI> startup_lpc407x_8x_177x_8x.o(RESET)
</UL>
<P><STRONG><a name="[17]"></a>SSP0_IRQHandler</STRONG> (Thumb, 0 bytes, Stack size 0 bytes, startup_lpc407x_8x_177x_8x.o(.text))
<BR>[Address Reference Count : 1]<UL><LI> startup_lpc407x_8x_177x_8x.o(RESET)
</UL>
<P><STRONG><a name="[18]"></a>SSP1_IRQHandler</STRONG> (Thumb, 0 bytes, Stack size 0 bytes, startup_lpc407x_8x_177x_8x.o(.text))
<BR>[Address Reference Count : 1]<UL><LI> startup_lpc407x_8x_177x_8x.o(RESET)
</UL>
<P><STRONG><a name="[2d]"></a>SSP2_IRQHandler</STRONG> (Thumb, 0 bytes, Stack size 0 bytes, startup_lpc407x_8x_177x_8x.o(.text))
<BR>[Address Reference Count : 1]<UL><LI> startup_lpc407x_8x_177x_8x.o(RESET)
</UL>
<P><STRONG><a name="[b]"></a>TIMER0_IRQHandler</STRONG> (Thumb, 0 bytes, Stack size 0 bytes, startup_lpc407x_8x_177x_8x.o(.text))
<BR>[Address Reference Count : 1]<UL><LI> startup_lpc407x_8x_177x_8x.o(RESET)
</UL>
<P><STRONG><a name="[c]"></a>TIMER1_IRQHandler</STRONG> (Thumb, 0 bytes, Stack size 0 bytes, startup_lpc407x_8x_177x_8x.o(.text))
<BR>[Address Reference Count : 1]<UL><LI> startup_lpc407x_8x_177x_8x.o(RESET)
</UL>
<P><STRONG><a name="[d]"></a>TIMER2_IRQHandler</STRONG> (Thumb, 0 bytes, Stack size 0 bytes, startup_lpc407x_8x_177x_8x.o(.text))
<BR>[Address Reference Count : 1]<UL><LI> startup_lpc407x_8x_177x_8x.o(RESET)
</UL>
<P><STRONG><a name="[e]"></a>TIMER3_IRQHandler</STRONG> (Thumb, 0 bytes, Stack size 0 bytes, startup_lpc407x_8x_177x_8x.o(.text))
<BR>[Address Reference Count : 1]<UL><LI> startup_lpc407x_8x_177x_8x.o(RESET)
</UL>
<P><STRONG><a name="[f]"></a>UART0_IRQHandler</STRONG> (Thumb, 0 bytes, Stack size 0 bytes, startup_lpc407x_8x_177x_8x.o(.text))
<BR>[Address Reference Count : 1]<UL><LI> startup_lpc407x_8x_177x_8x.o(RESET)
</UL>
<P><STRONG><a name="[10]"></a>UART1_IRQHandler</STRONG> (Thumb, 0 bytes, Stack size 0 bytes, startup_lpc407x_8x_177x_8x.o(.text))
<BR>[Address Reference Count : 1]<UL><LI> startup_lpc407x_8x_177x_8x.o(RESET)
</UL>
<P><STRONG><a name="[11]"></a>UART2_IRQHandler</STRONG> (Thumb, 0 bytes, Stack size 0 bytes, startup_lpc407x_8x_177x_8x.o(.text))
<BR>[Address Reference Count : 1]<UL><LI> startup_lpc407x_8x_177x_8x.o(RESET)
</UL>
<P><STRONG><a name="[12]"></a>UART3_IRQHandler</STRONG> (Thumb, 0 bytes, Stack size 0 bytes, startup_lpc407x_8x_177x_8x.o(.text))
<BR>[Address Reference Count : 1]<UL><LI> startup_lpc407x_8x_177x_8x.o(RESET)
</UL>
<P><STRONG><a name="[2c]"></a>UART4_IRQHandler</STRONG> (Thumb, 0 bytes, Stack size 0 bytes, startup_lpc407x_8x_177x_8x.o(.text))
<BR>[Address Reference Count : 1]<UL><LI> startup_lpc407x_8x_177x_8x.o(RESET)
</UL>
<P><STRONG><a name="[2a]"></a>USBActivity_IRQHandler</STRONG> (Thumb, 0 bytes, Stack size 0 bytes, startup_lpc407x_8x_177x_8x.o(.text))
<BR>[Address Reference Count : 1]<UL><LI> startup_lpc407x_8x_177x_8x.o(RESET)
</UL>
<P><STRONG><a name="[21]"></a>USB_IRQHandler</STRONG> (Thumb, 0 bytes, Stack size 0 bytes, startup_lpc407x_8x_177x_8x.o(.text))
<BR>[Address Reference Count : 1]<UL><LI> startup_lpc407x_8x_177x_8x.o(RESET)
</UL>
<P><STRONG><a name="[a]"></a>WDT_IRQHandler</STRONG> (Thumb, 0 bytes, Stack size 0 bytes, startup_lpc407x_8x_177x_8x.o(.text))
<BR>[Address Reference Count : 1]<UL><LI> startup_lpc407x_8x_177x_8x.o(RESET)
</UL>
<P><STRONG><a name="[58]"></a>__user_initial_stackheap</STRONG> (Thumb, 0 bytes, Stack size unknown bytes, startup_lpc407x_8x_177x_8x.o(.text))
<BR><BR>[Called By]<UL><LI><a href="#[40]">&gt;&gt;</a>&nbsp;&nbsp;&nbsp;__user_setup_stackheap
</UL>

<P><STRONG><a name="[4a]"></a>__2printf</STRONG> (Thumb, 20 bytes, Stack size 24 bytes, __2printf.o(.text))
<BR><BR>[Stack]<UL><LI>Max Depth = 144 + Unknown Stack Size
<LI>Call Chain = __2printf &rArr; _printf_char_file &rArr; _printf_char_common &rArr; __printf
</UL>
<BR>[Calls]<UL><LI><a href="#[4b]">&gt;&gt;</a>&nbsp;&nbsp;&nbsp;_printf_char_file
</UL>
<BR>[Called By]<UL><LI><a href="#[89]">&gt;&gt;</a>&nbsp;&nbsp;&nbsp;parar_con_error
</UL>

<P><STRONG><a name="[4d]"></a>_printf_str</STRONG> (Thumb, 82 bytes, Stack size 16 bytes, _printf_str.o(.text))
<BR><BR>[Stack]<UL><LI>Max Depth = 16<LI>Call Chain = _printf_str
</UL>
<BR>[Called By]<UL><LI><a href="#[4c]">&gt;&gt;</a>&nbsp;&nbsp;&nbsp;_printf_cs_common
</UL>

<P><STRONG><a name="[df]"></a>__use_two_region_memory</STRONG> (Thumb, 2 bytes, Stack size 0 bytes, heapauxi.o(.text), UNUSED)

<P><STRONG><a name="[e0]"></a>__rt_heap_escrow$2region</STRONG> (Thumb, 2 bytes, Stack size 0 bytes, heapauxi.o(.text), UNUSED)

<P><STRONG><a name="[e1]"></a>__rt_heap_expand$2region</STRONG> (Thumb, 2 bytes, Stack size 0 bytes, heapauxi.o(.text), UNUSED)

<P><STRONG><a name="[4c]"></a>_printf_cs_common</STRONG> (Thumb, 20 bytes, Stack size 8 bytes, _printf_char.o(.text))
<BR><BR>[Stack]<UL><LI>Max Depth = 24<LI>Call Chain = _printf_cs_common &rArr; _printf_str
</UL>
<BR>[Calls]<UL><LI><a href="#[4d]">&gt;&gt;</a>&nbsp;&nbsp;&nbsp;_printf_str
</UL>
<BR>[Called By]<UL><LI><a href="#[3c]">&gt;&gt;</a>&nbsp;&nbsp;&nbsp;_printf_string
<LI><a href="#[4e]">&gt;&gt;</a>&nbsp;&nbsp;&nbsp;_printf_char
</UL>

<P><STRONG><a name="[4e]"></a>_printf_char</STRONG> (Thumb, 16 bytes, Stack size 0 bytes, _printf_char.o(.text), UNUSED)
<BR><BR>[Calls]<UL><LI><a href="#[4c]">&gt;&gt;</a>&nbsp;&nbsp;&nbsp;_printf_cs_common
</UL>

<P><STRONG><a name="[3c]"></a>_printf_string</STRONG> (Thumb, 8 bytes, Stack size 0 bytes, _printf_char.o(.text))
<BR><BR>[Stack]<UL><LI>Max Depth = 24<LI>Call Chain = _printf_string &rArr; _printf_cs_common &rArr; _printf_str
</UL>
<BR>[Calls]<UL><LI><a href="#[4c]">&gt;&gt;</a>&nbsp;&nbsp;&nbsp;_printf_cs_common
</UL>
<BR>[Called By]<UL><LI><a href="#[3b]">&gt;&gt;</a>&nbsp;&nbsp;&nbsp;_printf_s
</UL>

<P><STRONG><a name="[4b]"></a>_printf_char_file</STRONG> (Thumb, 32 bytes, Stack size 16 bytes, _printf_char_file.o(.text))
<BR><BR>[Stack]<UL><LI>Max Depth = 120 + Unknown Stack Size
<LI>Call Chain = _printf_char_file &rArr; _printf_char_common &rArr; __printf
</UL>
<BR>[Calls]<UL><LI><a href="#[4f]">&gt;&gt;</a>&nbsp;&nbsp;&nbsp;_printf_char_common
<LI><a href="#[50]">&gt;&gt;</a>&nbsp;&nbsp;&nbsp;ferror
</UL>
<BR>[Called By]<UL><LI><a href="#[4a]">&gt;&gt;</a>&nbsp;&nbsp;&nbsp;__2printf
</UL>

<P><STRONG><a name="[3a]"></a>_printf_int_dec</STRONG> (Thumb, 104 bytes, Stack size 24 bytes, _printf_dec.o(.text))
<BR><BR>[Stack]<UL><LI>Max Depth = 56<LI>Call Chain = _printf_int_dec &rArr; _printf_int_common
</UL>
<BR>[Calls]<UL><LI><a href="#[51]">&gt;&gt;</a>&nbsp;&nbsp;&nbsp;_printf_int_common
</UL>
<BR>[Called By]<UL><LI><a href="#[39]">&gt;&gt;</a>&nbsp;&nbsp;&nbsp;_printf_u
</UL>

<P><STRONG><a name="[52]"></a>__printf</STRONG> (Thumb, 388 bytes, Stack size 40 bytes, __printf_flags_ss_wp.o(.text))
<BR><BR>[Stack]<UL><LI>Max Depth = 40 + Unknown Stack Size
<LI>Call Chain = __printf
</UL>
<BR>[Calls]<UL><LI><a href="#[54]">&gt;&gt;</a>&nbsp;&nbsp;&nbsp;_printf_percent
<LI><a href="#[53]">&gt;&gt;</a>&nbsp;&nbsp;&nbsp;_is_digit
</UL>
<BR>[Called By]<UL><LI><a href="#[4f]">&gt;&gt;</a>&nbsp;&nbsp;&nbsp;_printf_char_common
</UL>

<P><STRONG><a name="[51]"></a>_printf_int_common</STRONG> (Thumb, 178 bytes, Stack size 32 bytes, _printf_intcommon.o(.text))
<BR><BR>[Stack]<UL><LI>Max Depth = 32<LI>Call Chain = _printf_int_common
</UL>
<BR>[Called By]<UL><LI><a href="#[3a]">&gt;&gt;</a>&nbsp;&nbsp;&nbsp;_printf_int_dec
</UL>

<P><STRONG><a name="[e2]"></a>__use_no_semihosting</STRONG> (Thumb, 2 bytes, Stack size 0 bytes, use_no_semi_2.o(.text), UNUSED)

<P><STRONG><a name="[4f]"></a>_printf_char_common</STRONG> (Thumb, 32 bytes, Stack size 64 bytes, _printf_char_common.o(.text))
<BR><BR>[Stack]<UL><LI>Max Depth = 104 + Unknown Stack Size
<LI>Call Chain = _printf_char_common &rArr; __printf
</UL>
<BR>[Calls]<UL><LI><a href="#[52]">&gt;&gt;</a>&nbsp;&nbsp;&nbsp;__printf
</UL>
<BR>[Called By]<UL><LI><a href="#[4b]">&gt;&gt;</a>&nbsp;&nbsp;&nbsp;_printf_char_file
</UL>

<P><STRONG><a name="[e3]"></a>__aeabi_memmove4</STRONG> (Thumb, 0 bytes, Stack size 8 bytes, rt_memmove_w.o(.text), UNUSED)

<P><STRONG><a name="[87]"></a>__aeabi_memmove8</STRONG> (Thumb, 0 bytes, Stack size 8 bytes, rt_memmove_w.o(.text))
<BR><BR>[Stack]<UL><LI>Max Depth = 8<LI>Call Chain = __aeabi_memmove8
</UL>
<BR>[Called By]<UL><LI><a href="#[34]">&gt;&gt;</a>&nbsp;&nbsp;&nbsp;fputc
</UL>

<P><STRONG><a name="[55]"></a>__rt_memmove_w</STRONG> (Thumb, 122 bytes, Stack size 8 bytes, rt_memmove_w.o(.text), UNUSED)
<BR><BR>[Calls]<UL><LI><a href="#[56]">&gt;&gt;</a>&nbsp;&nbsp;&nbsp;__aeabi_memcpy4
</UL>

<P><STRONG><a name="[e4]"></a>__memmove_aligned</STRONG> (Thumb, 0 bytes, Stack size unknown bytes, rt_memmove_w.o(.text), UNUSED)

<P><STRONG><a name="[e5]"></a>__memmove_lastfew_aligned</STRONG> (Thumb, 0 bytes, Stack size unknown bytes, rt_memmove_w.o(.text), UNUSED)

<P><STRONG><a name="[e6]"></a>__I$use$semihosting</STRONG> (Thumb, 0 bytes, Stack size 0 bytes, use_no_semi.o(.text), UNUSED)

<P><STRONG><a name="[e7]"></a>__use_no_semihosting_swi</STRONG> (Thumb, 2 bytes, Stack size 0 bytes, use_no_semi.o(.text), UNUSED)

<P><STRONG><a name="[40]"></a>__user_setup_stackheap</STRONG> (Thumb, 74 bytes, Stack size 8 bytes, sys_stackheap_outer.o(.text))
<BR><BR>[Stack]<UL><LI>Max Depth = 8 + Unknown Stack Size
<LI>Call Chain = __user_setup_stackheap
</UL>
<BR>[Calls]<UL><LI><a href="#[58]">&gt;&gt;</a>&nbsp;&nbsp;&nbsp;__user_initial_stackheap
<LI><a href="#[57]">&gt;&gt;</a>&nbsp;&nbsp;&nbsp;__user_perproc_libspace
</UL>
<BR>[Called By]<UL><LI><a href="#[3f]">&gt;&gt;</a>&nbsp;&nbsp;&nbsp;__rt_entry_sh
</UL>

<P><STRONG><a name="[45]"></a>exit</STRONG> (Thumb, 18 bytes, Stack size 8 bytes, exit.o(.text))
<BR><BR>[Stack]<UL><LI>Max Depth = 8 + Unknown Stack Size
<LI>Call Chain = exit
</UL>
<BR>[Calls]<UL><LI><a href="#[59]">&gt;&gt;</a>&nbsp;&nbsp;&nbsp;__rt_exit
</UL>
<BR>[Called By]<UL><LI><a href="#[43]">&gt;&gt;</a>&nbsp;&nbsp;&nbsp;__rt_entry_main
</UL>

<P><STRONG><a name="[56]"></a>__aeabi_memcpy4</STRONG> (Thumb, 0 bytes, Stack size 8 bytes, rt_memcpy_w.o(.text), UNUSED)
<BR><BR>[Called By]<UL><LI><a href="#[55]">&gt;&gt;</a>&nbsp;&nbsp;&nbsp;__rt_memmove_w
</UL>

<P><STRONG><a name="[e8]"></a>__aeabi_memcpy8</STRONG> (Thumb, 0 bytes, Stack size 8 bytes, rt_memcpy_w.o(.text), UNUSED)

<P><STRONG><a name="[e9]"></a>__rt_memcpy_w</STRONG> (Thumb, 100 bytes, Stack size 8 bytes, rt_memcpy_w.o(.text), UNUSED)

<P><STRONG><a name="[ea]"></a>_memcpy_lastbytes_aligned</STRONG> (Thumb, 0 bytes, Stack size unknown bytes, rt_memcpy_w.o(.text), UNUSED)

<P><STRONG><a name="[eb]"></a>__user_libspace</STRONG> (Thumb, 8 bytes, Stack size 0 bytes, libspace.o(.text), UNUSED)

<P><STRONG><a name="[57]"></a>__user_perproc_libspace</STRONG> (Thumb, 0 bytes, Stack size 0 bytes, libspace.o(.text))
<BR><BR>[Called By]<UL><LI><a href="#[40]">&gt;&gt;</a>&nbsp;&nbsp;&nbsp;__user_setup_stackheap
</UL>

<P><STRONG><a name="[ec]"></a>__user_perthread_libspace</STRONG> (Thumb, 0 bytes, Stack size 0 bytes, libspace.o(.text), UNUSED)

<P><STRONG><a name="[2f]"></a>GPIO_IRQHandler</STRONG> (Thumb, 708 bytes, Stack size 24 bytes, main.o(.text.GPIO_IRQHandler))
<BR><BR>[Stack]<UL><LI>Max Depth = 224 + Unknown Stack Size
<LI>Call Chain = GPIO_IRQHandler &rArr; actualizarPID &rArr; uart_transmitir_int16 &rArr; uart_transmitir_dato &rArr; parar_con_error &rArr; __2printf &rArr; _printf_char_file &rArr; _printf_char_common &rArr; __printf
</UL>
<BR>[Calls]<UL><LI><a href="#[5c]">&gt;&gt;</a>&nbsp;&nbsp;&nbsp;uart_transmitir_int16
<LI><a href="#[5a]">&gt;&gt;</a>&nbsp;&nbsp;&nbsp;actualizarPID
<LI><a href="#[5b]">&gt;&gt;</a>&nbsp;&nbsp;&nbsp;gpio_leer_pin
</UL>
<BR>[Address Reference Count : 1]<UL><LI> startup_lpc407x_8x_177x_8x.o(RESET)
</UL>
<P><STRONG><a name="[2]"></a>HardFault_Handler</STRONG> (Thumb, 52 bytes, Stack size 0 bytes, error.o(.text.HardFault_Handler))
<BR>[Address Reference Count : 1]<UL><LI> startup_lpc407x_8x_177x_8x.o(RESET)
</UL>
<P><STRONG><a name="[5d]"></a>PID_inicializar</STRONG> (Thumb, 116 bytes, Stack size 16 bytes, motor.o(.text.PID_inicializar))
<BR><BR>[Stack]<UL><LI>Max Depth = 168 + Unknown Stack Size
<LI>Call Chain = PID_inicializar &rArr; timer_poner_contador_a_0 &rArr; parar_con_error &rArr; __2printf &rArr; _printf_char_file &rArr; _printf_char_common &rArr; __printf
</UL>
<BR>[Calls]<UL><LI><a href="#[5e]">&gt;&gt;</a>&nbsp;&nbsp;&nbsp;timer_poner_contador_a_0
</UL>
<BR>[Called By]<UL><LI><a href="#[96]">&gt;&gt;</a>&nbsp;&nbsp;&nbsp;motor_ajustar_posicion_relativa_diferencial
<LI><a href="#[6a]">&gt;&gt;</a>&nbsp;&nbsp;&nbsp;SCORBOT_inicializar
</UL>

<P><STRONG><a name="[5f]"></a>SCORBOT_HOME</STRONG> (Thumb, 528 bytes, Stack size 32 bytes, scorbot_er_iii.o(.text.SCORBOT_HOME))
<BR><BR>[Stack]<UL><LI>Max Depth = 216 + Unknown Stack Size
<LI>Call Chain = SCORBOT_HOME &rArr; hombro_HOME &rArr; timer_retardo_ms &rArr; parar_con_error &rArr; __2printf &rArr; _printf_char_file &rArr; _printf_char_common &rArr; __printf
</UL>
<BR>[Calls]<UL><LI><a href="#[68]">&gt;&gt;</a>&nbsp;&nbsp;&nbsp;base_HOME
<LI><a href="#[66]">&gt;&gt;</a>&nbsp;&nbsp;&nbsp;codo_HOME
<LI><a href="#[64]">&gt;&gt;</a>&nbsp;&nbsp;&nbsp;inclinacion_HOME
<LI><a href="#[63]">&gt;&gt;</a>&nbsp;&nbsp;&nbsp;rotacion_HOME
<LI><a href="#[61]">&gt;&gt;</a>&nbsp;&nbsp;&nbsp;hombro_HOME
<LI><a href="#[60]">&gt;&gt;</a>&nbsp;&nbsp;&nbsp;eeprom_leer_16bit
<LI><a href="#[62]">&gt;&gt;</a>&nbsp;&nbsp;&nbsp;timer_retardo_ms
<LI><a href="#[69]">&gt;&gt;</a>&nbsp;&nbsp;&nbsp;eeprom_escribir_16bit
<LI><a href="#[67]">&gt;&gt;</a>&nbsp;&nbsp;&nbsp;guardar_posicion
<LI><a href="#[65]">&gt;&gt;</a>&nbsp;&nbsp;&nbsp;motor_ajustar_velocidad
</UL>
<BR>[Called By]<UL><LI><a href="#[44]">&gt;&gt;</a>&nbsp;&nbsp;&nbsp;main
</UL>

<P><STRONG><a name="[6a]"></a>SCORBOT_inicializar</STRONG> (Thumb, 358 bytes, Stack size 32 bytes, motor.o(.text.SCORBOT_inicializar))
<BR><BR>[Stack]<UL><LI>Max Depth = 224 + Unknown Stack Size
<LI>Call Chain = SCORBOT_inicializar &rArr; motor_inicializar &rArr; iocon_configurar_pin &rArr; parar_con_error &rArr; __2printf &rArr; _printf_char_file &rArr; _printf_char_common &rArr; __printf
</UL>
<BR>[Calls]<UL><LI><a href="#[65]">&gt;&gt;</a>&nbsp;&nbsp;&nbsp;motor_ajustar_velocidad
<LI><a href="#[6f]">&gt;&gt;</a>&nbsp;&nbsp;&nbsp;determinar_estado_encoder
<LI><a href="#[6d]">&gt;&gt;</a>&nbsp;&nbsp;&nbsp;timer_inicializar
<LI><a href="#[5d]">&gt;&gt;</a>&nbsp;&nbsp;&nbsp;PID_inicializar
<LI><a href="#[72]">&gt;&gt;</a>&nbsp;&nbsp;&nbsp;rele_ON
<LI><a href="#[6b]">&gt;&gt;</a>&nbsp;&nbsp;&nbsp;rele_inicializar
<LI><a href="#[70]">&gt;&gt;</a>&nbsp;&nbsp;&nbsp;microswitch_inicializar
<LI><a href="#[6e]">&gt;&gt;</a>&nbsp;&nbsp;&nbsp;encoder_inicializar
<LI><a href="#[71]">&gt;&gt;</a>&nbsp;&nbsp;&nbsp;motor_inicializar
<LI><a href="#[6c]">&gt;&gt;</a>&nbsp;&nbsp;&nbsp;pwm_inicializar
</UL>
<BR>[Called By]<UL><LI><a href="#[44]">&gt;&gt;</a>&nbsp;&nbsp;&nbsp;main
</UL>

<P><STRONG><a name="[74]"></a>SystemCoreClockUpdate</STRONG> (Thumb, 1326 bytes, Stack size 48 bytes, system_lpc407x_8x_177x_8x.o(.text.SystemCoreClockUpdate))
<BR><BR>[Stack]<UL><LI>Max Depth = 48<LI>Call Chain = SystemCoreClockUpdate
</UL>
<BR>[Called By]<UL><LI><a href="#[32]">&gt;&gt;</a>&nbsp;&nbsp;&nbsp;SystemInit
</UL>

<P><STRONG><a name="[32]"></a>SystemInit</STRONG> (Thumb, 316 bytes, Stack size 8 bytes, system_lpc407x_8x_177x_8x.o(.text.SystemInit))
<BR><BR>[Stack]<UL><LI>Max Depth = 56<LI>Call Chain = SystemInit &rArr; SystemCoreClockUpdate
</UL>
<BR>[Calls]<UL><LI><a href="#[73]">&gt;&gt;</a>&nbsp;&nbsp;&nbsp;fpu_init
<LI><a href="#[74]">&gt;&gt;</a>&nbsp;&nbsp;&nbsp;SystemCoreClockUpdate
</UL>
<BR>[Address Reference Count : 1]<UL><LI> startup_lpc407x_8x_177x_8x.o(.text)
</UL>
<P><STRONG><a name="[49]"></a>_sys_exit</STRONG> (Thumb, 26 bytes, Stack size 0 bytes, glcd.o(.text._sys_exit))
<BR><BR>[Called By]<UL><LI><a href="#[48]">&gt;&gt;</a>&nbsp;&nbsp;&nbsp;__rt_exit_exit
</UL>

<P><STRONG><a name="[75]"></a>abrir_cerrar_pinza</STRONG> (Thumb, 38 bytes, Stack size 16 bytes, scorbot_er_iii.o(.text.abrir_cerrar_pinza))
<BR><BR>[Stack]<UL><LI>Max Depth = 208 + Unknown Stack Size
<LI>Call Chain = abrir_cerrar_pinza &rArr; motor_ajustar_posicion_relativa &rArr; calculatePID &rArr; timer_leer &rArr; parar_con_error &rArr; __2printf &rArr; _printf_char_file &rArr; _printf_char_common &rArr; __printf
</UL>
<BR>[Calls]<UL><LI><a href="#[76]">&gt;&gt;</a>&nbsp;&nbsp;&nbsp;motor_ajustar_posicion_relativa
</UL>
<BR>[Called By]<UL><LI><a href="#[44]">&gt;&gt;</a>&nbsp;&nbsp;&nbsp;main
</UL>

<P><STRONG><a name="[5a]"></a>actualizarPID</STRONG> (Thumb, 264 bytes, Stack size 24 bytes, motor.o(.text.actualizarPID))
<BR><BR>[Stack]<UL><LI>Max Depth = 200 + Unknown Stack Size
<LI>Call Chain = actualizarPID &rArr; uart_transmitir_int16 &rArr; uart_transmitir_dato &rArr; parar_con_error &rArr; __2printf &rArr; _printf_char_file &rArr; _printf_char_common &rArr; __printf
</UL>
<BR>[Calls]<UL><LI><a href="#[78]">&gt;&gt;</a>&nbsp;&nbsp;&nbsp;__aeabi_f2d
<LI><a href="#[79]">&gt;&gt;</a>&nbsp;&nbsp;&nbsp;__aeabi_dcmpge
<LI><a href="#[77]">&gt;&gt;</a>&nbsp;&nbsp;&nbsp;calculatePID
<LI><a href="#[65]">&gt;&gt;</a>&nbsp;&nbsp;&nbsp;motor_ajustar_velocidad
<LI><a href="#[6f]">&gt;&gt;</a>&nbsp;&nbsp;&nbsp;determinar_estado_encoder
<LI><a href="#[5c]">&gt;&gt;</a>&nbsp;&nbsp;&nbsp;uart_transmitir_int16
</UL>
<BR>[Called By]<UL><LI><a href="#[2f]">&gt;&gt;</a>&nbsp;&nbsp;&nbsp;GPIO_IRQHandler
</UL>

<P><STRONG><a name="[68]"></a>base_HOME</STRONG> (Thumb, 106 bytes, Stack size 16 bytes, scorbot_er_iii.o(.text.base_HOME))
<BR><BR>[Stack]<UL><LI>Max Depth = 24<LI>Call Chain = base_HOME &rArr; gpio_leer_pin
</UL>
<BR>[Calls]<UL><LI><a href="#[7a]">&gt;&gt;</a>&nbsp;&nbsp;&nbsp;gpio_leer_pin
<LI><a href="#[60]">&gt;&gt;</a>&nbsp;&nbsp;&nbsp;eeprom_leer_16bit
<LI><a href="#[65]">&gt;&gt;</a>&nbsp;&nbsp;&nbsp;motor_ajustar_velocidad
</UL>
<BR>[Called By]<UL><LI><a href="#[5f]">&gt;&gt;</a>&nbsp;&nbsp;&nbsp;SCORBOT_HOME
</UL>

<P><STRONG><a name="[77]"></a>calculatePID</STRONG> (Thumb, 252 bytes, Stack size 16 bytes, motor.o(.text.calculatePID))
<BR><BR>[Stack]<UL><LI>Max Depth = 168 + Unknown Stack Size
<LI>Call Chain = calculatePID &rArr; timer_leer &rArr; parar_con_error &rArr; __2printf &rArr; _printf_char_file &rArr; _printf_char_common &rArr; __printf
</UL>
<BR>[Calls]<UL><LI><a href="#[7b]">&gt;&gt;</a>&nbsp;&nbsp;&nbsp;timer_leer
</UL>
<BR>[Called By]<UL><LI><a href="#[96]">&gt;&gt;</a>&nbsp;&nbsp;&nbsp;motor_ajustar_posicion_relativa_diferencial
<LI><a href="#[76]">&gt;&gt;</a>&nbsp;&nbsp;&nbsp;motor_ajustar_posicion_relativa
<LI><a href="#[5a]">&gt;&gt;</a>&nbsp;&nbsp;&nbsp;actualizarPID
</UL>

<P><STRONG><a name="[66]"></a>codo_HOME</STRONG> (Thumb, 68 bytes, Stack size 8 bytes, scorbot_er_iii.o(.text.codo_HOME))
<BR><BR>[Stack]<UL><LI>Max Depth = 16<LI>Call Chain = codo_HOME &rArr; gpio_leer_pin
</UL>
<BR>[Calls]<UL><LI><a href="#[7a]">&gt;&gt;</a>&nbsp;&nbsp;&nbsp;gpio_leer_pin
<LI><a href="#[65]">&gt;&gt;</a>&nbsp;&nbsp;&nbsp;motor_ajustar_velocidad
</UL>
<BR>[Called By]<UL><LI><a href="#[5f]">&gt;&gt;</a>&nbsp;&nbsp;&nbsp;SCORBOT_HOME
</UL>

<P><STRONG><a name="[8c]"></a>convertir_grados_pulsos</STRONG> (Thumb, 56 bytes, Stack size 16 bytes, motor.o(.text.convertir_grados_pulsos))
<BR><BR>[Stack]<UL><LI>Max Depth = 16<LI>Call Chain = convertir_grados_pulsos
</UL>
<BR>[Called By]<UL><LI><a href="#[94]">&gt;&gt;</a>&nbsp;&nbsp;&nbsp;rotar_pinza
<LI><a href="#[8b]">&gt;&gt;</a>&nbsp;&nbsp;&nbsp;inclinar_pinza
<LI><a href="#[93]">&gt;&gt;</a>&nbsp;&nbsp;&nbsp;mover_codo
<LI><a href="#[92]">&gt;&gt;</a>&nbsp;&nbsp;&nbsp;mover_hombro
<LI><a href="#[91]">&gt;&gt;</a>&nbsp;&nbsp;&nbsp;mover_base
</UL>

<P><STRONG><a name="[7f]"></a>convertir_pulsos_grados</STRONG> (Thumb, 58 bytes, Stack size 8 bytes, scorbot_er_iii.o(.text.convertir_pulsos_grados))
<BR><BR>[Stack]<UL><LI>Max Depth = 8<LI>Call Chain = convertir_pulsos_grados
</UL>
<BR>[Called By]<UL><LI><a href="#[7d]">&gt;&gt;</a>&nbsp;&nbsp;&nbsp;devolver_grados_reales
</UL>

<P><STRONG><a name="[6f]"></a>determinar_estado_encoder</STRONG> (Thumb, 114 bytes, Stack size 24 bytes, motor.o(.text.determinar_estado_encoder))
<BR><BR>[Stack]<UL><LI>Max Depth = 32<LI>Call Chain = determinar_estado_encoder &rArr; gpio_leer_pin
</UL>
<BR>[Calls]<UL><LI><a href="#[7c]">&gt;&gt;</a>&nbsp;&nbsp;&nbsp;gpio_leer_pin
</UL>
<BR>[Called By]<UL><LI><a href="#[5a]">&gt;&gt;</a>&nbsp;&nbsp;&nbsp;actualizarPID
<LI><a href="#[6a]">&gt;&gt;</a>&nbsp;&nbsp;&nbsp;SCORBOT_inicializar
</UL>

<P><STRONG><a name="[7d]"></a>devolver_grados_reales</STRONG> (Thumb, 126 bytes, Stack size 24 bytes, scorbot_er_iii.o(.text.devolver_grados_reales))
<BR><BR>[Stack]<UL><LI>Max Depth = 184 + Unknown Stack Size
<LI>Call Chain = devolver_grados_reales &rArr; uart_transmitir_dato &rArr; parar_con_error &rArr; __2printf &rArr; _printf_char_file &rArr; _printf_char_common &rArr; __printf
</UL>
<BR>[Calls]<UL><LI><a href="#[7f]">&gt;&gt;</a>&nbsp;&nbsp;&nbsp;convertir_pulsos_grados
<LI><a href="#[7e]">&gt;&gt;</a>&nbsp;&nbsp;&nbsp;uart_transmitir_dato
</UL>
<BR>[Called By]<UL><LI><a href="#[44]">&gt;&gt;</a>&nbsp;&nbsp;&nbsp;main
</UL>

<P><STRONG><a name="[69]"></a>eeprom_escribir_16bit</STRONG> (Thumb, 94 bytes, Stack size 24 bytes, eeprom_lpc40xx.o(.text.eeprom_escribir_16bit))
<BR><BR>[Stack]<UL><LI>Max Depth = 24<LI>Call Chain = eeprom_escribir_16bit
</UL>
<BR>[Calls]<UL><LI><a href="#[81]">&gt;&gt;</a>&nbsp;&nbsp;&nbsp;eeprom_esperar_programa
<LI><a href="#[80]">&gt;&gt;</a>&nbsp;&nbsp;&nbsp;eeprom_esperar_rw
</UL>
<BR>[Called By]<UL><LI><a href="#[67]">&gt;&gt;</a>&nbsp;&nbsp;&nbsp;guardar_posicion
<LI><a href="#[5f]">&gt;&gt;</a>&nbsp;&nbsp;&nbsp;SCORBOT_HOME
</UL>

<P><STRONG><a name="[81]"></a>eeprom_esperar_programa</STRONG> (Thumb, 38 bytes, Stack size 0 bytes, eeprom_lpc40xx.o(.text.eeprom_esperar_programa))
<BR><BR>[Called By]<UL><LI><a href="#[69]">&gt;&gt;</a>&nbsp;&nbsp;&nbsp;eeprom_escribir_16bit
</UL>

<P><STRONG><a name="[80]"></a>eeprom_esperar_rw</STRONG> (Thumb, 38 bytes, Stack size 0 bytes, eeprom_lpc40xx.o(.text.eeprom_esperar_rw))
<BR><BR>[Called By]<UL><LI><a href="#[69]">&gt;&gt;</a>&nbsp;&nbsp;&nbsp;eeprom_escribir_16bit
</UL>

<P><STRONG><a name="[8f]"></a>eeprom_inicializar</STRONG> (Thumb, 40 bytes, Stack size 0 bytes, eeprom_lpc40xx.o(.text.eeprom_inicializar))
<BR><BR>[Called By]<UL><LI><a href="#[44]">&gt;&gt;</a>&nbsp;&nbsp;&nbsp;main
</UL>

<P><STRONG><a name="[60]"></a>eeprom_leer_16bit</STRONG> (Thumb, 78 bytes, Stack size 8 bytes, eeprom_lpc40xx.o(.text.eeprom_leer_16bit))
<BR><BR>[Stack]<UL><LI>Max Depth = 8<LI>Call Chain = eeprom_leer_16bit
</UL>
<BR>[Called By]<UL><LI><a href="#[68]">&gt;&gt;</a>&nbsp;&nbsp;&nbsp;base_HOME
<LI><a href="#[5f]">&gt;&gt;</a>&nbsp;&nbsp;&nbsp;SCORBOT_HOME
</UL>

<P><STRONG><a name="[6e]"></a>encoder_inicializar</STRONG> (Thumb, 98 bytes, Stack size 16 bytes, motor.o(.text.encoder_inicializar))
<BR><BR>[Stack]<UL><LI>Max Depth = 24<LI>Call Chain = encoder_inicializar &rArr; __NVIC_SetPriority
</UL>
<BR>[Calls]<UL><LI><a href="#[84]">&gt;&gt;</a>&nbsp;&nbsp;&nbsp;__NVIC_SetPriority
<LI><a href="#[83]">&gt;&gt;</a>&nbsp;&nbsp;&nbsp;__NVIC_EnableIRQ
<LI><a href="#[82]">&gt;&gt;</a>&nbsp;&nbsp;&nbsp;__NVIC_ClearPendingIRQ
</UL>
<BR>[Called By]<UL><LI><a href="#[6a]">&gt;&gt;</a>&nbsp;&nbsp;&nbsp;SCORBOT_inicializar
</UL>

<P><STRONG><a name="[85]"></a>esperar_recibir_movimientos</STRONG> (Thumb, 72 bytes, Stack size 16 bytes, scorbot_er_iii.o(.text.esperar_recibir_movimientos))
<BR><BR>[Stack]<UL><LI>Max Depth = 192 + Unknown Stack Size
<LI>Call Chain = esperar_recibir_movimientos &rArr; uart_recibir_int16 &rArr; uart_esperar_recibir_dato &rArr; parar_con_error &rArr; __2printf &rArr; _printf_char_file &rArr; _printf_char_common &rArr; __printf
</UL>
<BR>[Calls]<UL><LI><a href="#[86]">&gt;&gt;</a>&nbsp;&nbsp;&nbsp;uart_recibir_int16
</UL>
<BR>[Called By]<UL><LI><a href="#[44]">&gt;&gt;</a>&nbsp;&nbsp;&nbsp;main
</UL>

<P><STRONG><a name="[50]"></a>ferror</STRONG> (Thumb, 16 bytes, Stack size 0 bytes, glcd.o(.text.ferror))
<BR><BR>[Called By]<UL><LI><a href="#[4b]">&gt;&gt;</a>&nbsp;&nbsp;&nbsp;_printf_char_file
</UL>

<P><STRONG><a name="[73]"></a>fpu_init</STRONG> (Thumb, 132 bytes, Stack size 32 bytes, system_lpc407x_8x_177x_8x.o(.text.fpu_init))
<BR><BR>[Stack]<UL><LI>Max Depth = 32<LI>Call Chain = fpu_init
</UL>
<BR>[Called By]<UL><LI><a href="#[32]">&gt;&gt;</a>&nbsp;&nbsp;&nbsp;SystemInit
</UL>

<P><STRONG><a name="[34]"></a>fputc</STRONG> (Thumb, 424 bytes, Stack size 48 bytes, glcd.o(.text.fputc))
<BR><BR>[Stack]<UL><LI>Max Depth = 224 + Unknown Stack Size
<LI>Call Chain = fputc &rArr; glcd_caracter &rArr; parar_con_error &rArr; __2printf &rArr; _printf_char_file &rArr; _printf_char_common &rArr; __printf
</UL>
<BR>[Calls]<UL><LI><a href="#[87]">&gt;&gt;</a>&nbsp;&nbsp;&nbsp;__aeabi_memmove8
<LI><a href="#[88]">&gt;&gt;</a>&nbsp;&nbsp;&nbsp;glcd_caracter
</UL>
<BR>[Address Reference Count : 1]<UL><LI> _printf_char_file.o(.text)
</UL>
<P><STRONG><a name="[88]"></a>glcd_caracter</STRONG> (Thumb, 220 bytes, Stack size 32 bytes, glcd.o(.text.glcd_caracter))
<BR><BR>[Stack]<UL><LI>Max Depth = 176 + Unknown Stack Size
<LI>Call Chain = glcd_caracter &rArr; parar_con_error &rArr; __2printf &rArr; _printf_char_file &rArr; _printf_char_common &rArr; __printf
</UL>
<BR>[Calls]<UL><LI><a href="#[89]">&gt;&gt;</a>&nbsp;&nbsp;&nbsp;parar_con_error
</UL>
<BR>[Called By]<UL><LI><a href="#[34]">&gt;&gt;</a>&nbsp;&nbsp;&nbsp;fputc
</UL>

<P><STRONG><a name="[8a]"></a>gpio_ajustar_dir</STRONG> (Thumb, 148 bytes, Stack size 16 bytes, gpio_lpc40xx.o(.text.gpio_ajustar_dir))
<BR><BR>[Stack]<UL><LI>Max Depth = 160 + Unknown Stack Size
<LI>Call Chain = gpio_ajustar_dir &rArr; parar_con_error &rArr; __2printf &rArr; _printf_char_file &rArr; _printf_char_common &rArr; __printf
</UL>
<BR>[Calls]<UL><LI><a href="#[89]">&gt;&gt;</a>&nbsp;&nbsp;&nbsp;parar_con_error
</UL>
<BR>[Called By]<UL><LI><a href="#[6b]">&gt;&gt;</a>&nbsp;&nbsp;&nbsp;rele_inicializar
</UL>

<P><STRONG><a name="[67]"></a>guardar_posicion</STRONG> (Thumb, 42 bytes, Stack size 16 bytes, motor.o(.text.guardar_posicion))
<BR><BR>[Stack]<UL><LI>Max Depth = 40<LI>Call Chain = guardar_posicion &rArr; eeprom_escribir_16bit
</UL>
<BR>[Calls]<UL><LI><a href="#[69]">&gt;&gt;</a>&nbsp;&nbsp;&nbsp;eeprom_escribir_16bit
</UL>
<BR>[Called By]<UL><LI><a href="#[95]">&gt;&gt;</a>&nbsp;&nbsp;&nbsp;motor_ajustar_posicion_absoluta
<LI><a href="#[94]">&gt;&gt;</a>&nbsp;&nbsp;&nbsp;rotar_pinza
<LI><a href="#[5f]">&gt;&gt;</a>&nbsp;&nbsp;&nbsp;SCORBOT_HOME
</UL>

<P><STRONG><a name="[61]"></a>hombro_HOME</STRONG> (Thumb, 198 bytes, Stack size 24 bytes, scorbot_er_iii.o(.text.hombro_HOME))
<BR><BR>[Stack]<UL><LI>Max Depth = 184 + Unknown Stack Size
<LI>Call Chain = hombro_HOME &rArr; timer_retardo_ms &rArr; parar_con_error &rArr; __2printf &rArr; _printf_char_file &rArr; _printf_char_common &rArr; __printf
</UL>
<BR>[Calls]<UL><LI><a href="#[7a]">&gt;&gt;</a>&nbsp;&nbsp;&nbsp;gpio_leer_pin
<LI><a href="#[62]">&gt;&gt;</a>&nbsp;&nbsp;&nbsp;timer_retardo_ms
<LI><a href="#[65]">&gt;&gt;</a>&nbsp;&nbsp;&nbsp;motor_ajustar_velocidad
</UL>
<BR>[Called By]<UL><LI><a href="#[5f]">&gt;&gt;</a>&nbsp;&nbsp;&nbsp;SCORBOT_HOME
</UL>

<P><STRONG><a name="[64]"></a>inclinacion_HOME</STRONG> (Thumb, 106 bytes, Stack size 24 bytes, scorbot_er_iii.o(.text.inclinacion_HOME))
<BR><BR>[Stack]<UL><LI>Max Depth = 32<LI>Call Chain = inclinacion_HOME &rArr; gpio_leer_pin
</UL>
<BR>[Calls]<UL><LI><a href="#[7a]">&gt;&gt;</a>&nbsp;&nbsp;&nbsp;gpio_leer_pin
<LI><a href="#[65]">&gt;&gt;</a>&nbsp;&nbsp;&nbsp;motor_ajustar_velocidad
</UL>
<BR>[Called By]<UL><LI><a href="#[5f]">&gt;&gt;</a>&nbsp;&nbsp;&nbsp;SCORBOT_HOME
</UL>

<P><STRONG><a name="[8b]"></a>inclinar_pinza</STRONG> (Thumb, 60 bytes, Stack size 16 bytes, scorbot_er_iii.o(.text.inclinar_pinza))
<BR><BR>[Stack]<UL><LI>Max Depth = 248 + Unknown Stack Size
<LI>Call Chain = inclinar_pinza &rArr; motor_ajustar_posicion_absoluta_diferencial &rArr; motor_ajustar_posicion_relativa_diferencial &rArr; calculatePID &rArr; timer_leer &rArr; parar_con_error &rArr; __2printf &rArr; _printf_char_file &rArr; _printf_char_common &rArr; __printf
</UL>
<BR>[Calls]<UL><LI><a href="#[8c]">&gt;&gt;</a>&nbsp;&nbsp;&nbsp;convertir_grados_pulsos
<LI><a href="#[8d]">&gt;&gt;</a>&nbsp;&nbsp;&nbsp;motor_ajustar_posicion_absoluta_diferencial
</UL>
<BR>[Called By]<UL><LI><a href="#[44]">&gt;&gt;</a>&nbsp;&nbsp;&nbsp;main
</UL>

<P><STRONG><a name="[8e]"></a>iocon_configurar_pin</STRONG> (Thumb, 264 bytes, Stack size 24 bytes, iocon_lpc40xx.o(.text.iocon_configurar_pin))
<BR><BR>[Stack]<UL><LI>Max Depth = 168 + Unknown Stack Size
<LI>Call Chain = iocon_configurar_pin &rArr; parar_con_error &rArr; __2printf &rArr; _printf_char_file &rArr; _printf_char_common &rArr; __printf
</UL>
<BR>[Calls]<UL><LI><a href="#[89]">&gt;&gt;</a>&nbsp;&nbsp;&nbsp;parar_con_error
</UL>
<BR>[Called By]<UL><LI><a href="#[71]">&gt;&gt;</a>&nbsp;&nbsp;&nbsp;motor_inicializar
<LI><a href="#[90]">&gt;&gt;</a>&nbsp;&nbsp;&nbsp;uart_inicializar
</UL>

<P><STRONG><a name="[44]"></a>main</STRONG> (Thumb, 160 bytes, Stack size 48 bytes, main.o(.text.main))
<BR><BR>[Stack]<UL><LI>Max Depth = 304 + Unknown Stack Size
<LI>Call Chain = main &rArr; rotar_pinza &rArr; motor_ajustar_posicion_absoluta_diferencial &rArr; motor_ajustar_posicion_relativa_diferencial &rArr; calculatePID &rArr; timer_leer &rArr; parar_con_error &rArr; __2printf &rArr; _printf_char_file &rArr; _printf_char_common &rArr; __printf
</UL>
<BR>[Calls]<UL><LI><a href="#[7d]">&gt;&gt;</a>&nbsp;&nbsp;&nbsp;devolver_grados_reales
<LI><a href="#[75]">&gt;&gt;</a>&nbsp;&nbsp;&nbsp;abrir_cerrar_pinza
<LI><a href="#[94]">&gt;&gt;</a>&nbsp;&nbsp;&nbsp;rotar_pinza
<LI><a href="#[8b]">&gt;&gt;</a>&nbsp;&nbsp;&nbsp;inclinar_pinza
<LI><a href="#[93]">&gt;&gt;</a>&nbsp;&nbsp;&nbsp;mover_codo
<LI><a href="#[92]">&gt;&gt;</a>&nbsp;&nbsp;&nbsp;mover_hombro
<LI><a href="#[91]">&gt;&gt;</a>&nbsp;&nbsp;&nbsp;mover_base
<LI><a href="#[85]">&gt;&gt;</a>&nbsp;&nbsp;&nbsp;esperar_recibir_movimientos
<LI><a href="#[5f]">&gt;&gt;</a>&nbsp;&nbsp;&nbsp;SCORBOT_HOME
<LI><a href="#[90]">&gt;&gt;</a>&nbsp;&nbsp;&nbsp;uart_inicializar
<LI><a href="#[6a]">&gt;&gt;</a>&nbsp;&nbsp;&nbsp;SCORBOT_inicializar
<LI><a href="#[8f]">&gt;&gt;</a>&nbsp;&nbsp;&nbsp;eeprom_inicializar
</UL>
<BR>[Called By]<UL><LI><a href="#[43]">&gt;&gt;</a>&nbsp;&nbsp;&nbsp;__rt_entry_main
</UL>

<P><STRONG><a name="[70]"></a>microswitch_inicializar</STRONG> (Thumb, 8 bytes, Stack size 4 bytes, motor.o(.text.microswitch_inicializar))
<BR><BR>[Stack]<UL><LI>Max Depth = 4<LI>Call Chain = microswitch_inicializar
</UL>
<BR>[Called By]<UL><LI><a href="#[6a]">&gt;&gt;</a>&nbsp;&nbsp;&nbsp;SCORBOT_inicializar
</UL>

<P><STRONG><a name="[95]"></a>motor_ajustar_posicion_absoluta</STRONG> (Thumb, 52 bytes, Stack size 16 bytes, motor.o(.text.motor_ajustar_posicion_absoluta))
<BR><BR>[Stack]<UL><LI>Max Depth = 208 + Unknown Stack Size
<LI>Call Chain = motor_ajustar_posicion_absoluta &rArr; motor_ajustar_posicion_relativa &rArr; calculatePID &rArr; timer_leer &rArr; parar_con_error &rArr; __2printf &rArr; _printf_char_file &rArr; _printf_char_common &rArr; __printf
</UL>
<BR>[Calls]<UL><LI><a href="#[67]">&gt;&gt;</a>&nbsp;&nbsp;&nbsp;guardar_posicion
<LI><a href="#[76]">&gt;&gt;</a>&nbsp;&nbsp;&nbsp;motor_ajustar_posicion_relativa
</UL>
<BR>[Called By]<UL><LI><a href="#[93]">&gt;&gt;</a>&nbsp;&nbsp;&nbsp;mover_codo
<LI><a href="#[92]">&gt;&gt;</a>&nbsp;&nbsp;&nbsp;mover_hombro
<LI><a href="#[91]">&gt;&gt;</a>&nbsp;&nbsp;&nbsp;mover_base
</UL>

<P><STRONG><a name="[8d]"></a>motor_ajustar_posicion_absoluta_diferencial</STRONG> (Thumb, 58 bytes, Stack size 16 bytes, motor.o(.text.motor_ajustar_posicion_absoluta_diferencial))
<BR><BR>[Stack]<UL><LI>Max Depth = 232 + Unknown Stack Size
<LI>Call Chain = motor_ajustar_posicion_absoluta_diferencial &rArr; motor_ajustar_posicion_relativa_diferencial &rArr; calculatePID &rArr; timer_leer &rArr; parar_con_error &rArr; __2printf &rArr; _printf_char_file &rArr; _printf_char_common &rArr; __printf
</UL>
<BR>[Calls]<UL><LI><a href="#[96]">&gt;&gt;</a>&nbsp;&nbsp;&nbsp;motor_ajustar_posicion_relativa_diferencial
</UL>
<BR>[Called By]<UL><LI><a href="#[94]">&gt;&gt;</a>&nbsp;&nbsp;&nbsp;rotar_pinza
<LI><a href="#[8b]">&gt;&gt;</a>&nbsp;&nbsp;&nbsp;inclinar_pinza
</UL>

<P><STRONG><a name="[76]"></a>motor_ajustar_posicion_relativa</STRONG> (Thumb, 164 bytes, Stack size 24 bytes, motor.o(.text.motor_ajustar_posicion_relativa))
<BR><BR>[Stack]<UL><LI>Max Depth = 192 + Unknown Stack Size
<LI>Call Chain = motor_ajustar_posicion_relativa &rArr; calculatePID &rArr; timer_leer &rArr; parar_con_error &rArr; __2printf &rArr; _printf_char_file &rArr; _printf_char_common &rArr; __printf
</UL>
<BR>[Calls]<UL><LI><a href="#[97]">&gt;&gt;</a>&nbsp;&nbsp;&nbsp;timer_iniciar_conteo_us
<LI><a href="#[77]">&gt;&gt;</a>&nbsp;&nbsp;&nbsp;calculatePID
<LI><a href="#[65]">&gt;&gt;</a>&nbsp;&nbsp;&nbsp;motor_ajustar_velocidad
<LI><a href="#[5e]">&gt;&gt;</a>&nbsp;&nbsp;&nbsp;timer_poner_contador_a_0
</UL>
<BR>[Called By]<UL><LI><a href="#[95]">&gt;&gt;</a>&nbsp;&nbsp;&nbsp;motor_ajustar_posicion_absoluta
<LI><a href="#[75]">&gt;&gt;</a>&nbsp;&nbsp;&nbsp;abrir_cerrar_pinza
</UL>

<P><STRONG><a name="[96]"></a>motor_ajustar_posicion_relativa_diferencial</STRONG> (Thumb, 896 bytes, Stack size 48 bytes, motor.o(.text.motor_ajustar_posicion_relativa_diferencial))
<BR><BR>[Stack]<UL><LI>Max Depth = 216 + Unknown Stack Size
<LI>Call Chain = motor_ajustar_posicion_relativa_diferencial &rArr; calculatePID &rArr; timer_leer &rArr; parar_con_error &rArr; __2printf &rArr; _printf_char_file &rArr; _printf_char_common &rArr; __printf
</UL>
<BR>[Calls]<UL><LI><a href="#[78]">&gt;&gt;</a>&nbsp;&nbsp;&nbsp;__aeabi_f2d
<LI><a href="#[98]">&gt;&gt;</a>&nbsp;&nbsp;&nbsp;__aeabi_dcmpgt
<LI><a href="#[97]">&gt;&gt;</a>&nbsp;&nbsp;&nbsp;timer_iniciar_conteo_us
<LI><a href="#[77]">&gt;&gt;</a>&nbsp;&nbsp;&nbsp;calculatePID
<LI><a href="#[65]">&gt;&gt;</a>&nbsp;&nbsp;&nbsp;motor_ajustar_velocidad
<LI><a href="#[5e]">&gt;&gt;</a>&nbsp;&nbsp;&nbsp;timer_poner_contador_a_0
<LI><a href="#[5d]">&gt;&gt;</a>&nbsp;&nbsp;&nbsp;PID_inicializar
</UL>
<BR>[Called By]<UL><LI><a href="#[8d]">&gt;&gt;</a>&nbsp;&nbsp;&nbsp;motor_ajustar_posicion_absoluta_diferencial
</UL>

<P><STRONG><a name="[65]"></a>motor_ajustar_velocidad</STRONG> (Thumb, 636 bytes, Stack size 8 bytes, motor.o(.text.motor_ajustar_velocidad))
<BR><BR>[Stack]<UL><LI>Max Depth = 8<LI>Call Chain = motor_ajustar_velocidad
</UL>
<BR>[Called By]<UL><LI><a href="#[68]">&gt;&gt;</a>&nbsp;&nbsp;&nbsp;base_HOME
<LI><a href="#[66]">&gt;&gt;</a>&nbsp;&nbsp;&nbsp;codo_HOME
<LI><a href="#[64]">&gt;&gt;</a>&nbsp;&nbsp;&nbsp;inclinacion_HOME
<LI><a href="#[63]">&gt;&gt;</a>&nbsp;&nbsp;&nbsp;rotacion_HOME
<LI><a href="#[61]">&gt;&gt;</a>&nbsp;&nbsp;&nbsp;hombro_HOME
<LI><a href="#[96]">&gt;&gt;</a>&nbsp;&nbsp;&nbsp;motor_ajustar_posicion_relativa_diferencial
<LI><a href="#[76]">&gt;&gt;</a>&nbsp;&nbsp;&nbsp;motor_ajustar_posicion_relativa
<LI><a href="#[5a]">&gt;&gt;</a>&nbsp;&nbsp;&nbsp;actualizarPID
<LI><a href="#[5f]">&gt;&gt;</a>&nbsp;&nbsp;&nbsp;SCORBOT_HOME
<LI><a href="#[6a]">&gt;&gt;</a>&nbsp;&nbsp;&nbsp;SCORBOT_inicializar
</UL>

<P><STRONG><a name="[71]"></a>motor_inicializar</STRONG> (Thumb, 190 bytes, Stack size 24 bytes, motor.o(.text.motor_inicializar))
<BR><BR>[Stack]<UL><LI>Max Depth = 192 + Unknown Stack Size
<LI>Call Chain = motor_inicializar &rArr; iocon_configurar_pin &rArr; parar_con_error &rArr; __2printf &rArr; _printf_char_file &rArr; _printf_char_common &rArr; __printf
</UL>
<BR>[Calls]<UL><LI><a href="#[8e]">&gt;&gt;</a>&nbsp;&nbsp;&nbsp;iocon_configurar_pin
</UL>
<BR>[Called By]<UL><LI><a href="#[6a]">&gt;&gt;</a>&nbsp;&nbsp;&nbsp;SCORBOT_inicializar
</UL>

<P><STRONG><a name="[91]"></a>mover_base</STRONG> (Thumb, 58 bytes, Stack size 16 bytes, scorbot_er_iii.o(.text.mover_base))
<BR><BR>[Stack]<UL><LI>Max Depth = 224 + Unknown Stack Size
<LI>Call Chain = mover_base &rArr; motor_ajustar_posicion_absoluta &rArr; motor_ajustar_posicion_relativa &rArr; calculatePID &rArr; timer_leer &rArr; parar_con_error &rArr; __2printf &rArr; _printf_char_file &rArr; _printf_char_common &rArr; __printf
</UL>
<BR>[Calls]<UL><LI><a href="#[8c]">&gt;&gt;</a>&nbsp;&nbsp;&nbsp;convertir_grados_pulsos
<LI><a href="#[95]">&gt;&gt;</a>&nbsp;&nbsp;&nbsp;motor_ajustar_posicion_absoluta
</UL>
<BR>[Called By]<UL><LI><a href="#[44]">&gt;&gt;</a>&nbsp;&nbsp;&nbsp;main
</UL>

<P><STRONG><a name="[93]"></a>mover_codo</STRONG> (Thumb, 70 bytes, Stack size 16 bytes, scorbot_er_iii.o(.text.mover_codo))
<BR><BR>[Stack]<UL><LI>Max Depth = 224 + Unknown Stack Size
<LI>Call Chain = mover_codo &rArr; motor_ajustar_posicion_absoluta &rArr; motor_ajustar_posicion_relativa &rArr; calculatePID &rArr; timer_leer &rArr; parar_con_error &rArr; __2printf &rArr; _printf_char_file &rArr; _printf_char_common &rArr; __printf
</UL>
<BR>[Calls]<UL><LI><a href="#[8c]">&gt;&gt;</a>&nbsp;&nbsp;&nbsp;convertir_grados_pulsos
<LI><a href="#[95]">&gt;&gt;</a>&nbsp;&nbsp;&nbsp;motor_ajustar_posicion_absoluta
</UL>
<BR>[Called By]<UL><LI><a href="#[44]">&gt;&gt;</a>&nbsp;&nbsp;&nbsp;main
</UL>

<P><STRONG><a name="[92]"></a>mover_hombro</STRONG> (Thumb, 58 bytes, Stack size 16 bytes, scorbot_er_iii.o(.text.mover_hombro))
<BR><BR>[Stack]<UL><LI>Max Depth = 224 + Unknown Stack Size
<LI>Call Chain = mover_hombro &rArr; motor_ajustar_posicion_absoluta &rArr; motor_ajustar_posicion_relativa &rArr; calculatePID &rArr; timer_leer &rArr; parar_con_error &rArr; __2printf &rArr; _printf_char_file &rArr; _printf_char_common &rArr; __printf
</UL>
<BR>[Calls]<UL><LI><a href="#[8c]">&gt;&gt;</a>&nbsp;&nbsp;&nbsp;convertir_grados_pulsos
<LI><a href="#[95]">&gt;&gt;</a>&nbsp;&nbsp;&nbsp;motor_ajustar_posicion_absoluta
</UL>
<BR>[Called By]<UL><LI><a href="#[44]">&gt;&gt;</a>&nbsp;&nbsp;&nbsp;main
</UL>

<P><STRONG><a name="[89]"></a>parar_con_error</STRONG> (Thumb, 92 bytes, Stack size 0 bytes, error.o(.text.parar_con_error))
<BR><BR>[Stack]<UL><LI>Max Depth = 144 + Unknown Stack Size
<LI>Call Chain = parar_con_error &rArr; __2printf &rArr; _printf_char_file &rArr; _printf_char_common &rArr; __printf
</UL>
<BR>[Calls]<UL><LI><a href="#[4a]">&gt;&gt;</a>&nbsp;&nbsp;&nbsp;__2printf
</UL>
<BR>[Called By]<UL><LI><a href="#[88]">&gt;&gt;</a>&nbsp;&nbsp;&nbsp;glcd_caracter
<LI><a href="#[a1]">&gt;&gt;</a>&nbsp;&nbsp;&nbsp;uart_esperar_recibir_dato
<LI><a href="#[7e]">&gt;&gt;</a>&nbsp;&nbsp;&nbsp;uart_transmitir_dato
<LI><a href="#[62]">&gt;&gt;</a>&nbsp;&nbsp;&nbsp;timer_retardo_ms
<LI><a href="#[97]">&gt;&gt;</a>&nbsp;&nbsp;&nbsp;timer_iniciar_conteo_us
<LI><a href="#[7b]">&gt;&gt;</a>&nbsp;&nbsp;&nbsp;timer_leer
<LI><a href="#[6d]">&gt;&gt;</a>&nbsp;&nbsp;&nbsp;timer_inicializar
<LI><a href="#[5e]">&gt;&gt;</a>&nbsp;&nbsp;&nbsp;timer_poner_contador_a_0
<LI><a href="#[8a]">&gt;&gt;</a>&nbsp;&nbsp;&nbsp;gpio_ajustar_dir
<LI><a href="#[8e]">&gt;&gt;</a>&nbsp;&nbsp;&nbsp;iocon_configurar_pin
<LI><a href="#[90]">&gt;&gt;</a>&nbsp;&nbsp;&nbsp;uart_inicializar
</UL>

<P><STRONG><a name="[6c]"></a>pwm_inicializar</STRONG> (Thumb, 480 bytes, Stack size 40 bytes, motor.o(.text.pwm_inicializar))
<BR><BR>[Stack]<UL><LI>Max Depth = 72<LI>Call Chain = pwm_inicializar &rArr; __aeabi_dmul
</UL>
<BR>[Calls]<UL><LI><a href="#[9a]">&gt;&gt;</a>&nbsp;&nbsp;&nbsp;__aeabi_dmul
<LI><a href="#[99]">&gt;&gt;</a>&nbsp;&nbsp;&nbsp;__aeabi_ui2d
<LI><a href="#[9c]">&gt;&gt;</a>&nbsp;&nbsp;&nbsp;__aeabi_d2uiz
<LI><a href="#[9b]">&gt;&gt;</a>&nbsp;&nbsp;&nbsp;__aeabi_dadd
</UL>
<BR>[Called By]<UL><LI><a href="#[6a]">&gt;&gt;</a>&nbsp;&nbsp;&nbsp;SCORBOT_inicializar
</UL>

<P><STRONG><a name="[72]"></a>rele_ON</STRONG> (Thumb, 20 bytes, Stack size 8 bytes, motor.o(.text.rele_ON))
<BR><BR>[Stack]<UL><LI>Max Depth = 16<LI>Call Chain = rele_ON &rArr; gpio_pin_a_1
</UL>
<BR>[Calls]<UL><LI><a href="#[9d]">&gt;&gt;</a>&nbsp;&nbsp;&nbsp;gpio_pin_a_1
</UL>
<BR>[Called By]<UL><LI><a href="#[6a]">&gt;&gt;</a>&nbsp;&nbsp;&nbsp;SCORBOT_inicializar
</UL>

<P><STRONG><a name="[6b]"></a>rele_inicializar</STRONG> (Thumb, 38 bytes, Stack size 16 bytes, motor.o(.text.rele_inicializar))
<BR><BR>[Stack]<UL><LI>Max Depth = 176 + Unknown Stack Size
<LI>Call Chain = rele_inicializar &rArr; gpio_ajustar_dir &rArr; parar_con_error &rArr; __2printf &rArr; _printf_char_file &rArr; _printf_char_common &rArr; __printf
</UL>
<BR>[Calls]<UL><LI><a href="#[8a]">&gt;&gt;</a>&nbsp;&nbsp;&nbsp;gpio_ajustar_dir
<LI><a href="#[9e]">&gt;&gt;</a>&nbsp;&nbsp;&nbsp;gpio_pin_a_0
</UL>
<BR>[Called By]<UL><LI><a href="#[6a]">&gt;&gt;</a>&nbsp;&nbsp;&nbsp;SCORBOT_inicializar
</UL>

<P><STRONG><a name="[63]"></a>rotacion_HOME</STRONG> (Thumb, 104 bytes, Stack size 24 bytes, scorbot_er_iii.o(.text.rotacion_HOME))
<BR><BR>[Stack]<UL><LI>Max Depth = 32<LI>Call Chain = rotacion_HOME &rArr; gpio_leer_pin
</UL>
<BR>[Calls]<UL><LI><a href="#[7a]">&gt;&gt;</a>&nbsp;&nbsp;&nbsp;gpio_leer_pin
<LI><a href="#[65]">&gt;&gt;</a>&nbsp;&nbsp;&nbsp;motor_ajustar_velocidad
</UL>
<BR>[Called By]<UL><LI><a href="#[5f]">&gt;&gt;</a>&nbsp;&nbsp;&nbsp;SCORBOT_HOME
</UL>

<P><STRONG><a name="[94]"></a>rotar_pinza</STRONG> (Thumb, 70 bytes, Stack size 24 bytes, scorbot_er_iii.o(.text.rotar_pinza))
<BR><BR>[Stack]<UL><LI>Max Depth = 256 + Unknown Stack Size
<LI>Call Chain = rotar_pinza &rArr; motor_ajustar_posicion_absoluta_diferencial &rArr; motor_ajustar_posicion_relativa_diferencial &rArr; calculatePID &rArr; timer_leer &rArr; parar_con_error &rArr; __2printf &rArr; _printf_char_file &rArr; _printf_char_common &rArr; __printf
</UL>
<BR>[Calls]<UL><LI><a href="#[8c]">&gt;&gt;</a>&nbsp;&nbsp;&nbsp;convertir_grados_pulsos
<LI><a href="#[8d]">&gt;&gt;</a>&nbsp;&nbsp;&nbsp;motor_ajustar_posicion_absoluta_diferencial
<LI><a href="#[67]">&gt;&gt;</a>&nbsp;&nbsp;&nbsp;guardar_posicion
</UL>
<BR>[Called By]<UL><LI><a href="#[44]">&gt;&gt;</a>&nbsp;&nbsp;&nbsp;main
</UL>

<P><STRONG><a name="[6d]"></a>timer_inicializar</STRONG> (Thumb, 144 bytes, Stack size 0 bytes, timer_lpc40xx.o(.text.timer_inicializar))
<BR><BR>[Stack]<UL><LI>Max Depth = 144 + Unknown Stack Size
<LI>Call Chain = timer_inicializar &rArr; parar_con_error &rArr; __2printf &rArr; _printf_char_file &rArr; _printf_char_common &rArr; __printf
</UL>
<BR>[Calls]<UL><LI><a href="#[89]">&gt;&gt;</a>&nbsp;&nbsp;&nbsp;parar_con_error
</UL>
<BR>[Called By]<UL><LI><a href="#[6a]">&gt;&gt;</a>&nbsp;&nbsp;&nbsp;SCORBOT_inicializar
</UL>

<P><STRONG><a name="[97]"></a>timer_iniciar_conteo_us</STRONG> (Thumb, 128 bytes, Stack size 8 bytes, timer_lpc40xx.o(.text.timer_iniciar_conteo_us))
<BR><BR>[Stack]<UL><LI>Max Depth = 152 + Unknown Stack Size
<LI>Call Chain = timer_iniciar_conteo_us &rArr; parar_con_error &rArr; __2printf &rArr; _printf_char_file &rArr; _printf_char_common &rArr; __printf
</UL>
<BR>[Calls]<UL><LI><a href="#[89]">&gt;&gt;</a>&nbsp;&nbsp;&nbsp;parar_con_error
</UL>
<BR>[Called By]<UL><LI><a href="#[96]">&gt;&gt;</a>&nbsp;&nbsp;&nbsp;motor_ajustar_posicion_relativa_diferencial
<LI><a href="#[76]">&gt;&gt;</a>&nbsp;&nbsp;&nbsp;motor_ajustar_posicion_relativa
</UL>

<P><STRONG><a name="[7b]"></a>timer_leer</STRONG> (Thumb, 84 bytes, Stack size 8 bytes, timer_lpc40xx.o(.text.timer_leer))
<BR><BR>[Stack]<UL><LI>Max Depth = 152 + Unknown Stack Size
<LI>Call Chain = timer_leer &rArr; parar_con_error &rArr; __2printf &rArr; _printf_char_file &rArr; _printf_char_common &rArr; __printf
</UL>
<BR>[Calls]<UL><LI><a href="#[89]">&gt;&gt;</a>&nbsp;&nbsp;&nbsp;parar_con_error
</UL>
<BR>[Called By]<UL><LI><a href="#[77]">&gt;&gt;</a>&nbsp;&nbsp;&nbsp;calculatePID
</UL>

<P><STRONG><a name="[5e]"></a>timer_poner_contador_a_0</STRONG> (Thumb, 108 bytes, Stack size 8 bytes, timer_lpc40xx.o(.text.timer_poner_contador_a_0))
<BR><BR>[Stack]<UL><LI>Max Depth = 152 + Unknown Stack Size
<LI>Call Chain = timer_poner_contador_a_0 &rArr; parar_con_error &rArr; __2printf &rArr; _printf_char_file &rArr; _printf_char_common &rArr; __printf
</UL>
<BR>[Calls]<UL><LI><a href="#[89]">&gt;&gt;</a>&nbsp;&nbsp;&nbsp;parar_con_error
</UL>
<BR>[Called By]<UL><LI><a href="#[96]">&gt;&gt;</a>&nbsp;&nbsp;&nbsp;motor_ajustar_posicion_relativa_diferencial
<LI><a href="#[76]">&gt;&gt;</a>&nbsp;&nbsp;&nbsp;motor_ajustar_posicion_relativa
<LI><a href="#[5d]">&gt;&gt;</a>&nbsp;&nbsp;&nbsp;PID_inicializar
</UL>

<P><STRONG><a name="[62]"></a>timer_retardo_ms</STRONG> (Thumb, 156 bytes, Stack size 16 bytes, timer_lpc40xx.o(.text.timer_retardo_ms))
<BR><BR>[Stack]<UL><LI>Max Depth = 160 + Unknown Stack Size
<LI>Call Chain = timer_retardo_ms &rArr; parar_con_error &rArr; __2printf &rArr; _printf_char_file &rArr; _printf_char_common &rArr; __printf
</UL>
<BR>[Calls]<UL><LI><a href="#[89]">&gt;&gt;</a>&nbsp;&nbsp;&nbsp;parar_con_error
</UL>
<BR>[Called By]<UL><LI><a href="#[61]">&gt;&gt;</a>&nbsp;&nbsp;&nbsp;hombro_HOME
<LI><a href="#[5f]">&gt;&gt;</a>&nbsp;&nbsp;&nbsp;SCORBOT_HOME
</UL>

<P><STRONG><a name="[a1]"></a>uart_esperar_recibir_dato</STRONG> (Thumb, 140 bytes, Stack size 16 bytes, uart_lpc40xx.o(.text.uart_esperar_recibir_dato))
<BR><BR>[Stack]<UL><LI>Max Depth = 160 + Unknown Stack Size
<LI>Call Chain = uart_esperar_recibir_dato &rArr; parar_con_error &rArr; __2printf &rArr; _printf_char_file &rArr; _printf_char_common &rArr; __printf
</UL>
<BR>[Calls]<UL><LI><a href="#[89]">&gt;&gt;</a>&nbsp;&nbsp;&nbsp;parar_con_error
</UL>
<BR>[Called By]<UL><LI><a href="#[86]">&gt;&gt;</a>&nbsp;&nbsp;&nbsp;uart_recibir_int16
</UL>

<P><STRONG><a name="[90]"></a>uart_inicializar</STRONG> (Thumb, 790 bytes, Stack size 24 bytes, uart_lpc40xx.o(.text.uart_inicializar))
<BR><BR>[Stack]<UL><LI>Max Depth = 192 + Unknown Stack Size
<LI>Call Chain = uart_inicializar &rArr; iocon_configurar_pin &rArr; parar_con_error &rArr; __2printf &rArr; _printf_char_file &rArr; _printf_char_common &rArr; __printf
</UL>
<BR>[Calls]<UL><LI><a href="#[89]">&gt;&gt;</a>&nbsp;&nbsp;&nbsp;parar_con_error
<LI><a href="#[9f]">&gt;&gt;</a>&nbsp;&nbsp;&nbsp;uart_calcular_baudrate
<LI><a href="#[8e]">&gt;&gt;</a>&nbsp;&nbsp;&nbsp;iocon_configurar_pin
</UL>
<BR>[Called By]<UL><LI><a href="#[44]">&gt;&gt;</a>&nbsp;&nbsp;&nbsp;main
</UL>

<P><STRONG><a name="[86]"></a>uart_recibir_int16</STRONG> (Thumb, 44 bytes, Stack size 16 bytes, uart_lpc40xx.o(.text.uart_recibir_int16))
<BR><BR>[Stack]<UL><LI>Max Depth = 176 + Unknown Stack Size
<LI>Call Chain = uart_recibir_int16 &rArr; uart_esperar_recibir_dato &rArr; parar_con_error &rArr; __2printf &rArr; _printf_char_file &rArr; _printf_char_common &rArr; __printf
</UL>
<BR>[Calls]<UL><LI><a href="#[a1]">&gt;&gt;</a>&nbsp;&nbsp;&nbsp;uart_esperar_recibir_dato
</UL>
<BR>[Called By]<UL><LI><a href="#[85]">&gt;&gt;</a>&nbsp;&nbsp;&nbsp;esperar_recibir_movimientos
</UL>

<P><STRONG><a name="[7e]"></a>uart_transmitir_dato</STRONG> (Thumb, 150 bytes, Stack size 16 bytes, uart_lpc40xx.o(.text.uart_transmitir_dato))
<BR><BR>[Stack]<UL><LI>Max Depth = 160 + Unknown Stack Size
<LI>Call Chain = uart_transmitir_dato &rArr; parar_con_error &rArr; __2printf &rArr; _printf_char_file &rArr; _printf_char_common &rArr; __printf
</UL>
<BR>[Calls]<UL><LI><a href="#[89]">&gt;&gt;</a>&nbsp;&nbsp;&nbsp;parar_con_error
</UL>
<BR>[Called By]<UL><LI><a href="#[5c]">&gt;&gt;</a>&nbsp;&nbsp;&nbsp;uart_transmitir_int16
<LI><a href="#[7d]">&gt;&gt;</a>&nbsp;&nbsp;&nbsp;devolver_grados_reales
</UL>

<P><STRONG><a name="[5c]"></a>uart_transmitir_int16</STRONG> (Thumb, 50 bytes, Stack size 16 bytes, uart_lpc40xx.o(.text.uart_transmitir_int16))
<BR><BR>[Stack]<UL><LI>Max Depth = 176 + Unknown Stack Size
<LI>Call Chain = uart_transmitir_int16 &rArr; uart_transmitir_dato &rArr; parar_con_error &rArr; __2printf &rArr; _printf_char_file &rArr; _printf_char_common &rArr; __printf
</UL>
<BR>[Calls]<UL><LI><a href="#[7e]">&gt;&gt;</a>&nbsp;&nbsp;&nbsp;uart_transmitir_dato
</UL>
<BR>[Called By]<UL><LI><a href="#[5a]">&gt;&gt;</a>&nbsp;&nbsp;&nbsp;actualizarPID
<LI><a href="#[2f]">&gt;&gt;</a>&nbsp;&nbsp;&nbsp;GPIO_IRQHandler
</UL>

<P><STRONG><a name="[53]"></a>_is_digit</STRONG> (Thumb, 14 bytes, Stack size 0 bytes, __printf_wp.o(i._is_digit))
<BR><BR>[Called By]<UL><LI><a href="#[52]">&gt;&gt;</a>&nbsp;&nbsp;&nbsp;__printf
</UL>

<P><STRONG><a name="[a0]"></a>__aeabi_d2f</STRONG> (Thumb, 0 bytes, Stack size 32 bytes, d2f.o(x$fpl$d2f))
<BR><BR>[Stack]<UL><LI>Max Depth = 32<LI>Call Chain = __aeabi_d2f
</UL>
<BR>[Called By]<UL><LI><a href="#[9f]">&gt;&gt;</a>&nbsp;&nbsp;&nbsp;uart_calcular_baudrate
</UL>

<P><STRONG><a name="[a2]"></a>_d2f</STRONG> (Thumb, 98 bytes, Stack size 32 bytes, d2f.o(x$fpl$d2f), UNUSED)
<BR><BR>[Calls]<UL><LI><a href="#[a3]">&gt;&gt;</a>&nbsp;&nbsp;&nbsp;__fpl_fretinf
<LI><a href="#[a4]">&gt;&gt;</a>&nbsp;&nbsp;&nbsp;__fpl_dnaninf
</UL>

<P><STRONG><a name="[9b]"></a>__aeabi_dadd</STRONG> (Thumb, 0 bytes, Stack size 16 bytes, daddsub_clz.o(x$fpl$dadd))
<BR><BR>[Stack]<UL><LI>Max Depth = 16<LI>Call Chain = __aeabi_dadd
</UL>
<BR>[Called By]<UL><LI><a href="#[6c]">&gt;&gt;</a>&nbsp;&nbsp;&nbsp;pwm_inicializar
</UL>

<P><STRONG><a name="[a5]"></a>_dadd</STRONG> (Thumb, 332 bytes, Stack size 16 bytes, daddsub_clz.o(x$fpl$dadd), UNUSED)
<BR><BR>[Calls]<UL><LI><a href="#[a7]">&gt;&gt;</a>&nbsp;&nbsp;&nbsp;__fpl_dretinf
<LI><a href="#[a4]">&gt;&gt;</a>&nbsp;&nbsp;&nbsp;__fpl_dnaninf
<LI><a href="#[a6]">&gt;&gt;</a>&nbsp;&nbsp;&nbsp;_dsub1
</UL>

<P><STRONG><a name="[a9]"></a>__fpl_dcmp_Inf</STRONG> (Thumb, 24 bytes, Stack size 0 bytes, dcmpi.o(x$fpl$dcmpinf), UNUSED)
<BR><BR>[Called By]<UL><LI><a href="#[ac]">&gt;&gt;</a>&nbsp;&nbsp;&nbsp;_dcmple
<LI><a href="#[ab]">&gt;&gt;</a>&nbsp;&nbsp;&nbsp;_dcmpge
<LI><a href="#[a8]">&gt;&gt;</a>&nbsp;&nbsp;&nbsp;_dcmpeq
</UL>

<P><STRONG><a name="[ed]"></a>__aeabi_cdcmpeq</STRONG> (Thumb, 0 bytes, Stack size 32 bytes, deqf.o(x$fpl$deqf), UNUSED)

<P><STRONG><a name="[a8]"></a>_dcmpeq</STRONG> (Thumb, 120 bytes, Stack size 32 bytes, deqf.o(x$fpl$deqf), UNUSED)
<BR><BR>[Calls]<UL><LI><a href="#[a9]">&gt;&gt;</a>&nbsp;&nbsp;&nbsp;__fpl_dcmp_Inf
<LI><a href="#[a4]">&gt;&gt;</a>&nbsp;&nbsp;&nbsp;__fpl_dnaninf
</UL>
<BR>[Called By]<UL><LI><a href="#[b3]">&gt;&gt;</a>&nbsp;&nbsp;&nbsp;_dneq
<LI><a href="#[b2]">&gt;&gt;</a>&nbsp;&nbsp;&nbsp;_deq
</UL>

<P><STRONG><a name="[9c]"></a>__aeabi_d2uiz</STRONG> (Thumb, 0 bytes, Stack size 32 bytes, dfixu.o(x$fpl$dfixu))
<BR><BR>[Stack]<UL><LI>Max Depth = 32<LI>Call Chain = __aeabi_d2uiz
</UL>
<BR>[Called By]<UL><LI><a href="#[6c]">&gt;&gt;</a>&nbsp;&nbsp;&nbsp;pwm_inicializar
</UL>

<P><STRONG><a name="[aa]"></a>_dfixu</STRONG> (Thumb, 90 bytes, Stack size 32 bytes, dfixu.o(x$fpl$dfixu), UNUSED)
<BR><BR>[Calls]<UL><LI><a href="#[a4]">&gt;&gt;</a>&nbsp;&nbsp;&nbsp;__fpl_dnaninf
</UL>

<P><STRONG><a name="[99]"></a>__aeabi_ui2d</STRONG> (Thumb, 0 bytes, Stack size 0 bytes, dflt_clz.o(x$fpl$dfltu))
<BR><BR>[Called By]<UL><LI><a href="#[6c]">&gt;&gt;</a>&nbsp;&nbsp;&nbsp;pwm_inicializar
</UL>

<P><STRONG><a name="[ee]"></a>_dfltu</STRONG> (Thumb, 38 bytes, Stack size 0 bytes, dflt_clz.o(x$fpl$dfltu), UNUSED)

<P><STRONG><a name="[ef]"></a>__aeabi_cdcmpge</STRONG> (Thumb, 0 bytes, Stack size 32 bytes, dgeqf.o(x$fpl$dgeqf), UNUSED)

<P><STRONG><a name="[ab]"></a>_dcmpge</STRONG> (Thumb, 120 bytes, Stack size 32 bytes, dgeqf.o(x$fpl$dgeqf), UNUSED)
<BR><BR>[Calls]<UL><LI><a href="#[a9]">&gt;&gt;</a>&nbsp;&nbsp;&nbsp;__fpl_dcmp_Inf
<LI><a href="#[a4]">&gt;&gt;</a>&nbsp;&nbsp;&nbsp;__fpl_dnaninf
</UL>
<BR>[Called By]<UL><LI><a href="#[b5]">&gt;&gt;</a>&nbsp;&nbsp;&nbsp;_dgeq
<LI><a href="#[b4]">&gt;&gt;</a>&nbsp;&nbsp;&nbsp;_dgr
</UL>

<P><STRONG><a name="[f0]"></a>__aeabi_cdcmple</STRONG> (Thumb, 0 bytes, Stack size 32 bytes, dleqf.o(x$fpl$dleqf), UNUSED)

<P><STRONG><a name="[ac]"></a>_dcmple</STRONG> (Thumb, 120 bytes, Stack size 32 bytes, dleqf.o(x$fpl$dleqf), UNUSED)
<BR><BR>[Calls]<UL><LI><a href="#[a9]">&gt;&gt;</a>&nbsp;&nbsp;&nbsp;__fpl_dcmp_Inf
<LI><a href="#[a4]">&gt;&gt;</a>&nbsp;&nbsp;&nbsp;__fpl_dnaninf
</UL>
<BR>[Called By]<UL><LI><a href="#[b7]">&gt;&gt;</a>&nbsp;&nbsp;&nbsp;_dls
<LI><a href="#[b6]">&gt;&gt;</a>&nbsp;&nbsp;&nbsp;_dleq
</UL>

<P><STRONG><a name="[f1]"></a>__fpl_dcmple_InfNaN</STRONG> (Thumb, 0 bytes, Stack size unknown bytes, dleqf.o(x$fpl$dleqf), UNUSED)

<P><STRONG><a name="[9a]"></a>__aeabi_dmul</STRONG> (Thumb, 0 bytes, Stack size 32 bytes, dmul.o(x$fpl$dmul))
<BR><BR>[Stack]<UL><LI>Max Depth = 32<LI>Call Chain = __aeabi_dmul
</UL>
<BR>[Called By]<UL><LI><a href="#[6c]">&gt;&gt;</a>&nbsp;&nbsp;&nbsp;pwm_inicializar
</UL>

<P><STRONG><a name="[ad]"></a>_dmul</STRONG> (Thumb, 332 bytes, Stack size 32 bytes, dmul.o(x$fpl$dmul), UNUSED)
<BR><BR>[Calls]<UL><LI><a href="#[a7]">&gt;&gt;</a>&nbsp;&nbsp;&nbsp;__fpl_dretinf
<LI><a href="#[a4]">&gt;&gt;</a>&nbsp;&nbsp;&nbsp;__fpl_dnaninf
</UL>

<P><STRONG><a name="[a4]"></a>__fpl_dnaninf</STRONG> (Thumb, 156 bytes, Stack size 16 bytes, dnaninf.o(x$fpl$dnaninf), UNUSED)
<BR><BR>[Called By]<UL><LI><a href="#[ac]">&gt;&gt;</a>&nbsp;&nbsp;&nbsp;_dcmple
<LI><a href="#[ab]">&gt;&gt;</a>&nbsp;&nbsp;&nbsp;_dcmpge
<LI><a href="#[a8]">&gt;&gt;</a>&nbsp;&nbsp;&nbsp;_dcmpeq
<LI><a href="#[ad]">&gt;&gt;</a>&nbsp;&nbsp;&nbsp;_dmul
<LI><a href="#[aa]">&gt;&gt;</a>&nbsp;&nbsp;&nbsp;_dfixu
<LI><a href="#[ae]">&gt;&gt;</a>&nbsp;&nbsp;&nbsp;_dsub
<LI><a href="#[a5]">&gt;&gt;</a>&nbsp;&nbsp;&nbsp;_dadd
<LI><a href="#[a2]">&gt;&gt;</a>&nbsp;&nbsp;&nbsp;_d2f
</UL>

<P><STRONG><a name="[a7]"></a>__fpl_dretinf</STRONG> (Thumb, 12 bytes, Stack size 0 bytes, dretinf.o(x$fpl$dretinf), UNUSED)
<BR><BR>[Called By]<UL><LI><a href="#[b0]">&gt;&gt;</a>&nbsp;&nbsp;&nbsp;_f2d
<LI><a href="#[ad]">&gt;&gt;</a>&nbsp;&nbsp;&nbsp;_dmul
<LI><a href="#[a5]">&gt;&gt;</a>&nbsp;&nbsp;&nbsp;_dadd
</UL>

<P><STRONG><a name="[f2]"></a>__aeabi_dsub</STRONG> (Thumb, 0 bytes, Stack size 32 bytes, daddsub_clz.o(x$fpl$dsub), UNUSED)

<P><STRONG><a name="[ae]"></a>_dsub</STRONG> (Thumb, 472 bytes, Stack size 32 bytes, daddsub_clz.o(x$fpl$dsub), UNUSED)
<BR><BR>[Calls]<UL><LI><a href="#[a4]">&gt;&gt;</a>&nbsp;&nbsp;&nbsp;__fpl_dnaninf
<LI><a href="#[af]">&gt;&gt;</a>&nbsp;&nbsp;&nbsp;_dadd1
</UL>

<P><STRONG><a name="[78]"></a>__aeabi_f2d</STRONG> (Thumb, 0 bytes, Stack size 16 bytes, f2d.o(x$fpl$f2d))
<BR><BR>[Stack]<UL><LI>Max Depth = 16<LI>Call Chain = __aeabi_f2d
</UL>
<BR>[Called By]<UL><LI><a href="#[9f]">&gt;&gt;</a>&nbsp;&nbsp;&nbsp;uart_calcular_baudrate
<LI><a href="#[96]">&gt;&gt;</a>&nbsp;&nbsp;&nbsp;motor_ajustar_posicion_relativa_diferencial
<LI><a href="#[5a]">&gt;&gt;</a>&nbsp;&nbsp;&nbsp;actualizarPID
</UL>

<P><STRONG><a name="[b0]"></a>_f2d</STRONG> (Thumb, 86 bytes, Stack size 16 bytes, f2d.o(x$fpl$f2d), UNUSED)
<BR><BR>[Calls]<UL><LI><a href="#[b1]">&gt;&gt;</a>&nbsp;&nbsp;&nbsp;__fpl_fnaninf
<LI><a href="#[a7]">&gt;&gt;</a>&nbsp;&nbsp;&nbsp;__fpl_dretinf
</UL>

<P><STRONG><a name="[f3]"></a>__aeabi_dcmpeq</STRONG> (Thumb, 0 bytes, Stack size 8 bytes, dcmp.o(x$fpl$fcmp), UNUSED)

<P><STRONG><a name="[b2]"></a>_deq</STRONG> (Thumb, 14 bytes, Stack size 8 bytes, dcmp.o(x$fpl$fcmp), UNUSED)
<BR><BR>[Calls]<UL><LI><a href="#[a8]">&gt;&gt;</a>&nbsp;&nbsp;&nbsp;_dcmpeq
</UL>

<P><STRONG><a name="[b3]"></a>_dneq</STRONG> (Thumb, 14 bytes, Stack size 8 bytes, dcmp.o(x$fpl$fcmp), UNUSED)
<BR><BR>[Calls]<UL><LI><a href="#[a8]">&gt;&gt;</a>&nbsp;&nbsp;&nbsp;_dcmpeq
</UL>

<P><STRONG><a name="[98]"></a>__aeabi_dcmpgt</STRONG> (Thumb, 0 bytes, Stack size 8 bytes, dcmp.o(x$fpl$fcmp))
<BR><BR>[Stack]<UL><LI>Max Depth = 8<LI>Call Chain = __aeabi_dcmpgt
</UL>
<BR>[Called By]<UL><LI><a href="#[96]">&gt;&gt;</a>&nbsp;&nbsp;&nbsp;motor_ajustar_posicion_relativa_diferencial
</UL>

<P><STRONG><a name="[b4]"></a>_dgr</STRONG> (Thumb, 14 bytes, Stack size 8 bytes, dcmp.o(x$fpl$fcmp), UNUSED)
<BR><BR>[Calls]<UL><LI><a href="#[ab]">&gt;&gt;</a>&nbsp;&nbsp;&nbsp;_dcmpge
</UL>

<P><STRONG><a name="[79]"></a>__aeabi_dcmpge</STRONG> (Thumb, 0 bytes, Stack size 8 bytes, dcmp.o(x$fpl$fcmp))
<BR><BR>[Stack]<UL><LI>Max Depth = 8<LI>Call Chain = __aeabi_dcmpge
</UL>
<BR>[Called By]<UL><LI><a href="#[5a]">&gt;&gt;</a>&nbsp;&nbsp;&nbsp;actualizarPID
</UL>

<P><STRONG><a name="[b5]"></a>_dgeq</STRONG> (Thumb, 14 bytes, Stack size 8 bytes, dcmp.o(x$fpl$fcmp), UNUSED)
<BR><BR>[Calls]<UL><LI><a href="#[ab]">&gt;&gt;</a>&nbsp;&nbsp;&nbsp;_dcmpge
</UL>

<P><STRONG><a name="[f4]"></a>__aeabi_dcmple</STRONG> (Thumb, 0 bytes, Stack size 8 bytes, dcmp.o(x$fpl$fcmp), UNUSED)

<P><STRONG><a name="[b6]"></a>_dleq</STRONG> (Thumb, 14 bytes, Stack size 8 bytes, dcmp.o(x$fpl$fcmp), UNUSED)
<BR><BR>[Calls]<UL><LI><a href="#[ac]">&gt;&gt;</a>&nbsp;&nbsp;&nbsp;_dcmple
</UL>

<P><STRONG><a name="[f5]"></a>__aeabi_dcmplt</STRONG> (Thumb, 0 bytes, Stack size 8 bytes, dcmp.o(x$fpl$fcmp), UNUSED)

<P><STRONG><a name="[b7]"></a>_dls</STRONG> (Thumb, 14 bytes, Stack size 8 bytes, dcmp.o(x$fpl$fcmp), UNUSED)
<BR><BR>[Calls]<UL><LI><a href="#[ac]">&gt;&gt;</a>&nbsp;&nbsp;&nbsp;_dcmple
</UL>

<P><STRONG><a name="[b1]"></a>__fpl_fnaninf</STRONG> (Thumb, 140 bytes, Stack size 8 bytes, fnaninf.o(x$fpl$fnaninf), UNUSED)
<BR><BR>[Called By]<UL><LI><a href="#[b0]">&gt;&gt;</a>&nbsp;&nbsp;&nbsp;_f2d
</UL>

<P><STRONG><a name="[3e]"></a>_fp_init</STRONG> (Thumb, 26 bytes, Stack size 0 bytes, fpinit.o(x$fpl$fpinit))
<BR><BR>[Called By]<UL><LI><a href="#[3d]">&gt;&gt;</a>&nbsp;&nbsp;&nbsp;__rt_lib_init_fp_1
</UL>

<P><STRONG><a name="[f6]"></a>__fplib_config_fpu_vfp</STRONG> (Thumb, 0 bytes, Stack size unknown bytes, fpinit.o(x$fpl$fpinit), UNUSED)

<P><STRONG><a name="[f7]"></a>__fplib_config_pureend_doubles</STRONG> (Thumb, 0 bytes, Stack size unknown bytes, fpinit.o(x$fpl$fpinit), UNUSED)

<P><STRONG><a name="[a3]"></a>__fpl_fretinf</STRONG> (Thumb, 10 bytes, Stack size 0 bytes, fretinf.o(x$fpl$fretinf), UNUSED)
<BR><BR>[Called By]<UL><LI><a href="#[a2]">&gt;&gt;</a>&nbsp;&nbsp;&nbsp;_d2f
</UL>
<P>
<H3>
Local Symbols
</H3>
<P><STRONG><a name="[5b]"></a>gpio_leer_pin</STRONG> (Thumb, 24 bytes, Stack size 8 bytes, main.o(.text.gpio_leer_pin))
<BR><BR>[Stack]<UL><LI>Max Depth = 8<LI>Call Chain = gpio_leer_pin
</UL>
<BR>[Called By]<UL><LI><a href="#[2f]">&gt;&gt;</a>&nbsp;&nbsp;&nbsp;GPIO_IRQHandler
</UL>

<P><STRONG><a name="[82]"></a>__NVIC_ClearPendingIRQ</STRONG> (Thumb, 48 bytes, Stack size 4 bytes, motor.o(.text.__NVIC_ClearPendingIRQ))
<BR><BR>[Stack]<UL><LI>Max Depth = 4<LI>Call Chain = __NVIC_ClearPendingIRQ
</UL>
<BR>[Called By]<UL><LI><a href="#[6e]">&gt;&gt;</a>&nbsp;&nbsp;&nbsp;encoder_inicializar
</UL>

<P><STRONG><a name="[83]"></a>__NVIC_EnableIRQ</STRONG> (Thumb, 48 bytes, Stack size 4 bytes, motor.o(.text.__NVIC_EnableIRQ))
<BR><BR>[Stack]<UL><LI>Max Depth = 4<LI>Call Chain = __NVIC_EnableIRQ
</UL>
<BR>[Called By]<UL><LI><a href="#[6e]">&gt;&gt;</a>&nbsp;&nbsp;&nbsp;encoder_inicializar
</UL>

<P><STRONG><a name="[84]"></a>__NVIC_SetPriority</STRONG> (Thumb, 66 bytes, Stack size 8 bytes, motor.o(.text.__NVIC_SetPriority))
<BR><BR>[Stack]<UL><LI>Max Depth = 8<LI>Call Chain = __NVIC_SetPriority
</UL>
<BR>[Called By]<UL><LI><a href="#[6e]">&gt;&gt;</a>&nbsp;&nbsp;&nbsp;encoder_inicializar
</UL>

<P><STRONG><a name="[9e]"></a>gpio_pin_a_0</STRONG> (Thumb, 16 bytes, Stack size 8 bytes, motor.o(.text.gpio_pin_a_0))
<BR><BR>[Stack]<UL><LI>Max Depth = 8<LI>Call Chain = gpio_pin_a_0
</UL>
<BR>[Called By]<UL><LI><a href="#[6b]">&gt;&gt;</a>&nbsp;&nbsp;&nbsp;rele_inicializar
</UL>

<P><STRONG><a name="[9d]"></a>gpio_pin_a_1</STRONG> (Thumb, 16 bytes, Stack size 8 bytes, motor.o(.text.gpio_pin_a_1))
<BR><BR>[Stack]<UL><LI>Max Depth = 8<LI>Call Chain = gpio_pin_a_1
</UL>
<BR>[Called By]<UL><LI><a href="#[72]">&gt;&gt;</a>&nbsp;&nbsp;&nbsp;rele_ON
</UL>

<P><STRONG><a name="[7c]"></a>gpio_leer_pin</STRONG> (Thumb, 24 bytes, Stack size 8 bytes, motor.o(.text.gpio_leer_pin))
<BR><BR>[Stack]<UL><LI>Max Depth = 8<LI>Call Chain = gpio_leer_pin
</UL>
<BR>[Called By]<UL><LI><a href="#[6f]">&gt;&gt;</a>&nbsp;&nbsp;&nbsp;determinar_estado_encoder
</UL>

<P><STRONG><a name="[9f]"></a>uart_calcular_baudrate</STRONG> (Thumb, 672 bytes, Stack size 48 bytes, uart_lpc40xx.o(.text.uart_calcular_baudrate))
<BR><BR>[Stack]<UL><LI>Max Depth = 80<LI>Call Chain = uart_calcular_baudrate &rArr; __aeabi_d2f
</UL>
<BR>[Calls]<UL><LI><a href="#[78]">&gt;&gt;</a>&nbsp;&nbsp;&nbsp;__aeabi_f2d
<LI><a href="#[a0]">&gt;&gt;</a>&nbsp;&nbsp;&nbsp;__aeabi_d2f
</UL>
<BR>[Called By]<UL><LI><a href="#[90]">&gt;&gt;</a>&nbsp;&nbsp;&nbsp;uart_inicializar
</UL>

<P><STRONG><a name="[7a]"></a>gpio_leer_pin</STRONG> (Thumb, 24 bytes, Stack size 8 bytes, scorbot_er_iii.o(.text.gpio_leer_pin))
<BR><BR>[Stack]<UL><LI>Max Depth = 8<LI>Call Chain = gpio_leer_pin
</UL>
<BR>[Called By]<UL><LI><a href="#[68]">&gt;&gt;</a>&nbsp;&nbsp;&nbsp;base_HOME
<LI><a href="#[66]">&gt;&gt;</a>&nbsp;&nbsp;&nbsp;codo_HOME
<LI><a href="#[64]">&gt;&gt;</a>&nbsp;&nbsp;&nbsp;inclinacion_HOME
<LI><a href="#[63]">&gt;&gt;</a>&nbsp;&nbsp;&nbsp;rotacion_HOME
<LI><a href="#[61]">&gt;&gt;</a>&nbsp;&nbsp;&nbsp;hombro_HOME
</UL>

<P><STRONG><a name="[af]"></a>_dadd1</STRONG> (Thumb, 0 bytes, Stack size unknown bytes, daddsub_clz.o(x$fpl$dadd), UNUSED)
<BR><BR>[Called By]<UL><LI><a href="#[ae]">&gt;&gt;</a>&nbsp;&nbsp;&nbsp;_dsub
</UL>

<P><STRONG><a name="[a6]"></a>_dsub1</STRONG> (Thumb, 0 bytes, Stack size unknown bytes, daddsub_clz.o(x$fpl$dsub), UNUSED)
<BR><BR>[Called By]<UL><LI><a href="#[a5]">&gt;&gt;</a>&nbsp;&nbsp;&nbsp;_dadd
</UL>

<P><STRONG><a name="[35]"></a>_printf_input_char</STRONG> (Thumb, 10 bytes, Stack size 0 bytes, _printf_char_common.o(.text))
<BR>[Address Reference Count : 1]<UL><LI> _printf_char_common.o(.text)
</UL><P>
<H3>
Undefined Global Symbols
</H3><HR></body></html>
